Archive member included to satisfy reference by file (symbol)

c:/nxp/mcuxpressoide_10.3.0_2200/ide/plugins/com.nxp.mcuxpresso.tools.win32_10.3.0.201811011841/tools/bin/../lib/gcc/arm-none-eabi/7.3.1/thumb/v6-m\libgcc.a(_udivsi3.o)
                              ./utilities/fsl_debug_console.o (__aeabi_uidiv)
c:/nxp/mcuxpressoide_10.3.0_2200/ide/plugins/com.nxp.mcuxpresso.tools.win32_10.3.0.201811011841/tools/bin/../lib/gcc/arm-none-eabi/7.3.1/thumb/v6-m\libgcc.a(_divsi3.o)
                              ./utilities/fsl_debug_console.o (__aeabi_idiv)
c:/nxp/mcuxpressoide_10.3.0_2200/ide/plugins/com.nxp.mcuxpresso.tools.win32_10.3.0.201811011841/tools/bin/../lib/gcc/arm-none-eabi/7.3.1/thumb/v6-m\libgcc.a(_dvmd_tls.o)
                              c:/nxp/mcuxpressoide_10.3.0_2200/ide/plugins/com.nxp.mcuxpresso.tools.win32_10.3.0.201811011841/tools/bin/../lib/gcc/arm-none-eabi/7.3.1/thumb/v6-m\libgcc.a(_udivsi3.o) (__aeabi_idiv0)
c:/nxp/mcuxpressoide_10.3.0_2200/ide/plugins/com.nxp.mcuxpresso.tools.win32_10.3.0.201811011841/tools/bin/../lib/gcc/arm-none-eabi/7.3.1/thumb/v6-m\libgcc.a(_aeabi_uldivmod.o)
                              ./source/pit_timer/pittimer.o (__aeabi_uldivmod)
c:/nxp/mcuxpressoide_10.3.0_2200/ide/plugins/com.nxp.mcuxpresso.tools.win32_10.3.0.201811011841/tools/bin/../lib/gcc/arm-none-eabi/7.3.1/thumb/v6-m\libgcc.a(_muldi3.o)
                              ./source/pit_timer/pittimer.o (__aeabi_lmul)
c:/nxp/mcuxpressoide_10.3.0_2200/ide/plugins/com.nxp.mcuxpresso.tools.win32_10.3.0.201811011841/tools/bin/../lib/gcc/arm-none-eabi/7.3.1/thumb/v6-m\libgcc.a(_udivmoddi4.o)
                              c:/nxp/mcuxpressoide_10.3.0_2200/ide/plugins/com.nxp.mcuxpresso.tools.win32_10.3.0.201811011841/tools/bin/../lib/gcc/arm-none-eabi/7.3.1/thumb/v6-m\libgcc.a(_aeabi_uldivmod.o) (__udivmoddi4)
c:/nxp/mcuxpressoide_10.3.0_2200/ide/plugins/com.nxp.mcuxpresso.tools.win32_10.3.0.201811011841/tools/bin/../lib/gcc/arm-none-eabi/7.3.1/thumb/v6-m\libgcc.a(unwind-arm.o)
                              ./startup/startup_mkl25z4.o (__aeabi_unwind_cpp_pr0)
c:/nxp/mcuxpressoide_10.3.0_2200/ide/plugins/com.nxp.mcuxpresso.tools.win32_10.3.0.201811011841/tools/bin/../lib/gcc/arm-none-eabi/7.3.1/thumb/v6-m\libgcc.a(libunwind.o)
                              c:/nxp/mcuxpressoide_10.3.0_2200/ide/plugins/com.nxp.mcuxpresso.tools.win32_10.3.0.201811011841/tools/bin/../lib/gcc/arm-none-eabi/7.3.1/thumb/v6-m\libgcc.a(unwind-arm.o) (restore_core_regs)
c:/nxp/mcuxpressoide_10.3.0_2200/ide/plugins/com.nxp.mcuxpresso.tools.win32_10.3.0.201811011841/tools/bin/../lib/gcc/arm-none-eabi/7.3.1/thumb/v6-m\libgcc.a(pr-support.o)
                              c:/nxp/mcuxpressoide_10.3.0_2200/ide/plugins/com.nxp.mcuxpresso.tools.win32_10.3.0.201811011841/tools/bin/../lib/gcc/arm-none-eabi/7.3.1/thumb/v6-m\libgcc.a(unwind-arm.o) (__gnu_unwind_execute)
c:/nxp/mcuxpressoide_10.3.0_2200/ide/plugins/com.nxp.mcuxpresso.tools.win32_10.3.0.201811011841/tools/bin/../lib/gcc/arm-none-eabi/7.3.1/thumb/v6-m\libgcc.a(_clzdi2.o)
                              c:/nxp/mcuxpressoide_10.3.0_2200/ide/plugins/com.nxp.mcuxpresso.tools.win32_10.3.0.201811011841/tools/bin/../lib/gcc/arm-none-eabi/7.3.1/thumb/v6-m\libgcc.a(_udivmoddi4.o) (__clzdi2)
c:/nxp/mcuxpressoide_10.3.0_2200/ide/plugins/com.nxp.mcuxpresso.tools.win32_10.3.0.201811011841/tools/bin/../lib/gcc/arm-none-eabi/7.3.1/thumb/v6-m\libgcc.a(_clzsi2.o)
                              c:/nxp/mcuxpressoide_10.3.0_2200/ide/plugins/com.nxp.mcuxpresso.tools.win32_10.3.0.201811011841/tools/bin/../lib/gcc/arm-none-eabi/7.3.1/thumb/v6-m\libgcc.a(_clzdi2.o) (__clzsi2)
c:/nxp/mcuxpressoide_10.3.0_2200/ide/plugins/com.nxp.mcuxpresso.tools.win32_10.3.0.201811011841/tools/bin/../lib/gcc/arm-none-eabi/7.3.1/../../../../arm-none-eabi/lib/thumb/v6-m\libc_nano.a(lib_a-abort.o)
                              c:/nxp/mcuxpressoide_10.3.0_2200/ide/plugins/com.nxp.mcuxpresso.tools.win32_10.3.0.201811011841/tools/bin/../lib/gcc/arm-none-eabi/7.3.1/thumb/v6-m\libgcc.a(unwind-arm.o) (abort)
c:/nxp/mcuxpressoide_10.3.0_2200/ide/plugins/com.nxp.mcuxpresso.tools.win32_10.3.0.201811011841/tools/bin/../lib/gcc/arm-none-eabi/7.3.1/../../../../arm-none-eabi/lib/thumb/v6-m\libc_nano.a(lib_a-aeabi_atexit.o)
                              ./source/MKL25Z128xxx4_Project.o (__aeabi_atexit)
c:/nxp/mcuxpressoide_10.3.0_2200/ide/plugins/com.nxp.mcuxpresso.tools.win32_10.3.0.201811011841/tools/bin/../lib/gcc/arm-none-eabi/7.3.1/../../../../arm-none-eabi/lib/thumb/v6-m\libc_nano.a(lib_a-bzero.o)
                              ./source/UART/L_BUFER.o (bzero)
c:/nxp/mcuxpressoide_10.3.0_2200/ide/plugins/com.nxp.mcuxpresso.tools.win32_10.3.0.201811011841/tools/bin/../lib/gcc/arm-none-eabi/7.3.1/../../../../arm-none-eabi/lib/thumb/v6-m\libc_nano.a(lib_a-cxa_atexit.o)
[...]
Memory Configuration

Name             Origin             Length             Attributes
PROGRAM_FLASH    0x00000000         0x00020000         xr
SRAM             0x1ffff000         0x00004000         xrw
*default*        0x00000000         0xffffffff

Linker script and memory map

LOAD ./utilities/fsl_debug_console.o
LOAD ./startup/startup_mkl25z4.o
LOAD ./source/pit_timer/pittimer.o
LOAD ./source/ele_protocol/EleComunicate.o
LOAD ./source/UART/L_BUFER.o
LOAD ./source/MKL25Z128xxx4_Project.o
LOAD ./source/mtb.o
LOAD ./source/semihost_hardfault.o
LOAD ./drivers/fsl_adc16.o
LOAD ./drivers/fsl_clock.o
LOAD ./drivers/fsl_cmp.o
LOAD ./drivers/fsl_common.o
LOAD ./drivers/fsl_cop.o
LOAD ./drivers/fsl_dac.o
LOAD ./drivers/fsl_dma.o
LOAD ./drivers/fsl_dmamux.o
LOAD ./drivers/fsl_flash.o
LOAD ./drivers/fsl_gpio.o
LOAD ./drivers/fsl_i2c.o
LOAD ./drivers/fsl_i2c_dma.o
LOAD ./drivers/fsl_llwu.o
LOAD ./drivers/fsl_lpsci.o
LOAD ./drivers/fsl_lpsci_dma.o
LOAD ./drivers/fsl_lptmr.o
LOAD ./drivers/fsl_pit.o
LOAD ./drivers/fsl_pmc.o
LOAD ./drivers/fsl_rcm.o
LOAD ./drivers/fsl_rtc.o
LOAD ./drivers/fsl_sim.o
LOAD ./drivers/fsl_smc.o
LOAD ./drivers/fsl_spi.o
LOAD ./drivers/fsl_spi_dma.o
LOAD ./drivers/fsl_tpm.o
LOAD ./drivers/fsl_tsi_v4.o
LOAD ./drivers/fsl_uart.o
LOAD ./drivers/fsl_uart_dma.o
LOAD ./board/board.o
LOAD ./board/clock_config.o
LOAD ./board/peripherals.o
LOAD ./board/pin_mux.o
LOAD ./CMSIS_driver/fsl_i2c_cmsis.o
LOAD ./CMSIS_driver/fsl_lpsci_cmsis.o
LOAD ./CMSIS_driver/fsl_spi_cmsis.o
LOAD ./CMSIS_driver/fsl_uart_cmsis.o
LOAD ./CMSIS/system_MKL25Z4.o
START GROUP
LOAD c:/nxp/mcuxpressoide_10.3.0_2200/ide/plugins/com.nxp.mcuxpresso.tools.win32_10.3.0.201811011841/tools/bin/../lib/gcc/arm-none-eabi/7.3.1/thumb/v6-m\libgcc.a
LOAD c:/nxp/mcuxpressoide_10.3.0_2200/ide/plugins/com.nxp.mcuxpresso.tools.win32_10.3.0.201811011841/tools/bin/../lib/gcc/arm-none-eabi/7.3.1/../../../../arm-none-eabi/lib/thumb/v6-m\libc_nano.a
LOAD c:/nxp/mcuxpressoide_10.3.0_2200/ide/plugins/com.nxp.mcuxpresso.tools.win32_10.3.0.201811011841/tools/bin/../lib/gcc/arm-none-eabi/7.3.1/../../../../arm-none-eabi/lib/thumb/v6-m\libstdc++_nano.a
LOAD c:/nxp/mcuxpressoide_10.3.0_2200/ide/plugins/com.nxp.mcuxpresso.tools.win32_10.3.0.201811011841/tools/bin/../lib/gcc/arm-none-eabi/7.3.1/../../../../arm-none-eabi/lib/thumb/v6-m\libm.a
LOAD c:/nxp/mcuxpressoide_10.3.0_2200/ide/plugins/com.nxp.mcuxpresso.tools.win32_10.3.0.201811011841/tools/bin/../lib/gcc/arm-none-eabi/7.3.1/../../../../arm-none-eabi/lib/thumb/v6-m\libcr_newlib_nohost.a
LOAD c:/nxp/mcuxpressoide_10.3.0_2200/ide/plugins/com.nxp.mcuxpresso.tools.win32_10.3.0.201811011841/tools/bin/../lib/gcc/arm-none-eabi/7.3.1/thumb/v6-m\crti.o
LOAD c:/nxp/mcuxpressoide_10.3.0_2200/ide/plugins/com.nxp.mcuxpresso.tools.win32_10.3.0.201811011841/tools/bin/../lib/gcc/arm-none-eabi/7.3.1/thumb/v6-m\crtn.o
LOAD c:/nxp/mcuxpressoide_10.3.0_2200/ide/plugins/com.nxp.mcuxpresso.tools.win32_10.3.0.201811011841/tools/bin/../lib/gcc/arm-none-eabi/7.3.1/thumb/v6-m\crtbegin.o
LOAD c:/nxp/mcuxpressoide_10.3.0_2200/ide/plugins/com.nxp.mcuxpresso.tools.win32_10.3.0.201811011841/tools/bin/../lib/gcc/arm-none-eabi/7.3.1/thumb/v6-m\crtend.o
END GROUP
                0x00000000                __base_PROGRAM_FLASH = 0x0
                0x00000000                __base_Flash = 0x0
                0x00020000                __top_PROGRAM_FLASH = 0x20000
                0x00020000                __top_Flash = 0x20000
                0x1ffff000                __base_SRAM = 0x1ffff000
                0x1ffff000                __base_RAM = 0x1ffff000
                0x20003000                __top_SRAM = 0x20003000
                0x20003000                __top_RAM = 0x20003000

.text           0x00000000     0x62ac
 FILL mask 0xff
                0x00000000                __vectors_start__ = ABSOLUTE (.)
 *(.isr_vector)
 .isr_vector    0x00000000       0xc0 ./startup/startup_mkl25z4.o
                0x00000000                g_pfnVectors
                0x00000000                __Vectors
                0x000000c0                . = ALIGN (0x4)
                0x000000c0                __section_table_start = .
                0x000000c0                __data_section_table = .
                0x000000c0        0x4 LONG 0x65a4 LOADADDR (.data)
                0x000000c4        0x4 LONG 0x1ffff080 ADDR (.data)
                0x000000c8        0x4 LONG 0x7c SIZEOF (.data)
                0x000000cc                __data_section_table_end = .
                0x000000cc                __bss_section_table = .
                0x000000cc        0x4 LONG 0x1ffff0fc ADDR (.bss)
                0x000000d0        0x4 LONG 0xec SIZEOF (.bss)
                0x000000d4                __bss_section_table_end = .
                0x000000d4                __section_table_end = .
 *(.after_vectors*)
 .after_vectors.init_data
                0x000000d4       0x16 ./startup/startup_mkl25z4.o
                0x000000d4                data_init(unsigned int, unsigned int, unsigned int)
 .after_vectors.init_bss
                0x000000ea       0x12 ./startup/startup_mkl25z4.o
                0x000000ea                bss_init(unsigned int, unsigned int)
 .after_vectors.reset
                0x000000fc       0x50 ./startup/startup_mkl25z4.o
                0x000000fc                ResetISR
 .after_vectors
                0x0000014c      0x10c ./startup/startup_mkl25z4.o
                0x0000014c                NMI_Handler
                0x00000150                SVC_Handler
                0x00000152                PendSV_Handler
                0x00000154                SysTick_Handler
                0x00000156                LPTMR0_DriverIRQHandler
                0x00000156                PORTD_DriverIRQHandler
                0x00000156                Reserved39_DriverIRQHandler
                0x00000156                CMP0_DriverIRQHandler
                0x00000156                ADC0_DriverIRQHandler
                0x00000156                LVD_LVW_DriverIRQHandler
                0x00000156                TPM2_DriverIRQHandler
                0x00000156                PIT_DriverIRQHandler
                0x00000156                RTC_DriverIRQHandler
                0x00000156                TSI0_DriverIRQHandler
                0x00000156                RTC_Seconds_DriverIRQHandler
                0x00000156                TPM1_DriverIRQHandler
                0x00000156                LLWU_DriverIRQHandler
                0x00000156                MCG_DriverIRQHandler
                0x00000156                PORTA_DriverIRQHandler
                0x00000156                Reserved45_DriverIRQHandler
                0x00000156                Reserved20_DriverIRQHandler
                0x00000156                FTFA_DriverIRQHandler
                0x00000156                IntDefaultHandler
                0x00000156                USB0_DriverIRQHandler
                0x00000156                DAC0_DriverIRQHandler
                0x00000156                TPM0_DriverIRQHandler
                0x00000158                DMA0_IRQHandler
                0x00000160                DMA1_IRQHandler
                0x00000168                DMA2_IRQHandler
                0x00000170                DMA3_IRQHandler
                0x00000178                Reserved20_IRQHandler
                0x00000180                FTFA_IRQHandler
                0x00000188                LVD_LVW_IRQHandler
                0x00000190                LLWU_IRQHandler
                0x00000198                I2C0_IRQHandler
                0x000001a0                I2C1_IRQHandler
                0x000001a8                SPI0_IRQHandler
                0x000001b0                SPI1_IRQHandler
                0x000001c0                UART1_IRQHandler
                0x000001c8                UART2_IRQHandler
                0x000001d0                ADC0_IRQHandler
                0x000001d8                CMP0_IRQHandler
                0x000001e0                TPM0_IRQHandler
                0x000001e8                TPM1_IRQHandler
                0x000001f0                TPM2_IRQHandler
                0x000001f8                RTC_IRQHandler
                0x00000200                RTC_Seconds_IRQHandler
                0x00000210                Reserved39_IRQHandler
                0x00000218                USB0_IRQHandler
                0x00000220                DAC0_IRQHandler
                0x00000228                TSI0_IRQHandler
                0x00000230                MCG_IRQHandler
                0x00000238                LPTMR0_IRQHandler
                0x00000240                Reserved45_IRQHandler
                0x00000248                PORTA_IRQHandler
                0x00000250                PORTD_IRQHandler
                0x00000400                . = 0x400
 *fill*         0x00000258      0x1a8 ff
                0x00000400                PROVIDE (__FLASH_CONFIG_START__ = .)
 *(.FlashConfig)
 .FlashConfig   0x00000400       0x10 ./startup/startup_mkl25z4.o
                0x00000410                PROVIDE (__FLASH_CONFIG_END__ = .)
                0x00000001                ASSERT (! ((__FLASH_CONFIG_START__ == __FLASH_CONFIG_END__)), Linker Flash Config Support Enabled, but no .FlashConfig section provided within application)
 *(.text*)
 .text.UART_EnableTx
                0x00000410       0x40 ./utilities/fsl_debug_console.o
 .text.UART_EnableRx
                0x00000450       0x40 ./utilities/fsl_debug_console.o
 .text.LPSCI_EnableTx
                0x00000490       0x40 ./utilities/fsl_debug_console.o
 .text.LPSCI_EnableRx
                0x000004d0       0x40 ./utilities/fsl_debug_console.o
 .text.DbgConsole_Init
                0x00000510       0xf4 ./utilities/fsl_debug_console.o
                0x00000510                DbgConsole_Init
 .text.DbgConsole_Printf
                0x00000604       0x44 ./utilities/fsl_debug_console.o
                0x00000604                DbgConsole_Printf
 .text.DbgConsole_Putchar
                0x00000648       0x34 ./utilities/fsl_debug_console.o
                0x00000648                DbgConsole_Putchar
 .text.DbgConsole_PrintfPaddingCharacter
                0x0000067c       0x46 ./utilities/fsl_debug_console.o
 .text.DbgConsole_ConvertRadixNumToString
                0x000006c2      0x114 ./utilities/fsl_debug_console.o
 .text.DbgConsole_PrintfFormattedData
                0x000007d6      0x32c ./utilities/fsl_debug_console.o
 *fill*         0x00000b02        0x2 ff
 .text          0x00000b04      0x2f4 ./source/pit_timer/pittimer.o
                0x00000ca6                pit_init(Ele_Comunicate*)
                0x00000d88                PIT_IRQHandler
 .text          0x00000df8      0xaec ./source/ele_protocol/EleComunicate.o
                0x00000e36                Ele_Comunicate::Ele_Comunicate(unsigned char)
                0x00000e36                Ele_Comunicate::Ele_Comunicate(unsigned char)
                0x00000ec8                Ele_Comunicate::~Ele_Comunicate()
                0x00000ec8                Ele_Comunicate::~Ele_Comunicate()
                0x00000ee4                Ele_Comunicate::~Ele_Comunicate()
                0x00000f0c                Ele_Comunicate::calculateCRC(unsigned char*, unsigned char)
                0x00000f84                Ele_Comunicate::createPacket(unsigned char, unsigned char, unsigned char*, unsigned char)
                0x000010d0                Ele_Comunicate::read_Packet(L_BUFER*)
                0x000011f4                Ele_Comunicate::reset_watchDog()
                0x0000121e                Ele_Comunicate::Send()
                0x00001256                Ele_Comunicate::lock_Elevator_Cabin()
                0x00001290                Ele_Comunicate::unlock_Elevator_Cabin()
                0x000012c8                Ele_Comunicate::isAck_paket()
                0x0000130e                Ele_Comunicate::printOnTerminal(char*)
                0x00001348                Ele_Comunicate::turnled_ON(unsigned char)
                0x000013c2                Ele_Comunicate::turnled_OFF(unsigned char)
                0x0000143c                Ele_Comunicate::go_motor(unsigned char)
                0x000014b4                Ele_Comunicate::stop_motor()
                0x000014e8                Ele_Comunicate::reset_emerigenci_break()
                0x00001512                Ele_Comunicate::get_elevator_default_position()
                0x00001578                Ele_Comunicate::elevator_task()
                0x000015ac                Ele_Comunicate::pars_comand_limitSwitch_function()
                0x000017e0                Ele_Comunicate::pars_comand_button_function()
 .text          0x000018e4      0x334 ./source/UART/L_BUFER.o
                0x0000193c                initUart()
                0x000019a0                __sys_write(int, char*, int)
                0x000019c8                UART0_IRQHandler
                0x00001aa0                L_BUFER::L_BUFER(unsigned char*, unsigned char)
                0x00001aa0                L_BUFER::L_BUFER(unsigned char*, unsigned char)
                0x00001b00                L_BUFER::~L_BUFER()
                0x00001b00                L_BUFER::~L_BUFER()
                0x00001b1c                L_BUFER::~L_BUFER()
                0x00001b40                L_BUFER::writ_to_Buff(unsigned char)
                0x00001bb2                L_BUFER::read_from_Buff(unsigned char*)
 .text          0x00001c18       0xf0 ./source/MKL25Z128xxx4_Project.o
                0x00001c18                main
 .text.HardFault_Handler
                0x00001d08       0x30 ./source/semihost_hardfault.o
                0x00001d08                HardFault_Handler
 .text.CLOCK_SetEr32kClock
                0x00001d38       0x34 ./drivers/fsl_clock.o
 .text.CLOCK_SetPllFllSelClock
                0x00001d6c       0x38 ./drivers/fsl_clock.o
 .text.OSC_SetExtRefClkConfig
                0x00001da4       0x3e ./drivers/fsl_clock.o
 .text.OSC_SetCapLoad
                0x00001de2       0x42 ./drivers/fsl_clock.o
 .text.CLOCK_GetMcgExtClkFreq
                0x00001e24       0x34 ./drivers/fsl_clock.o
 .text.CLOCK_GetFllExtRefClkFreq
                0x00001e58       0xa4 ./drivers/fsl_clock.o
 .text.CLOCK_GetInternalRefClkSelectFreq
                0x00001efc       0x40 ./drivers/fsl_clock.o
 .text.CLOCK_GetFllRefClkFreq
                0x00001f3c       0x2c ./drivers/fsl_clock.o
 .text.CLOCK_GetPll0RefFreq
                0x00001f68       0x10 ./drivers/fsl_clock.o
 .text.CLOCK_GetOscRangeFromFreq
                0x00001f78       0x4c ./drivers/fsl_clock.o
 .text.CLOCK_GetOsc0ErClkFreq
                0x00001fc4       0x4c ./drivers/fsl_clock.o
                0x00001fc4                CLOCK_GetOsc0ErClkFreq
 .text.CLOCK_GetEr32kClkFreq
                0x00002010       0x84 ./drivers/fsl_clock.o
                0x00002010                CLOCK_GetEr32kClkFreq
 .text.CLOCK_GetPllFllSelClkFreq
                0x00002094       0x4c ./drivers/fsl_clock.o
                0x00002094                CLOCK_GetPllFllSelClkFreq
 .text.CLOCK_GetFreq
                0x000020e0       0xe0 ./drivers/fsl_clock.o
                0x000020e0                CLOCK_GetFreq
 .text.CLOCK_SetSimConfig
                0x000021c0       0x38 ./drivers/fsl_clock.o
                0x000021c0                CLOCK_SetSimConfig
 .text.CLOCK_GetOutClkFreq
                0x000021f8       0x60 ./drivers/fsl_clock.o
                0x000021f8                CLOCK_GetOutClkFreq
 .text.CLOCK_GetFllFreq
                0x00002258       0x84 ./drivers/fsl_clock.o
                0x00002258                CLOCK_GetFllFreq
 .text.CLOCK_GetInternalRefClkFreq
                0x000022dc       0x28 ./drivers/fsl_clock.o
                0x000022dc                CLOCK_GetInternalRefClkFreq
 .text.CLOCK_GetFixedFreqClkFreq
                0x00002304       0x30 ./drivers/fsl_clock.o
                0x00002304                CLOCK_GetFixedFreqClkFreq
 .text.CLOCK_GetPll0Freq
                0x00002334       0x80 ./drivers/fsl_clock.o
                0x00002334                CLOCK_GetPll0Freq
 .text.CLOCK_SetExternalRefClkConfig
                0x000023b4       0x16 ./drivers/fsl_clock.o
                0x000023b4                CLOCK_SetExternalRefClkConfig
 *fill*         0x000023ca        0x2 ff
 .text.CLOCK_SetInternalRefClkConfig
                0x000023cc      0x128 ./drivers/fsl_clock.o
                0x000023cc                CLOCK_SetInternalRefClkConfig
 .text.CLOCK_EnablePll0
                0x000024f4       0xa0 ./drivers/fsl_clock.o
                0x000024f4                CLOCK_EnablePll0
 .text.CLOCK_InitOsc0
                0x00002594       0x94 ./drivers/fsl_clock.o
                0x00002594                CLOCK_InitOsc0
 .text.CLOCK_SetPbeMode
                0x00002628       0xc0 ./drivers/fsl_clock.o
                0x00002628                CLOCK_SetPbeMode
 .text.CLOCK_BootToPeeMode
                0x000026e8       0x80 ./drivers/fsl_clock.o
                0x000026e8                CLOCK_BootToPeeMode
 .text.__assert_func
                0x00002768       0x28 ./drivers/fsl_common.o
                0x00002768                __assert_func
 .text.DMA_ClearChannelStatusFlags
                0x00002790       0x64 ./drivers/fsl_dma.o
 .text.DMA_HandleIRQ
                0x000027f4       0x60 ./drivers/fsl_dma.o
                0x000027f4                DMA_HandleIRQ
 .text.DMA0_DriverIRQHandler
                0x00002854       0x18 ./drivers/fsl_dma.o
                0x00002854                DMA0_DriverIRQHandler
 .text.DMA1_DriverIRQHandler
                0x0000286c       0x18 ./drivers/fsl_dma.o
                0x0000286c                DMA1_DriverIRQHandler
 .text.DMA2_DriverIRQHandler
                0x00002884       0x18 ./drivers/fsl_dma.o
                0x00002884                DMA2_DriverIRQHandler
 .text.DMA3_DriverIRQHandler
                0x0000289c       0x18 ./drivers/fsl_dma.o
                0x0000289c                DMA3_DriverIRQHandler
 .text.I2C_TransferCommonIRQHandler
                0x000028b4       0x54 ./drivers/fsl_i2c.o
 .text.I2C0_DriverIRQHandler
                0x00002908       0x20 ./drivers/fsl_i2c.o
                0x00002908                I2C0_DriverIRQHandler
 .text.I2C1_DriverIRQHandler
                0x00002928       0x20 ./drivers/fsl_i2c.o
                0x00002928                I2C1_DriverIRQHandler
 .text.CLOCK_EnableClock
                0x00002948       0x34 ./drivers/fsl_lpsci.o
 .text.LPSCI_GetInstance
                0x0000297c       0x54 ./drivers/fsl_lpsci.o
                0x0000297c                LPSCI_GetInstance
 .text.LPSCI_Init
                0x000029d0      0x270 ./drivers/fsl_lpsci.o
                0x000029d0                LPSCI_Init
 .text.LPSCI_GetDefaultConfig
                0x00002c40       0x54 ./drivers/fsl_lpsci.o
                0x00002c40                LPSCI_GetDefaultConfig
 .text.LPSCI_EnableInterrupts
                0x00002c94       0x58 ./drivers/fsl_lpsci.o
                0x00002c94                LPSCI_EnableInterrupts
 .text.LPSCI_DisableInterrupts
                0x00002cec       0x64 ./drivers/fsl_lpsci.o
                0x00002cec                LPSCI_DisableInterrupts
 .text.LPSCI_GetStatusFlags
                0x00002d50       0x26 ./drivers/fsl_lpsci.o
                0x00002d50                LPSCI_GetStatusFlags
 *fill*         0x00002d76        0x2 ff
 .text.LPSCI_ClearStatusFlags
                0x00002d78       0x94 ./drivers/fsl_lpsci.o
                0x00002d78                LPSCI_ClearStatusFlags
 .text.LPSCI_WriteBlocking
                0x00002e0c       0x5c ./drivers/fsl_lpsci.o
                0x00002e0c                LPSCI_WriteBlocking
 .text.LPSCI_ReadBlocking
                0x00002e68       0xd0 ./drivers/fsl_lpsci.o
                0x00002e68                LPSCI_ReadBlocking
 .text.UART0_DriverIRQHandler
                0x00002f38       0x24 ./drivers/fsl_lpsci.o
                0x00002f38                UART0_DriverIRQHandler
 .text.CLOCK_EnableClock
                0x00002f5c       0x34 ./drivers/fsl_pit.o
 .text.PIT_GetInstance
                0x00002f90       0x54 ./drivers/fsl_pit.o
 .text.PIT_Init
                0x00002fe4       0x78 ./drivers/fsl_pit.o
                0x00002fe4                PIT_Init
 .text.SPI_CommonIRQHandler
                0x0000305c       0x54 ./drivers/fsl_spi.o
 .text.SPI0_DriverIRQHandler
                0x000030b0       0x40 ./drivers/fsl_spi.o
                0x000030b0                SPI0_DriverIRQHandler
 .text.SPI1_DriverIRQHandler
                0x000030f0       0x40 ./drivers/fsl_spi.o
                0x000030f0                SPI1_DriverIRQHandler
 .text.CLOCK_EnableClock
                0x00003130       0x34 ./drivers/fsl_uart.o
 .text.UART_GetInstance
                0x00003164       0x60 ./drivers/fsl_uart.o
                0x00003164                UART_GetInstance
 .text.UART_Init
                0x000031c4      0x1f8 ./drivers/fsl_uart.o
                0x000031c4                UART_Init
 .text.UART_GetDefaultConfig
                0x000033bc       0x54 ./drivers/fsl_uart.o
                0x000033bc                UART_GetDefaultConfig
 .text.UART_GetStatusFlags
                0x00003410       0x26 ./drivers/fsl_uart.o
                0x00003410                UART_GetStatusFlags
 .text.UART_WriteBlocking
                0x00003436       0x3a ./drivers/fsl_uart.o
                0x00003436                UART_WriteBlocking
 .text.UART_ReadBlocking
                0x00003470       0xa8 ./drivers/fsl_uart.o
                0x00003470                UART_ReadBlocking
 .text.UART1_DriverIRQHandler
                0x00003518       0x24 ./drivers/fsl_uart.o
                0x00003518                UART1_DriverIRQHandler
 .text.UART2_DriverIRQHandler
                0x0000353c       0x24 ./drivers/fsl_uart.o
                0x0000353c                UART2_DriverIRQHandler
 .text.CLOCK_SetLpsci0Clock
                0x00003560       0x38 ./board/board.o
 .text.BOARD_InitDebugConsole
                0x00003598       0x30 ./board/board.o
                0x00003598                BOARD_InitDebugConsole
 .text.CLOCK_SetSimSafeDivs
                0x000035c8       0x20 ./board/clock_config.o
 .text.CLOCK_SetXtal0Freq
                0x000035e8       0x1c ./board/clock_config.o
 .text.BOARD_InitBootClocks
                0x00003604        0xe ./board/clock_config.o
                0x00003604                BOARD_InitBootClocks
 *fill*         0x00003612        0x2 ff
 .text.CLOCK_CONFIG_SetFllExtRefDiv
                0x00003614       0x3c ./board/clock_config.o
 .text.BOARD_BootClockRUN
                0x00003650       0x64 ./board/clock_config.o
                0x00003650                BOARD_BootClockRUN
 .text.BOARD_InitBootPeripherals
                0x000036b4        0xa ./board/peripherals.o
                0x000036b4                BOARD_InitBootPeripherals
 *fill*         0x000036be        0x2 ff
 .text.CLOCK_EnableClock
                0x000036c0       0x34 ./board/pin_mux.o
 .text.PORT_SetPinMux
                0x000036f4       0x40 ./board/pin_mux.o
 .text.BOARD_InitBootPins
                0x00003734        0xe ./board/pin_mux.o
                0x00003734                BOARD_InitBootPins
 *fill*         0x00003742        0x2 ff
 .text.BOARD_InitPins
                0x00003744       0x4c ./board/pin_mux.o
                0x00003744                BOARD_InitPins
 .text.SystemInit
                0x00003790       0x18 ./CMSIS/system_MKL25Z4.o
                0x00003790                SystemInit
 .text          0x000037a8      0x114 c:/nxp/mcuxpressoide_10.3.0_2200/ide/plugins/com.nxp.mcuxpresso.tools.win32_10.3.0.201811011841/tools/bin/../lib/gcc/arm-none-eabi/7.3.1/thumb/v6-m\libgcc.a(_udivsi3.o)
                0x000037a8                __aeabi_uidiv
                0x000037a8                __udivsi3
                0x000038b4                __aeabi_uidivmod
 .text          0x000038bc      0x1d4 c:/nxp/mcuxpressoide_10.3.0_2200/ide/plugins/com.nxp.mcuxpresso.tools.win32_10.3.0.201811011841/tools/bin/../lib/gcc/arm-none-eabi/7.3.1/thumb/v6-m\libgcc.a(_divsi3.o)
                0x000038bc                __divsi3
                0x000038bc                __aeabi_idiv
                0x00003a88                __aeabi_idivmod
 .text          0x00003a90        0x4 c:/nxp/mcuxpressoide_10.3.0_2200/ide/plugins/com.nxp.mcuxpresso.tools.win32_10.3.0.201811011841/tools/bin/../lib/gcc/arm-none-eabi/7.3.1/thumb/v6-m\libgcc.a(_dvmd_tls.o)
                0x00003a90                __aeabi_idiv0
                0x00003a90                __aeabi_ldiv0
 .text          0x00003a94       0x40 c:/nxp/mcuxpressoide_10.3.0_2200/ide/plugins/com.nxp.mcuxpresso.tools.win32_10.3.0.201811011841/tools/bin/../lib/gcc/arm-none-eabi/7.3.1/thumb/v6-m\libgcc.a(_aeabi_uldivmod.o)
                0x00003a94                __aeabi_uldivmod
 .text          0x00003ad4       0x54 c:/nxp/mcuxpressoide_10.3.0_2200/ide/plugins/com.nxp.mcuxpresso.tools.win32_10.3.0.201811011841/tools/bin/../lib/gcc/arm-none-eabi/7.3.1/thumb/v6-m\libgcc.a(_muldi3.o)
                0x00003ad4                __muldi3
                0x00003ad4                __aeabi_lmul
 .text          0x00003b28      0x184 c:/nxp/mcuxpressoide_10.3.0_2200/ide/plugins/com.nxp.mcuxpresso.tools.win32_10.3.0.201811011841/tools/bin/../lib/gcc/arm-none-eabi/7.3.1/thumb/v6-m\libgcc.a(_udivmoddi4.o)
                0x00003b28                __udivmoddi4
 .text          0x00003cac      0xa08 c:/nxp/mcuxpressoide_10.3.0_2200/ide/plugins/com.nxp.mcuxpresso.tools.win32_10.3.0.201811011841/tools/bin/../lib/gcc/arm-none-eabi/7.3.1/thumb/v6-m\libgcc.a(unwind-arm.o)
                0x00003f68                _Unwind_GetCFA
                0x00003f6c                __gnu_Unwind_RaiseException
                0x00003fc0                __gnu_Unwind_ForcedUnwind
                0x00003fd4                __gnu_Unwind_Resume
                0x0000401c                __gnu_Unwind_Resume_or_Rethrow
                0x00004038                _Unwind_Complete
                0x0000403c                _Unwind_DeleteException
                0x0000404c                _Unwind_VRS_Get
                0x00004094                _Unwind_VRS_Set
                0x000040dc                __gnu_Unwind_Backtrace
                0x0000442c                __aeabi_unwind_cpp_pr0
                0x00004438                __aeabi_unwind_cpp_pr1
                0x00004444                __aeabi_unwind_cpp_pr2
                0x00004450                _Unwind_VRS_Pop
 .text          0x000046b4      0x144 c:/nxp/mcuxpressoide_10.3.0_2200/ide/plugins/com.nxp.mcuxpresso.tools.win32_10.3.0.201811011841/tools/bin/../lib/gcc/arm-none-eabi/7.3.1/thumb/v6-m\libgcc.a(libunwind.o)
                0x000046b4                __restore_core_regs
                0x000046b4                restore_core_regs
                0x000046e0                __gnu_Unwind_Restore_VFP
                0x000046e4                __gnu_Unwind_Save_VFP
                0x000046e8                __gnu_Unwind_Restore_VFP_D
                0x000046ec                __gnu_Unwind_Save_VFP_D
                0x000046f0                __gnu_Unwind_Restore_VFP_D_16_to_31
                0x000046f4                __gnu_Unwind_Save_VFP_D_16_to_31
                0x000046f8                __gnu_Unwind_Restore_WMMXD
                0x000046fc                __gnu_Unwind_Save_WMMXD
                0x00004700                __gnu_Unwind_Restore_WMMXC
                0x00004704                __gnu_Unwind_Save_WMMXC
                0x00004708                ___Unwind_RaiseException
                0x00004708                _Unwind_RaiseException
                0x00004738                _Unwind_Resume
                0x00004738                ___Unwind_Resume
                0x00004768                _Unwind_Resume_or_Rethrow
                0x00004768                ___Unwind_Resume_or_Rethrow
                0x00004798                _Unwind_ForcedUnwind
                0x00004798                ___Unwind_ForcedUnwind
                0x000047c8                ___Unwind_Backtrace
                0x000047c8                _Unwind_Backtrace
 .text          0x000047f8      0x39c c:/nxp/mcuxpressoide_10.3.0_2200/ide/plugins/com.nxp.mcuxpresso.tools.win32_10.3.0.201811011841/tools/bin/../lib/gcc/arm-none-eabi/7.3.1/thumb/v6-m\libgcc.a(pr-support.o)
                0x0000484c                __gnu_unwind_execute
                0x00004b3c                __gnu_unwind_frame
                0x00004b64                _Unwind_GetRegionStart
                0x00004b70                _Unwind_GetLanguageSpecificData
                0x00004b84                _Unwind_GetDataRelBase
                0x00004b8c                _Unwind_GetTextRelBase
 .text          0x00004b94       0x18 c:/nxp/mcuxpressoide_10.3.0_2200/ide/plugins/com.nxp.mcuxpresso.tools.win32_10.3.0.201811011841/tools/bin/../lib/gcc/arm-none-eabi/7.3.1/thumb/v6-m\libgcc.a(_clzdi2.o)
                0x00004b94                __clzdi2
 .text          0x00004bac       0x3c c:/nxp/mcuxpressoide_10.3.0_2200/ide/plugins/com.nxp.mcuxpresso.tools.win32_10.3.0.201811011841/tools/bin/../lib/gcc/arm-none-eabi/7.3.1/thumb/v6-m\libgcc.a(_clzsi2.o)
                0x00004bac                __clzsi2
 .text.abort    0x00004be8        0xe c:/nxp/mcuxpressoide_10.3.0_2200/ide/plugins/com.nxp.mcuxpresso.tools.win32_10.3.0.201811011841/tools/bin/../lib/gcc/arm-none-eabi/7.3.1/../../../../arm-none-eabi/lib/thumb/v6-m\libc_nano.a(lib_a-abort.o)
                0x00004be8                abort
 .text.__aeabi_atexit
                0x00004bf6        0xe c:/nxp/mcuxpressoide_10.3.0_2200/ide/plugins/com.nxp.mcuxpresso.tools.win32_10.3.0.201811011841/tools/bin/../lib/gcc/arm-none-eabi/7.3.1/../../../../arm-none-eabi/lib/thumb/v6-m\libc_nano.a(lib_a-aeabi_atexit.o)
                0x00004bf6                __aeabi_atexit
 .text.bzero    0x00004c04        0xc c:/nxp/mcuxpressoide_10.3.0_2200/ide/plugins/com.nxp.mcuxpresso.tools.win32_10.3.0.201811011841/tools/bin/../lib/gcc/arm-none-eabi/7.3.1/../../../../arm-none-eabi/lib/thumb/v6-m\libc_nano.a(lib_a-bzero.o)
                0x00004c04                bzero
 .text.__cxa_atexit
                0x00004c10       0x1c c:/nxp/mcuxpressoide_10.3.0_2200/ide/plugins/com.nxp.mcuxpresso.tools.win32_10.3.0.201811011841/tools/bin/../lib/gcc/arm-none-eabi/7.3.1/../../../../arm-none-eabi/lib/thumb/v6-m\libc_nano.a(lib_a-cxa_atexit.o)
                0x00004c10                __cxa_atexit
 .text.__libc_init_array
                0x00004c2c       0x48 c:/nxp/mcuxpressoide_10.3.0_2200/ide/plugins/com.nxp.mcuxpresso.tools.win32_10.3.0.201811011841/tools/bin/../lib/gcc/arm-none-eabi/7.3.1/../../../../arm-none-eabi/lib/thumb/v6-m\libc_nano.a(lib_a-init.o)
                0x00004c2c                __libc_init_array
 .text.memcpy   0x00004c74       0x12 c:/nxp/mcuxpressoide_10.3.0_2200/ide/plugins/com.nxp.mcuxpresso.tools.win32_10.3.0.201811011841/tools/bin/../lib/gcc/arm-none-eabi/7.3.1/../../../../arm-none-eabi/lib/thumb/v6-m\libc_nano.a(lib_a-memcpy-stub.o)
                0x00004c74                memcpy
 .text.memset   0x00004c86       0x10 c:/nxp/mcuxpressoide_10.3.0_2200/ide/plugins/com.nxp.mcuxpresso.tools.win32_10.3.0.201811011841/tools/bin/../lib/gcc/arm-none-eabi/7.3.1/../../../../arm-none-eabi/lib/thumb/v6-m\libc_nano.a(lib_a-memset.o)
                0x00004c86                memset
 .text._raise_r
                0x00004c96       0x54 c:/nxp/mcuxpressoide_10.3.0_2200/ide/plugins/com.nxp.mcuxpresso.tools.win32_10.3.0.201811011841/tools/bin/../lib/gcc/arm-none-eabi/7.3.1/../../../../arm-none-eabi/lib/thumb/v6-m\libc_nano.a(lib_a-signal.o)
                0x00004c96                _raise_r
 *fill*         0x00004cea        0x2 ff
 .text.raise    0x00004cec       0x14 c:/nxp/mcuxpressoide_10.3.0_2200/ide/plugins/com.nxp.mcuxpresso.tools.win32_10.3.0.201811011841/tools/bin/../lib/gcc/arm-none-eabi/7.3.1/../../../../arm-none-eabi/lib/thumb/v6-m\libc_nano.a(lib_a-signal.o)
                0x00004cec                raise
 .text._kill_r  0x00004d00       0x24 c:/nxp/mcuxpressoide_10.3.0_2200/ide/plugins/com.nxp.mcuxpresso.tools.win32_10.3.0.201811011841/tools/bin/../lib/gcc/arm-none-eabi/7.3.1/../../../../arm-none-eabi/lib/thumb/v6-m\libc_nano.a(lib_a-signalr.o)
                0x00004d00                _kill_r
 .text._getpid_r
                0x00004d24        0x8 c:/nxp/mcuxpressoide_10.3.0_2200/ide/plugins/com.nxp.mcuxpresso.tools.win32_10.3.0.201811011841/tools/bin/../lib/gcc/arm-none-eabi/7.3.1/../../../../arm-none-eabi/lib/thumb/v6-m\libc_nano.a(lib_a-signalr.o)
                0x00004d24                _getpid_r
 .text          0x00004d2c        0xe c:/nxp/mcuxpressoide_10.3.0_2200/ide/plugins/com.nxp.mcuxpresso.tools.win32_10.3.0.201811011841/tools/bin/../lib/gcc/arm-none-eabi/7.3.1/../../../../arm-none-eabi/lib/thumb/v6-m\libc_nano.a(lib_a-strlen.o)
                0x00004d2c                strlen
 .text.__malloc_lock
                0x00004d3a        0x2 c:/nxp/mcuxpressoide_10.3.0_2200/ide/plugins/com.nxp.mcuxpresso.tools.win32_10.3.0.201811011841/tools/bin/../lib/gcc/arm-none-eabi/7.3.1/../../../../arm-none-eabi/lib/thumb/v6-m\libc_nano.a(lib_a-mlock.o)
                0x00004d3a                __malloc_lock
 .text.__malloc_unlock
                0x00004d3c        0x2 c:/nxp/mcuxpressoide_10.3.0_2200/ide/plugins/com.nxp.mcuxpresso.tools.win32_10.3.0.201811011841/tools/bin/../lib/gcc/arm-none-eabi/7.3.1/../../../../arm-none-eabi/lib/thumb/v6-m\libc_nano.a(lib_a-mlock.o)
                0x00004d3c                __malloc_unlock
 *fill*         0x00004d3e        0x2 ff
 .text._free_r  0x00004d40       0x94 c:/nxp/mcuxpressoide_10.3.0_2200/ide/plugins/com.nxp.mcuxpresso.tools.win32_10.3.0.201811011841/tools/bin/../lib/gcc/arm-none-eabi/7.3.1/../../../../arm-none-eabi/lib/thumb/v6-m\libc_nano.a(lib_a-nano-freer.o)
                0x00004d40                _free_r
 .text._ZL12read_uleb128PKhPm
                0x00004dd4       0x2c c:/nxp/mcuxpressoide_10.3.0_2200/ide/plugins/com.nxp.mcuxpresso.tools.win32_10.3.0.201811011841/tools/bin/../lib/gcc/arm-none-eabi/7.3.1/../../../../arm-none-eabi/lib/thumb/v6-m\libstdc++_nano.a(eh_personality.o)
 .text._ZL12read_sleb128PKhPl
                0x00004e00       0x34 c:/nxp/mcuxpressoide_10.3.0_2200/ide/plugins/com.nxp.mcuxpresso.tools.win32_10.3.0.201811011841/tools/bin/../lib/gcc/arm-none-eabi/7.3.1/../../../../arm-none-eabi/lib/thumb/v6-m\libstdc++_nano.a(eh_personality.o)
 .text._ZL28read_encoded_value_with_basehjPKhPj
                0x00004e34       0xb2 c:/nxp/mcuxpressoide_10.3.0_2200/ide/plugins/com.nxp.mcuxpresso.tools.win32_10.3.0.201811011841/tools/bin/../lib/gcc/arm-none-eabi/7.3.1/../../../../arm-none-eabi/lib/thumb/v6-m\libstdc++_nano.a(eh_personality.o)
 .text._Unwind_GetGR
                0x00004ee6       0x16 c:/nxp/mcuxpressoide_10.3.0_2200/ide/plugins/com.nxp.mcuxpresso.tools.win32_10.3.0.201811011841/tools/bin/../lib/gcc/arm-none-eabi/7.3.1/../../../../arm-none-eabi/lib/thumb/v6-m\libstdc++_nano.a(eh_personality.o)
 .text._ZL21base_of_encoded_valuehP15_Unwind_Context.part.3
                0x00004efc       0x3e c:/nxp/mcuxpressoide_10.3.0_2200/ide/plugins/com.nxp.mcuxpresso.tools.win32_10.3.0.201811011841/tools/bin/../lib/gcc/arm-none-eabi/7.3.1/../../../../arm-none-eabi/lib/thumb/v6-m\libstdc++_nano.a(eh_personality.o)
 .text._ZL18read_encoded_valueP15_Unwind_ContexthPKhPj
                0x00004f3a       0x24 c:/nxp/mcuxpressoide_10.3.0_2200/ide/plugins/com.nxp.mcuxpresso.tools.win32_10.3.0.201811011841/tools/bin/../lib/gcc/arm-none-eabi/7.3.1/../../../../arm-none-eabi/lib/thumb/v6-m\libstdc++_nano.a(eh_personality.o)
 .text._ZL17parse_lsda_headerP15_Unwind_ContextPKhP16lsda_header_info
                0x00004f5e       0x62 c:/nxp/mcuxpressoide_10.3.0_2200/ide/plugins/com.nxp.mcuxpresso.tools.win32_10.3.0.201811011841/tools/bin/../lib/gcc/arm-none-eabi/7.3.1/../../../../arm-none-eabi/lib/thumb/v6-m\libstdc++_nano.a(eh_personality.o)
 .text.__gxx_personality_v0
                0x00004fc0      0x370 c:/nxp/mcuxpressoide_10.3.0_2200/ide/plugins/com.nxp.mcuxpresso.tools.win32_10.3.0.201811011841/tools/bin/../lib/gcc/arm-none-eabi/7.3.1/../../../../arm-none-eabi/lib/thumb/v6-m\libstdc++_nano.a(eh_personality.o)
                0x00004fc0                __gxx_personality_v0
 .text._ZN10__cxxabiv1L24__is_gxx_exception_classEPc
                0x00005330       0x3a c:/nxp/mcuxpressoide_10.3.0_2200/ide/plugins/com.nxp.mcuxpresso.tools.win32_10.3.0.201811011841/tools/bin/../lib/gcc/arm-none-eabi/7.3.1/../../../../arm-none-eabi/lib/thumb/v6-m\libstdc++_nano.a(eh_call.o)
 .text.__cxa_call_terminate
                0x0000536a       0x20 c:/nxp/mcuxpressoide_10.3.0_2200/ide/plugins/com.nxp.mcuxpresso.tools.win32_10.3.0.201811011841/tools/bin/../lib/gcc/arm-none-eabi/7.3.1/../../../../arm-none-eabi/lib/thumb/v6-m\libstdc++_nano.a(eh_call.o)
                0x0000536a                __cxa_call_terminate
 .text.__cxa_call_unexpected
                0x0000538a       0x2e c:/nxp/mcuxpressoide_10.3.0_2200/ide/plugins/com.nxp.mcuxpresso.tools.win32_10.3.0.201811011841/tools/bin/../lib/gcc/arm-none-eabi/7.3.1/../../../../arm-none-eabi/lib/thumb/v6-m\libstdc++_nano.a(eh_call.o)
                0x0000538a                __cxa_call_unexpected
 .text._ZN10__cxxabiv1L24__is_gxx_exception_classEPc
                0x000053b8       0x3a c:/nxp/mcuxpressoide_10.3.0_2200/ide/plugins/com.nxp.mcuxpresso.tools.win32_10.3.0.201811011841/tools/bin/../lib/gcc/arm-none-eabi/7.3.1/../../../../arm-none-eabi/lib/thumb/v6-m\libstdc++_nano.a(eh_catch.o)
 .text.__cxa_begin_catch
                0x000053f2       0x4e c:/nxp/mcuxpressoide_10.3.0_2200/ide/plugins/com.nxp.mcuxpresso.tools.win32_10.3.0.201811011841/tools/bin/../lib/gcc/arm-none-eabi/7.3.1/../../../../arm-none-eabi/lib/thumb/v6-m\libstdc++_nano.a(eh_catch.o)
                0x000053f2                __cxa_begin_catch
 .text.__cxa_get_globals
                0x00005440        0x8 c:/nxp/mcuxpressoide_10.3.0_2200/ide/plugins/com.nxp.mcuxpresso.tools.win32_10.3.0.201811011841/tools/bin/../lib/gcc/arm-none-eabi/7.3.1/../../../../arm-none-eabi/lib/thumb/v6-m\libstdc++_nano.a(eh_globals.o)
                0x00005440                __cxa_get_globals
 .text._ZN10__cxxabiv111__terminateEPFvvE
                0x00005448        0x8 c:/nxp/mcuxpressoide_10.3.0_2200/ide/plugins/com.nxp.mcuxpresso.tools.win32_10.3.0.201811011841/tools/bin/../lib/gcc/arm-none-eabi/7.3.1/../../../../arm-none-eabi/lib/thumb/v6-m\libstdc++_nano.a(eh_terminate.o)
                0x00005448                __cxxabiv1::__terminate(void (*)())
 .text._ZSt9terminatev
                0x00005450       0x10 c:/nxp/mcuxpressoide_10.3.0_2200/ide/plugins/com.nxp.mcuxpresso.tools.win32_10.3.0.201811011841/tools/bin/../lib/gcc/arm-none-eabi/7.3.1/../../../../arm-none-eabi/lib/thumb/v6-m\libstdc++_nano.a(eh_terminate.o)
                0x00005450                std::terminate()
 .text._ZN10__cxxabiv112__unexpectedEPFvvE
                0x00005460        0x8 c:/nxp/mcuxpressoide_10.3.0_2200/ide/plugins/com.nxp.mcuxpresso.tools.win32_10.3.0.201811011841/tools/bin/../lib/gcc/arm-none-eabi/7.3.1/../../../../arm-none-eabi/lib/thumb/v6-m\libstdc++_nano.a(eh_terminate.o)
                0x00005460                __cxxabiv1::__unexpected(void (*)())
 .text._ZSt10unexpectedv
                0x00005468       0x10 c:/nxp/mcuxpressoide_10.3.0_2200/ide/plugins/com.nxp.mcuxpresso.tools.win32_10.3.0.201811011841/tools/bin/../lib/gcc/arm-none-eabi/7.3.1/../../../../arm-none-eabi/lib/thumb/v6-m\libstdc++_nano.a(eh_terminate.o)
                0x00005468                std::unexpected()
 .text.__cxa_end_cleanup
                0x00005478        0xc c:/nxp/mcuxpressoide_10.3.0_2200/ide/plugins/com.nxp.mcuxpresso.tools.win32_10.3.0.201811011841/tools/bin/../lib/gcc/arm-none-eabi/7.3.1/../../../../arm-none-eabi/lib/thumb/v6-m\libstdc++_nano.a(eh_arm.o)
                0x00005478                __cxa_end_cleanup
 .text._ZN10__cxxabiv1L24__is_gxx_exception_classEPc
                0x00005484       0x3a c:/nxp/mcuxpressoide_10.3.0_2200/ide/plugins/com.nxp.mcuxpresso.tools.win32_10.3.0.201811011841/tools/bin/../lib/gcc/arm-none-eabi/7.3.1/../../../../arm-none-eabi/lib/thumb/v6-m\libstdc++_nano.a(eh_arm.o)
 *fill*         0x000054be        0x2 ff
 .text.__cxa_type_match
                0x000054c0       0xb8 c:/nxp/mcuxpressoide_10.3.0_2200/ide/plugins/com.nxp.mcuxpresso.tools.win32_10.3.0.201811011841/tools/bin/../lib/gcc/arm-none-eabi/7.3.1/../../../../arm-none-eabi/lib/thumb/v6-m\libstdc++_nano.a(eh_arm.o)
                0x000054c0                __cxa_type_match
 .text.__cxa_begin_cleanup
                0x00005578       0x36 c:/nxp/mcuxpressoide_10.3.0_2200/ide/plugins/com.nxp.mcuxpresso.tools.win32_10.3.0.201811011841/tools/bin/../lib/gcc/arm-none-eabi/7.3.1/../../../../arm-none-eabi/lib/thumb/v6-m\libstdc++_nano.a(eh_arm.o)
                0x00005578                __cxa_begin_cleanup
 .text.__gnu_end_cleanup
                0x000055ae       0x38 c:/nxp/mcuxpressoide_10.3.0_2200/ide/plugins/com.nxp.mcuxpresso.tools.win32_10.3.0.201811011841/tools/bin/../lib/gcc/arm-none-eabi/7.3.1/../../../../arm-none-eabi/lib/thumb/v6-m\libstdc++_nano.a(eh_arm.o)
                0x000055ae                __gnu_end_cleanup
 .text._ZdlPvj  0x000055e6        0x8 c:/nxp/mcuxpressoide_10.3.0_2200/ide/plugins/com.nxp.mcuxpresso.tools.win32_10.3.0.201811011841/tools/bin/../lib/gcc/arm-none-eabi/7.3.1/../../../../arm-none-eabi/lib/thumb/v6-m\libstdc++_nano.a(del_ops.o)
                0x000055e6                operator delete(void*, unsigned int)
 .text._ZNK10__cxxabiv117__class_type_info11__do_upcastEPKS0_PPv
                0x000055ee       0x34 c:/nxp/mcuxpressoide_10.3.0_2200/ide/plugins/com.nxp.mcuxpresso.tools.win32_10.3.0.201811011841/tools/bin/../lib/gcc/arm-none-eabi/7.3.1/../../../../arm-none-eabi/lib/thumb/v6-m\libstdc++_nano.a(class_type_info.o)
                0x000055ee                __cxxabiv1::__class_type_info::__do_upcast(__cxxabiv1::__class_type_info const*, void**) const
 .text._ZNK10__cxxabiv117__class_type_info20__do_find_public_srcEiPKvPKS0_S2_
                0x00005622        0xc c:/nxp/mcuxpressoide_10.3.0_2200/ide/plugins/com.nxp.mcuxpresso.tools.win32_10.3.0.201811011841/tools/bin/../lib/gcc/arm-none-eabi/7.3.1/../../../../arm-none-eabi/lib/thumb/v6-m\libstdc++_nano.a(class_type_info.o)
                0x00005622                __cxxabiv1::__class_type_info::__do_find_public_src(int, void const*, __cxxabiv1::__class_type_info const*, void const*) const
 *fill*         0x0000562e        0x2 ff
 .text._ZN10__cxxabiv117__class_type_infoD2Ev
                0x00005630       0x18 c:/nxp/mcuxpressoide_10.3.0_2200/ide/plugins/com.nxp.mcuxpresso.tools.win32_10.3.0.201811011841/tools/bin/../lib/gcc/arm-none-eabi/7.3.1/../../../../arm-none-eabi/lib/thumb/v6-m\libstdc++_nano.a(class_type_info.o)
                0x00005630                __cxxabiv1::__class_type_info::~__class_type_info()
                0x00005630                __cxxabiv1::__class_type_info::~__class_type_info()
 .text._ZN10__cxxabiv117__class_type_infoD0Ev
                0x00005648       0x14 c:/nxp/mcuxpressoide_10.3.0_2200/ide/plugins/com.nxp.mcuxpresso.tools.win32_10.3.0.201811011841/tools/bin/../lib/gcc/arm-none-eabi/7.3.1/../../../../arm-none-eabi/lib/thumb/v6-m\libstdc++_nano.a(class_type_info.o)
                0x00005648                __cxxabiv1::__class_type_info::~__class_type_info()
 .text._ZNK10__cxxabiv117__class_type_info12__do_dyncastEiNS0_10__sub_kindEPKS0_PKvS3_S5_RNS0_16__dyncast_resultE
                0x0000565c       0x3a c:/nxp/mcuxpressoide_10.3.0_2200/ide/plugins/com.nxp.mcuxpresso.tools.win32_10.3.0.201811011841/tools/bin/../lib/gcc/arm-none-eabi/7.3.1/../../../../arm-none-eabi/lib/thumb/v6-m\libstdc++_nano.a(class_type_info.o)
                0x0000565c                __cxxabiv1::__class_type_info::__do_dyncast(int, __cxxabiv1::__class_type_info::__sub_kind, __cxxabiv1::__class_type_info const*, void const*, __cxxabiv1::__class_type_info const*, void const*, __cxxabiv1::__class_type_info::__dyncast_result&) const
 .text._ZNK10__cxxabiv117__class_type_info11__do_upcastEPKS0_PKvRNS0_15__upcast_resultE
                0x00005696       0x1a c:/nxp/mcuxpressoide_10.3.0_2200/ide/plugins/com.nxp.mcuxpresso.tools.win32_10.3.0.201811011841/tools/bin/../lib/gcc/arm-none-eabi/7.3.1/../../../../arm-none-eabi/lib/thumb/v6-m\libstdc++_nano.a(class_type_info.o)
                0x00005696                __cxxabiv1::__class_type_info::__do_upcast(__cxxabiv1::__class_type_info const*, void const*, __cxxabiv1::__class_type_info::__upcast_result&) const
 .text._ZNK10__cxxabiv117__class_type_info10__do_catchEPKSt9type_infoPPvj
                0x000056b0       0x24 c:/nxp/mcuxpressoide_10.3.0_2200/ide/plugins/com.nxp.mcuxpresso.tools.win32_10.3.0.201811011841/tools/bin/../lib/gcc/arm-none-eabi/7.3.1/../../../../arm-none-eabi/lib/thumb/v6-m\libstdc++_nano.a(class_type_info.o)
                0x000056b0                __cxxabiv1::__class_type_info::__do_catch(std::type_info const*, void**, unsigned int) const
 .text._ZdlPv   0x000056d4        0x8 c:/nxp/mcuxpressoide_10.3.0_2200/ide/plugins/com.nxp.mcuxpresso.tools.win32_10.3.0.201811011841/tools/bin/../lib/gcc/arm-none-eabi/7.3.1/../../../../arm-none-eabi/lib/thumb/v6-m\libstdc++_nano.a(del_op.o)
                0x000056d4                operator delete(void*)
 .text._ZN10__cxxabiv120__si_class_type_infoD2Ev
                0x000056dc       0x18 c:/nxp/mcuxpressoide_10.3.0_2200/ide/plugins/com.nxp.mcuxpresso.tools.win32_10.3.0.201811011841/tools/bin/../lib/gcc/arm-none-eabi/7.3.1/../../../../arm-none-eabi/lib/thumb/v6-m\libstdc++_nano.a(si_class_type_info.o)
                0x000056dc                __cxxabiv1::__si_class_type_info::~__si_class_type_info()
                0x000056dc                __cxxabiv1::__si_class_type_info::~__si_class_type_info()
 .text._ZN10__cxxabiv120__si_class_type_infoD0Ev
                0x000056f4       0x14 c:/nxp/mcuxpressoide_10.3.0_2200/ide/plugins/com.nxp.mcuxpresso.tools.win32_10.3.0.201811011841/tools/bin/../lib/gcc/arm-none-eabi/7.3.1/../../../../arm-none-eabi/lib/thumb/v6-m\libstdc++_nano.a(si_class_type_info.o)
                0x000056f4                __cxxabiv1::__si_class_type_info::~__si_class_type_info()
 .text._ZNK10__cxxabiv120__si_class_type_info20__do_find_public_srcEiPKvPKNS_17__class_type_infoES2_
                0x00005708       0x32 c:/nxp/mcuxpressoide_10.3.0_2200/ide/plugins/com.nxp.mcuxpresso.tools.win32_10.3.0.201811011841/tools/bin/../lib/gcc/arm-none-eabi/7.3.1/../../../../arm-none-eabi/lib/thumb/v6-m\libstdc++_nano.a(si_class_type_info.o)
                0x00005708                __cxxabiv1::__si_class_type_info::__do_find_public_src(int, void const*, __cxxabiv1::__class_type_info const*, void const*) const
 .text._ZNK10__cxxabiv120__si_class_type_info12__do_dyncastEiNS_17__class_type_info10__sub_kindEPKS1_PKvS4_S6_RNS1_16__dyncast_resultE
                0x0000573a       0x80 c:/nxp/mcuxpressoide_10.3.0_2200/ide/plugins/com.nxp.mcuxpresso.tools.win32_10.3.0.201811011841/tools/bin/../lib/gcc/arm-none-eabi/7.3.1/../../../../arm-none-eabi/lib/thumb/v6-m\libstdc++_nano.a(si_class_type_info.o)
                0x0000573a                __cxxabiv1::__si_class_type_info::__do_dyncast(int, __cxxabiv1::__class_type_info::__sub_kind, __cxxabiv1::__class_type_info const*, void const*, __cxxabiv1::__class_type_info const*, void const*, __cxxabiv1::__class_type_info::__dyncast_result&) const
 .text._ZNK10__cxxabiv120__si_class_type_info11__do_upcastEPKNS_17__class_type_infoEPKvRNS1_15__upcast_resultE
                0x000057ba       0x22 c:/nxp/mcuxpressoide_10.3.0_2200/ide/plugins/com.nxp.mcuxpresso.tools.win32_10.3.0.201811011841/tools/bin/../lib/gcc/arm-none-eabi/7.3.1/../../../../arm-none-eabi/lib/thumb/v6-m\libstdc++_nano.a(si_class_type_info.o)
                0x000057ba                __cxxabiv1::__si_class_type_info::__do_upcast(__cxxabiv1::__class_type_info const*, void const*, __cxxabiv1::__class_type_info::__upcast_result&) const
 .text._ZNSt9type_infoD2Ev
                0x000057dc        0x2 c:/nxp/mcuxpressoide_10.3.0_2200/ide/plugins/com.nxp.mcuxpresso.tools.win32_10.3.0.201811011841/tools/bin/../lib/gcc/arm-none-eabi/7.3.1/../../../../arm-none-eabi/lib/thumb/v6-m\libstdc++_nano.a(tinfo.o)
                0x000057dc                std::type_info::~type_info()
                0x000057dc                std::type_info::~type_info()
 .text._ZNKSt9type_info14__is_pointer_pEv
                0x000057de        0x4 c:/nxp/mcuxpressoide_10.3.0_2200/ide/plugins/com.nxp.mcuxpresso.tools.win32_10.3.0.201811011841/tools/bin/../lib/gcc/arm-none-eabi/7.3.1/../../../../arm-none-eabi/lib/thumb/v6-m\libstdc++_nano.a(tinfo.o)
                0x000057de                std::type_info::__is_pointer_p() const
                0x000057de                std::type_info::__is_function_p() const
 .text._ZNKSt9type_infoeqERKS_
                0x000057e2       0x2c c:/nxp/mcuxpressoide_10.3.0_2200/ide/plugins/com.nxp.mcuxpresso.tools.win32_10.3.0.201811011841/tools/bin/../lib/gcc/arm-none-eabi/7.3.1/../../../../arm-none-eabi/lib/thumb/v6-m\libstdc++_nano.a(tinfo.o)
                0x000057e2                std::type_info::operator==(std::type_info const&) const
 .text._exit    0x0000580e        0x2 c:/nxp/mcuxpressoide_10.3.0_2200/ide/plugins/com.nxp.mcuxpresso.tools.win32_10.3.0.201811011841/tools/bin/../lib/gcc/arm-none-eabi/7.3.1/../../../../arm-none-eabi/lib/thumb/v6-m\libcr_newlib_nohost.a(_exit.o)
                0x0000580e                _exit
 .text._getpid  0x00005810       0x10 c:/nxp/mcuxpressoide_10.3.0_2200/ide/plugins/com.nxp.mcuxpresso.tools.win32_10.3.0.201811011841/tools/bin/../lib/gcc/arm-none-eabi/7.3.1/../../../../arm-none-eabi/lib/thumb/v6-m\libcr_newlib_nohost.a(getpid.o)
                0x00005810                _getpid
 .text._kill    0x00005820       0x10 c:/nxp/mcuxpressoide_10.3.0_2200/ide/plugins/com.nxp.mcuxpresso.tools.win32_10.3.0.201811011841/tools/bin/../lib/gcc/arm-none-eabi/7.3.1/../../../../arm-none-eabi/lib/thumb/v6-m\libcr_newlib_nohost.a(kill.o)
                0x00005820                _kill
 .text          0x00005830       0x48 c:/nxp/mcuxpressoide_10.3.0_2200/ide/plugins/com.nxp.mcuxpresso.tools.win32_10.3.0.201811011841/tools/bin/../lib/gcc/arm-none-eabi/7.3.1/thumb/v6-m\crtbegin.o
 .text          0x00005878       0x14 c:/nxp/mcuxpressoide_10.3.0_2200/ide/plugins/com.nxp.mcuxpresso.tools.win32_10.3.0.201811011841/tools/bin/../lib/gcc/arm-none-eabi/7.3.1/thumb/v6-m\libgcc.a(_thumb1_case_uqi.o)
                0x00005878                __gnu_thumb1_case_uqi
 .text          0x0000588c       0x14 c:/nxp/mcuxpressoide_10.3.0_2200/ide/plugins/com.nxp.mcuxpresso.tools.win32_10.3.0.201811011841/tools/bin/../lib/gcc/arm-none-eabi/7.3.1/thumb/v6-m\libgcc.a(_thumb1_case_shi.o)
                0x0000588c                __gnu_thumb1_case_shi
 .text.free     0x000058a0       0x14 c:/nxp/mcuxpressoide_10.3.0_2200/ide/plugins/com.nxp.mcuxpresso.tools.win32_10.3.0.201811011841/tools/bin/../lib/gcc/arm-none-eabi/7.3.1/../../../../arm-none-eabi/lib/thumb/v6-m\libc_nano.a(lib_a-malloc.o)
                0x000058a0                free
 .text          0x000058b4       0x14 c:/nxp/mcuxpressoide_10.3.0_2200/ide/plugins/com.nxp.mcuxpresso.tools.win32_10.3.0.201811011841/tools/bin/../lib/gcc/arm-none-eabi/7.3.1/../../../../arm-none-eabi/lib/thumb/v6-m\libc_nano.a(lib_a-strcmp.o)
                0x000058b4                strcmp
 *(.rodata .rodata.* .constdata .constdata.*)
 .rodata        0x000058c8       0x49 ./source/pit_timer/pittimer.o
 *fill*         0x00005911        0x3 ff
 .rodata        0x00005914      0x1c1 ./source/ele_protocol/EleComunicate.o
                0x00005aac                vtable for Ele_Comunicate
                0x00005abc                typeinfo for Ele_Comunicate
                0x00005ac4                typeinfo name for Ele_Comunicate
 *fill*         0x00005ad5        0x3 ff
 .rodata        0x00005ad8       0x21 ./source/UART/L_BUFER.o
                0x00005ad8                vtable for L_BUFER
                0x00005ae8                typeinfo for L_BUFER
                0x00005af0                typeinfo name for L_BUFER
 *fill*         0x00005af9        0x3 ff
 .rodata        0x00005afc       0x47 ./drivers/fsl_clock.o
 *fill*         0x00005b43        0x1 ff
 .rodata.CLOCK_GetFreq
                0x00005b44       0x38 ./drivers/fsl_clock.o
 .rodata.__func__.5287
                0x00005b7c       0x17 ./drivers/fsl_clock.o
 *fill*         0x00005b93        0x1 ff
 .rodata.__func__.5320
                0x00005b94       0x17 ./drivers/fsl_clock.o
 *fill*         0x00005bab        0x1 ff
 .rodata.__func__.5328
                0x00005bac       0x16 ./drivers/fsl_clock.o
 *fill*         0x00005bc2        0x2 ff
 .rodata.fllFactorTable.5393
                0x00005bc4       0x10 ./drivers/fsl_clock.o
 .rodata.__func__.5408
                0x00005bd4       0x12 ./drivers/fsl_clock.o
 *fill*         0x00005be6        0x2 ff
 .rodata.__func__.5448
                0x00005be8       0x11 ./drivers/fsl_clock.o
 *fill*         0x00005bf9        0x3 ff
 .rodata.__func__.5585
                0x00005bfc       0x11 ./drivers/fsl_clock.o
 *fill*         0x00005c0d        0x3 ff
 .rodata.__func__.5652
                0x00005c10       0x14 ./drivers/fsl_clock.o
 .rodata        0x00005c24       0x3e ./drivers/fsl_common.o
 *fill*         0x00005c62        0x2 ff
 .rodata        0x00005c64      0x168 ./drivers/fsl_dma.o
 .rodata.__func__.5552
                0x00005dcc        0xe ./drivers/fsl_dma.o
 *fill*         0x00005dda        0x2 ff
 .rodata.__func__.5420
                0x00005ddc       0x1c ./drivers/fsl_dma.o
 .rodata        0x00005df8       0xb2 ./drivers/fsl_lpsci.o
 *fill*         0x00005eaa        0x2 ff
 .rodata.__func__.5468
                0x00005eac       0x12 ./drivers/fsl_lpsci.o
 *fill*         0x00005ebe        0x2 ff
 .rodata.__func__.5504
                0x00005ec0        0xb ./drivers/fsl_lpsci.o
 *fill*         0x00005ecb        0x1 ff
 .rodata.__func__.5525
                0x00005ecc       0x17 ./drivers/fsl_lpsci.o
 *fill*         0x00005ee3        0x1 ff
 .rodata.__func__.5570
                0x00005ee4       0x14 ./drivers/fsl_lpsci.o
 .rodata.__func__.5582
                0x00005ef8       0x13 ./drivers/fsl_lpsci.o
 *fill*         0x00005f0b        0x1 ff
 .rodata        0x00005f0c       0x43 ./drivers/fsl_pit.o
 *fill*         0x00005f4f        0x1 ff
 .rodata.__func__.5335
                0x00005f50       0x10 ./drivers/fsl_pit.o
 .rodata.__func__.5340
                0x00005f60        0x9 ./drivers/fsl_pit.o
 *fill*         0x00005f69        0x3 ff
 .rodata        0x00005f6c       0x9b ./drivers/fsl_spi.o
 *fill*         0x00006007        0x1 ff
 .rodata.__func__.5659
                0x00006008       0x16 ./drivers/fsl_spi.o
 *fill*         0x0000601e        0x2 ff
 .rodata.__func__.5663
                0x00006020       0x16 ./drivers/fsl_spi.o
 *fill*         0x00006036        0x2 ff
 .rodata.s_uartBases
                0x00006038        0xc ./drivers/fsl_uart.o
 .rodata.s_uartClock
                0x00006044        0xc ./drivers/fsl_uart.o
 .rodata        0x00006050       0xaa ./drivers/fsl_uart.o
 *fill*         0x000060fa        0x2 ff
 .rodata.__func__.5471
                0x000060fc       0x11 ./drivers/fsl_uart.o
 *fill*         0x0000610d        0x3 ff
 .rodata.__func__.5487
                0x00006110        0xa ./drivers/fsl_uart.o
 *fill*         0x0000611a        0x2 ff
 .rodata.__func__.5500
                0x0000611c       0x16 ./drivers/fsl_uart.o
 *fill*         0x00006132        0x2 ff
 .rodata.__func__.5558
                0x00006134       0x12 ./drivers/fsl_uart.o
 *fill*         0x00006146        0x2 ff
 .rodata.mcgConfig_BOARD_BootClockRUN
                0x00006148        0xa ./board/clock_config.o
                0x00006148                mcgConfig_BOARD_BootClockRUN
 *fill*         0x00006152        0x2 ff
 .rodata.simConfig_BOARD_BootClockRUN
                0x00006154        0x8 ./board/clock_config.o
                0x00006154                simConfig_BOARD_BootClockRUN
 .rodata.oscConfig_BOARD_BootClockRUN
                0x0000615c        0x8 ./board/clock_config.o
                0x0000615c                oscConfig_BOARD_BootClockRUN
 .rodata._ZTIN10__cxxabiv117__class_type_infoE
                0x00006164        0xc c:/nxp/mcuxpressoide_10.3.0_2200/ide/plugins/com.nxp.mcuxpresso.tools.win32_10.3.0.201811011841/tools/bin/../lib/gcc/arm-none-eabi/7.3.1/../../../../arm-none-eabi/lib/thumb/v6-m\libstdc++_nano.a(class_type_info.o)
                0x00006164                typeinfo for __cxxabiv1::__class_type_info
 .rodata._ZTSN10__cxxabiv117__class_type_infoE
                0x00006170       0x22 c:/nxp/mcuxpressoide_10.3.0_2200/ide/plugins/com.nxp.mcuxpresso.tools.win32_10.3.0.201811011841/tools/bin/../lib/gcc/arm-none-eabi/7.3.1/../../../../arm-none-eabi/lib/thumb/v6-m\libstdc++_nano.a(class_type_info.o)
                0x00006170                typeinfo name for __cxxabiv1::__class_type_info
 *fill*         0x00006192        0x2 ff
 .rodata._ZTVN10__cxxabiv117__class_type_infoE
                0x00006194       0x2c c:/nxp/mcuxpressoide_10.3.0_2200/ide/plugins/com.nxp.mcuxpresso.tools.win32_10.3.0.201811011841/tools/bin/../lib/gcc/arm-none-eabi/7.3.1/../../../../arm-none-eabi/lib/thumb/v6-m\libstdc++_nano.a(class_type_info.o)
                0x00006194                vtable for __cxxabiv1::__class_type_info
 .rodata._ZTIN10__cxxabiv115__forced_unwindE
                0x000061c0        0x8 c:/nxp/mcuxpressoide_10.3.0_2200/ide/plugins/com.nxp.mcuxpresso.tools.win32_10.3.0.201811011841/tools/bin/../lib/gcc/arm-none-eabi/7.3.1/../../../../arm-none-eabi/lib/thumb/v6-m\libstdc++_nano.a(eh_exception.o)
                0x000061c0                typeinfo for __cxxabiv1::__forced_unwind
 .rodata._ZTIN10__cxxabiv119__foreign_exceptionE
                0x000061c8        0x8 c:/nxp/mcuxpressoide_10.3.0_2200/ide/plugins/com.nxp.mcuxpresso.tools.win32_10.3.0.201811011841/tools/bin/../lib/gcc/arm-none-eabi/7.3.1/../../../../arm-none-eabi/lib/thumb/v6-m\libstdc++_nano.a(eh_exception.o)
                0x000061c8                typeinfo for __cxxabiv1::__foreign_exception
 .rodata._ZTSN10__cxxabiv115__forced_unwindE
                0x000061d0       0x20 c:/nxp/mcuxpressoide_10.3.0_2200/ide/plugins/com.nxp.mcuxpresso.tools.win32_10.3.0.201811011841/tools/bin/../lib/gcc/arm-none-eabi/7.3.1/../../../../arm-none-eabi/lib/thumb/v6-m\libstdc++_nano.a(eh_exception.o)
                0x000061d0                typeinfo name for __cxxabiv1::__forced_unwind
 .rodata._ZTSN10__cxxabiv119__foreign_exceptionE
                0x000061f0       0x24 c:/nxp/mcuxpressoide_10.3.0_2200/ide/plugins/com.nxp.mcuxpresso.tools.win32_10.3.0.201811011841/tools/bin/../lib/gcc/arm-none-eabi/7.3.1/../../../../arm-none-eabi/lib/thumb/v6-m\libstdc++_nano.a(eh_exception.o)
                0x000061f0                typeinfo name for __cxxabiv1::__foreign_exception
 .rodata._ZTIN10__cxxabiv120__si_class_type_infoE
                0x00006214        0xc c:/nxp/mcuxpressoide_10.3.0_2200/ide/plugins/com.nxp.mcuxpresso.tools.win32_10.3.0.201811011841/tools/bin/../lib/gcc/arm-none-eabi/7.3.1/../../../../arm-none-eabi/lib/thumb/v6-m\libstdc++_nano.a(si_class_type_info.o)
                0x00006214                typeinfo for __cxxabiv1::__si_class_type_info
 .rodata._ZTSN10__cxxabiv120__si_class_type_infoE
                0x00006220       0x25 c:/nxp/mcuxpressoide_10.3.0_2200/ide/plugins/com.nxp.mcuxpresso.tools.win32_10.3.0.201811011841/tools/bin/../lib/gcc/arm-none-eabi/7.3.1/../../../../arm-none-eabi/lib/thumb/v6-m\libstdc++_nano.a(si_class_type_info.o)
                0x00006220                typeinfo name for __cxxabiv1::__si_class_type_info
 *fill*         0x00006245        0x3 ff
 .rodata._ZTVN10__cxxabiv120__si_class_type_infoE
                0x00006248       0x2c c:/nxp/mcuxpressoide_10.3.0_2200/ide/plugins/com.nxp.mcuxpresso.tools.win32_10.3.0.201811011841/tools/bin/../lib/gcc/arm-none-eabi/7.3.1/../../../../arm-none-eabi/lib/thumb/v6-m\libstdc++_nano.a(si_class_type_info.o)
                0x00006248                vtable for __cxxabiv1::__si_class_type_info
 .rodata._ZTISt9type_info
                0x00006274        0x8 c:/nxp/mcuxpressoide_10.3.0_2200/ide/plugins/com.nxp.mcuxpresso.tools.win32_10.3.0.201811011841/tools/bin/../lib/gcc/arm-none-eabi/7.3.1/../../../../arm-none-eabi/lib/thumb/v6-m\libstdc++_nano.a(tinfo.o)
                0x00006274                typeinfo for std::type_info
 .rodata._ZTSSt9type_info
                0x0000627c        0xd c:/nxp/mcuxpressoide_10.3.0_2200/ide/plugins/com.nxp.mcuxpresso.tools.win32_10.3.0.201811011841/tools/bin/../lib/gcc/arm-none-eabi/7.3.1/../../../../arm-none-eabi/lib/thumb/v6-m\libstdc++_nano.a(tinfo.o)
                0x0000627c                typeinfo name for std::type_info
                0x0000628c                . = ALIGN (0x4)
 *fill*         0x00006289        0x3 ff
                0x0000628c                . = ALIGN (0x4)
 *(.init)
 .init          0x0000628c        0x4 c:/nxp/mcuxpressoide_10.3.0_2200/ide/plugins/com.nxp.mcuxpresso.tools.win32_10.3.0.201811011841/tools/bin/../lib/gcc/arm-none-eabi/7.3.1/thumb/v6-m\crti.o
                0x0000628c                _init
 .init          0x00006290        0x8 c:/nxp/mcuxpressoide_10.3.0_2200/ide/plugins/com.nxp.mcuxpresso.tools.win32_10.3.0.201811011841/tools/bin/../lib/gcc/arm-none-eabi/7.3.1/thumb/v6-m\crtn.o
                0x00006298                . = ALIGN (0x4)
                0x00006298                __preinit_array_start = .
 *(.preinit_array)
                0x00006298                __preinit_array_end = .
                0x00006298                . = ALIGN (0x4)
                0x00006298                __init_array_start = .
 *(SORT_BY_NAME(.init_array.*))
 *(.init_array)
 .init_array    0x00006298        0x4 ./source/MKL25Z128xxx4_Project.o
 .init_array    0x0000629c        0x4 c:/nxp/mcuxpressoide_10.3.0_2200/ide/plugins/com.nxp.mcuxpresso.tools.win32_10.3.0.201811011841/tools/bin/../lib/gcc/arm-none-eabi/7.3.1/thumb/v6-m\crtbegin.o
                0x000062a0                __init_array_end = .
 *(.fini)
 .fini          0x000062a0        0x4 c:/nxp/mcuxpressoide_10.3.0_2200/ide/plugins/com.nxp.mcuxpresso.tools.win32_10.3.0.201811011841/tools/bin/../lib/gcc/arm-none-eabi/7.3.1/thumb/v6-m\crti.o
                0x000062a0                _fini
 .fini          0x000062a4        0x8 c:/nxp/mcuxpressoide_10.3.0_2200/ide/plugins/com.nxp.mcuxpresso.tools.win32_10.3.0.201811011841/tools/bin/../lib/gcc/arm-none-eabi/7.3.1/thumb/v6-m\crtn.o
                0x000062ac                . = ALIGN (0x4)
 *crtbegin.o(.ctors)
 *(EXCLUDE_FILE(*crtend.o) .ctors)
 *(SORT_BY_NAME(.ctors.*))
 *crtend.o(.ctors)
                0x000062ac                . = ALIGN (0x4)
 *crtbegin.o(.dtors)
 *(EXCLUDE_FILE(*crtend.o) .dtors)
 *(SORT_BY_NAME(.dtors.*))
 *crtend.o(.dtors)
                0x000062ac                . = ALIGN (0x4)

.glue_7         0x000062ac        0x0
 .glue_7        0x000062ac        0x0 linker stubs

.glue_7t        0x000062ac        0x0
 .glue_7t       0x000062ac        0x0 linker stubs

.vfp11_veneer   0x000062ac        0x0
 .vfp11_veneer  0x000062ac        0x0 linker stubs

.v4_bx          0x000062ac        0x0
 .v4_bx         0x000062ac        0x0 linker stubs

.iplt           0x000062ac        0x0
 .iplt          0x000062ac        0x0 ./utilities/fsl_debug_console.o

.ARM.extab      0x000062ac      0x128
 *(.ARM.extab* .gnu.linkonce.armextab.*)
 .ARM.extab     0x000062ac        0xc ./source/pit_timer/pittimer.o
 .ARM.extab     0x000062b8       0xa8 ./source/ele_protocol/EleComunicate.o
 .ARM.extab     0x00006360       0x24 ./source/UART/L_BUFER.o
 .ARM.extab     0x00006384       0x1d ./source/MKL25Z128xxx4_Project.o
 *fill*         0x000063a1        0x3 
 .ARM.extab     0x000063a4       0x24 c:/nxp/mcuxpressoide_10.3.0_2200/ide/plugins/com.nxp.mcuxpresso.tools.win32_10.3.0.201811011841/tools/bin/../lib/gcc/arm-none-eabi/7.3.1/thumb/v6-m\libgcc.a(unwind-arm.o)
 .ARM.extab     0x000063c8        0xc c:/nxp/mcuxpressoide_10.3.0_2200/ide/plugins/com.nxp.mcuxpresso.tools.win32_10.3.0.201811011841/tools/bin/../lib/gcc/arm-none-eabi/7.3.1/thumb/v6-m\libgcc.a(pr-support.o)
                0x000063d4                __exidx_start = .

.eh_frame       0x000063d4        0x0
 .eh_frame      0x000063d4        0x0 c:/nxp/mcuxpressoide_10.3.0_2200/ide/plugins/com.nxp.mcuxpresso.tools.win32_10.3.0.201811011841/tools/bin/../lib/gcc/arm-none-eabi/7.3.1/thumb/v6-m\crtbegin.o

.ARM.exidx      0x000063d4      0x1d0
 *(.ARM.exidx* .gnu.linkonce.armexidx.*)
 .ARM.exidx.after_vectors.init_data
                0x000063d4        0x8 ./startup/startup_mkl25z4.o
 .ARM.exidx.after_vectors.init_bss
                0x000063dc        0x0 ./startup/startup_mkl25z4.o
                                  0x8 (size before relaxing)
 .ARM.exidx.after_vectors.reset
                0x000063dc        0x8 ./startup/startup_mkl25z4.o
 .ARM.exidx.after_vectors
                0x000063e4       0x18 ./startup/startup_mkl25z4.o
                                0x130 (size before relaxing)
 .ARM.exidx     0x000063fc       0x20 ./source/pit_timer/pittimer.o
                                 0x50 (size before relaxing)
 .ARM.exidx     0x0000641c       0x88 ./source/ele_protocol/EleComunicate.o
                                 0xb0 (size before relaxing)
 .ARM.exidx     0x000064a4       0x30 ./source/UART/L_BUFER.o
                                 0x50 (size before relaxing)
 .ARM.exidx     0x000064d4       0x10 ./source/MKL25Z128xxx4_Project.o
                                 0x18 (size before relaxing)
 .ARM.exidx     0x000064e4        0x0 c:/nxp/mcuxpressoide_10.3.0_2200/ide/plugins/com.nxp.mcuxpresso.tools.win32_10.3.0.201811011841/tools/bin/../lib/gcc/arm-none-eabi/7.3.1/thumb/v6-m\libgcc.a(_udivmoddi4.o)
                                  0x8 (size before relaxing)
 .ARM.exidx     0x000064e4       0x90 c:/nxp/mcuxpressoide_10.3.0_2200/ide/plugins/com.nxp.mcuxpresso.tools.win32_10.3.0.201811011841/tools/bin/../lib/gcc/arm-none-eabi/7.3.1/thumb/v6-m\libgcc.a(unwind-arm.o)
                                 0xd8 (size before relaxing)
 .ARM.exidx     0x00006574       0x30 c:/nxp/mcuxpressoide_10.3.0_2200/ide/plugins/com.nxp.mcuxpresso.tools.win32_10.3.0.201811011841/tools/bin/../lib/gcc/arm-none-eabi/7.3.1/thumb/v6-m\libgcc.a(pr-support.o)
                                 0x48 (size before relaxing)
                0x000065a4                __exidx_end = .
                0x000065a4                _etext = .

.rel.dyn        0x000065a4        0x0
 .rel.iplt      0x000065a4        0x0 ./utilities/fsl_debug_console.o

.m_usb_data
 *(m_usb_bdt)

.mtb_buffer_default
                0x1ffff000       0x80
 *(.mtb*)
 .mtb.$RAM1     0x1ffff000       0x80 ./source/mtb.o
                0x1ffff000                __mtb_buffer__

.uninit_RESERVED
                0x1ffff080        0x0
 *(.bss.$RESERVED*)
                0x1ffff080                . = ALIGN (0x4)
                0x1ffff080                _end_uninit_RESERVED = .

.data           0x1ffff080       0x7c load address 0x000065a4
 FILL mask 0xff
                0x1ffff080                _data = .
 *(vtable)
 *(.ramfunc*)
 *(.data*)
 .data.s_slowIrcFreq
                0x1ffff080        0x4 ./drivers/fsl_clock.o
 .data.s_fastIrcFreq
                0x1ffff084        0x4 ./drivers/fsl_clock.o
 .data.SystemCoreClock
                0x1ffff088        0x4 ./CMSIS/system_MKL25Z4.o
                0x1ffff088                SystemCoreClock
 .data._impure_ptr
                0x1ffff08c        0x4 c:/nxp/mcuxpressoide_10.3.0_2200/ide/plugins/com.nxp.mcuxpresso.tools.win32_10.3.0.201811011841/tools/bin/../lib/gcc/arm-none-eabi/7.3.1/../../../../arm-none-eabi/lib/thumb/v6-m\libc_nano.a(lib_a-impure.o)
                0x1ffff08c                _impure_ptr
 .data.impure_data
                0x1ffff090       0x60 c:/nxp/mcuxpressoide_10.3.0_2200/ide/plugins/com.nxp.mcuxpresso.tools.win32_10.3.0.201811011841/tools/bin/../lib/gcc/arm-none-eabi/7.3.1/../../../../arm-none-eabi/lib/thumb/v6-m\libc_nano.a(lib_a-impure.o)
 .data._ZN10__cxxabiv119__terminate_handlerE
                0x1ffff0f0        0x4 c:/nxp/mcuxpressoide_10.3.0_2200/ide/plugins/com.nxp.mcuxpresso.tools.win32_10.3.0.201811011841/tools/bin/../lib/gcc/arm-none-eabi/7.3.1/../../../../arm-none-eabi/lib/thumb/v6-m\libstdc++_nano.a(eh_term_handler.o)
                0x1ffff0f0                __cxxabiv1::__terminate_handler
 .data._ZN10__cxxabiv120__unexpected_handlerE
                0x1ffff0f4        0x4 c:/nxp/mcuxpressoide_10.3.0_2200/ide/plugins/com.nxp.mcuxpresso.tools.win32_10.3.0.201811011841/tools/bin/../lib/gcc/arm-none-eabi/7.3.1/../../../../arm-none-eabi/lib/thumb/v6-m\libstdc++_nano.a(eh_unex_handler.o)
                0x1ffff0f4                __cxxabiv1::__unexpected_handler
 .data          0x1ffff0f8        0x4 c:/nxp/mcuxpressoide_10.3.0_2200/ide/plugins/com.nxp.mcuxpresso.tools.win32_10.3.0.201811011841/tools/bin/../lib/gcc/arm-none-eabi/7.3.1/thumb/v6-m\crtbegin.o
                0x1ffff0f8                __dso_handle
                0x1ffff0fc                . = ALIGN (0x4)
                0x1ffff0fc                _edata = .

.igot.plt       0x1ffff0fc        0x0 load address 0x00006620
 .igot.plt      0x1ffff0fc        0x0 ./utilities/fsl_debug_console.o

.bss            0x1ffff0fc       0xec load address 0x00006620
                0x1ffff0fc                _bss = .
 *(.bss*)
 .bss.s_debugConsole
                0x1ffff0fc       0x10 ./utilities/fsl_debug_console.o
 .bss           0x1ffff10c        0x4 ./source/pit_timer/pittimer.o
                0x1ffff10c                _elevator
 .bss           0x1ffff110        0x8 ./source/UART/L_BUFER.o
                0x1ffff110                user_config
 .bss           0x1ffff118       0x50 ./source/MKL25Z128xxx4_Project.o
                0x1ffff118                buffer
                0x1ffff14c                l_buffer
 .bss.g_xtal0Freq
                0x1ffff168        0x4 ./drivers/fsl_clock.o
                0x1ffff168                g_xtal0Freq
 .bss.g_xtal32Freq
                0x1ffff16c        0x4 ./drivers/fsl_clock.o
                0x1ffff16c                g_xtal32Freq
 .bss.s_DMAHandle
                0x1ffff170       0x10 ./drivers/fsl_dma.o
 .bss.s_i2cHandle
                0x1ffff180        0x8 ./drivers/fsl_i2c.o
 .bss.s_i2cMasterIsr
                0x1ffff188        0x4 ./drivers/fsl_i2c.o
 .bss.s_i2cSlaveIsr
                0x1ffff18c        0x4 ./drivers/fsl_i2c.o
 .bss.s_lpsciHandle
                0x1ffff190        0x4 ./drivers/fsl_lpsci.o
 .bss.s_lpsciIsr
                0x1ffff194        0x4 ./drivers/fsl_lpsci.o
 .bss.s_spiHandle
                0x1ffff198        0x8 ./drivers/fsl_spi.o
 .bss.s_spiMasterIsr
                0x1ffff1a0        0x4 ./drivers/fsl_spi.o
 .bss.s_spiSlaveIsr
                0x1ffff1a4        0x4 ./drivers/fsl_spi.o
 .bss.s_uartHandle
                0x1ffff1a8        0xc ./drivers/fsl_uart.o
 .bss.s_uartIsr
                0x1ffff1b4        0x4 ./drivers/fsl_uart.o
 .bss.__malloc_free_list
                0x1ffff1b8        0x4 c:/nxp/mcuxpressoide_10.3.0_2200/ide/plugins/com.nxp.mcuxpresso.tools.win32_10.3.0.201811011841/tools/bin/../lib/gcc/arm-none-eabi/7.3.1/../../../../arm-none-eabi/lib/thumb/v6-m\libc_nano.a(lib_a-nano-mallocr.o)
                0x1ffff1b8                __malloc_free_list
 .bss._ZL10eh_globals
                0x1ffff1bc        0xc c:/nxp/mcuxpressoide_10.3.0_2200/ide/plugins/com.nxp.mcuxpresso.tools.win32_10.3.0.201811011841/tools/bin/../lib/gcc/arm-none-eabi/7.3.1/../../../../arm-none-eabi/lib/thumb/v6-m\libstdc++_nano.a(eh_globals.o)
 .bss           0x1ffff1c8       0x1c c:/nxp/mcuxpressoide_10.3.0_2200/ide/plugins/com.nxp.mcuxpresso.tools.win32_10.3.0.201811011841/tools/bin/../lib/gcc/arm-none-eabi/7.3.1/thumb/v6-m\crtbegin.o
 *(COMMON)
 COMMON         0x1ffff1e4        0x4 c:/nxp/mcuxpressoide_10.3.0_2200/ide/plugins/com.nxp.mcuxpresso.tools.win32_10.3.0.201811011841/tools/bin/../lib/gcc/arm-none-eabi/7.3.1/../../../../arm-none-eabi/lib/thumb/v6-m\libc_nano.a(lib_a-reent.o)
                0x1ffff1e4                errno
                0x1ffff1e8                . = ALIGN (0x4)
                0x1ffff1e8                _ebss = .
                [!provide]                PROVIDE (end = .)

.noinit         0x1ffff1e8        0x0 load address 0x00006620
                0x1ffff1e8                _noinit = .
 *(.noinit*)
                0x1ffff1e8                . = ALIGN (0x4)
                0x1ffff1e8                _end_noinit = .
                0x00000400                _HeapSize = 0x400

.heap           0x1ffff1e8      0x400 load address 0x00006620
                0x1ffff1e8                _pvHeapStart = .
                0x1ffff5e8                . = (. + _HeapSize)
 *fill*         0x1ffff1e8      0x400 
                0x1ffff5e8                . = ALIGN (0x4)
                0x1ffff5e8                _pvHeapLimit = .
                0x00000400                _StackSize = 0x400

.heap2stackfill
                0x1ffff5e8      0x400 load address 0x00006620
                0x1ffff9e8                . = (. + _StackSize)
 *fill*         0x1ffff5e8      0x400 

.stack          0x20002c00        0x0
                0x20002c00                _vStackBase = .
                0x20002c00                . = ALIGN (0x4)
                0x20003000                _vStackTop = (. + _StackSize)
                0x00000000                _image_start = LOADADDR (.text)
                0x00006620                _image_end = (LOADADDR (.data) + SIZEOF (.data))
                0x00006620                _image_size = (_image_end - _image_start)
OUTPUT(semestralka.axf elf32-littlearm)

.debug_info     0x00000000    0x1748f
 .debug_info    0x00000000     0x161c ./utilities/fsl_debug_console.o
 .debug_info    0x0000161c      0x49e ./startup/startup_mkl25z4.o
 .debug_info    0x00001aba      0xf1e ./source/pit_timer/pittimer.o
 .debug_info    0x000029d8     0x150c ./source/ele_protocol/EleComunicate.o
 .debug_info    0x00003ee4     0x12ae ./source/UART/L_BUFER.o
 .debug_info    0x00005192      0xc8e ./source/MKL25Z128xxx4_Project.o
 .debug_info    0x00005e20       0x52 ./source/mtb.o
 .debug_info    0x00005e72       0x3b ./source/semihost_hardfault.o
 .debug_info    0x00005ead     0x225e ./drivers/fsl_clock.o
 .debug_info    0x0000810b      0xc3e ./drivers/fsl_common.o
 .debug_info    0x00008d49     0x185f ./drivers/fsl_dma.o
 .debug_info    0x0000a5a8     0x2355 ./drivers/fsl_i2c.o
 .debug_info    0x0000c8fd     0x1dd2 ./drivers/fsl_lpsci.o
 .debug_info    0x0000e6cf      0xe5b ./drivers/fsl_pit.o
 .debug_info    0x0000f52a     0x1cd8 ./drivers/fsl_spi.o
 .debug_info    0x00011202     0x1d58 ./drivers/fsl_uart.o
 .debug_info    0x00012f5a      0xea0 ./board/board.o
 .debug_info    0x00013dfa     0x1285 ./board/clock_config.o
 .debug_info    0x0001507f       0x3b ./board/peripherals.o
 .debug_info    0x000150ba      0xd74 ./board/pin_mux.o
 .debug_info    0x00015e2e      0x3ea ./CMSIS/system_MKL25Z4.o
 .debug_info    0x00016218       0x9a c:/nxp/mcuxpressoide_10.3.0_2200/ide/plugins/com.nxp.mcuxpresso.tools.win32_10.3.0.201811011841/tools/bin/../lib/gcc/arm-none-eabi/7.3.1/../../../../arm-none-eabi/lib/thumb/v6-m\libcr_newlib_nohost.a(_exit.o)
 .debug_info    0x000162b2      0x8e0 c:/nxp/mcuxpressoide_10.3.0_2200/ide/plugins/com.nxp.mcuxpresso.tools.win32_10.3.0.201811011841/tools/bin/../lib/gcc/arm-none-eabi/7.3.1/../../../../arm-none-eabi/lib/thumb/v6-m\libcr_newlib_nohost.a(getpid.o)
 .debug_info    0x00016b92      0x8fd c:/nxp/mcuxpressoide_10.3.0_2200/ide/plugins/com.nxp.mcuxpresso.tools.win32_10.3.0.201811011841/tools/bin/../lib/gcc/arm-none-eabi/7.3.1/../../../../arm-none-eabi/lib/thumb/v6-m\libcr_newlib_nohost.a(kill.o)

.debug_abbrev   0x00000000     0x39f6
 .debug_abbrev  0x00000000      0x335 ./utilities/fsl_debug_console.o
 .debug_abbrev  0x00000335      0x163 ./startup/startup_mkl25z4.o
 .debug_abbrev  0x00000498      0x2c8 ./source/pit_timer/pittimer.o
 .debug_abbrev  0x00000760      0x408 ./source/ele_protocol/EleComunicate.o
 .debug_abbrev  0x00000b68      0x41a ./source/UART/L_BUFER.o
 .debug_abbrev  0x00000f82      0x254 ./source/MKL25Z128xxx4_Project.o
 .debug_abbrev  0x000011d6       0x44 ./source/mtb.o
 .debug_abbrev  0x0000121a       0x2f ./source/semihost_hardfault.o
 .debug_abbrev  0x00001249      0x3df ./drivers/fsl_clock.o
 .debug_abbrev  0x00001628      0x32e ./drivers/fsl_common.o
 .debug_abbrev  0x00001956      0x340 ./drivers/fsl_dma.o
 .debug_abbrev  0x00001c96      0x3d2 ./drivers/fsl_i2c.o
 .debug_abbrev  0x00002068      0x375 ./drivers/fsl_lpsci.o
 .debug_abbrev  0x000023dd      0x2b4 ./drivers/fsl_pit.o
 .debug_abbrev  0x00002691      0x375 ./drivers/fsl_spi.o
 .debug_abbrev  0x00002a06      0x38d ./drivers/fsl_uart.o
 .debug_abbrev  0x00002d93      0x228 ./board/board.o
 .debug_abbrev  0x00002fbb      0x2b5 ./board/clock_config.o
 .debug_abbrev  0x00003270       0x2f ./board/peripherals.o
 .debug_abbrev  0x0000329f      0x269 ./board/pin_mux.o
 .debug_abbrev  0x00003508      0x116 ./CMSIS/system_MKL25Z4.o
 .debug_abbrev  0x0000361e       0x5e c:/nxp/mcuxpressoide_10.3.0_2200/ide/plugins/com.nxp.mcuxpresso.tools.win32_10.3.0.201811011841/tools/bin/../lib/gcc/arm-none-eabi/7.3.1/../../../../arm-none-eabi/lib/thumb/v6-m\libcr_newlib_nohost.a(_exit.o)
 .debug_abbrev  0x0000367c      0x1ae c:/nxp/mcuxpressoide_10.3.0_2200/ide/plugins/com.nxp.mcuxpresso.tools.win32_10.3.0.201811011841/tools/bin/../lib/gcc/arm-none-eabi/7.3.1/../../../../arm-none-eabi/lib/thumb/v6-m\libcr_newlib_nohost.a(getpid.o)
 .debug_abbrev  0x0000382a      0x1cc c:/nxp/mcuxpressoide_10.3.0_2200/ide/plugins/com.nxp.mcuxpresso.tools.win32_10.3.0.201811011841/tools/bin/../lib/gcc/arm-none-eabi/7.3.1/../../../../arm-none-eabi/lib/thumb/v6-m\libcr_newlib_nohost.a(kill.o)

.debug_aranges  0x00000000      0xc20
 .debug_aranges
                0x00000000       0x90 ./utilities/fsl_debug_console.o
 .debug_aranges
                0x00000090      0x160 ./startup/startup_mkl25z4.o
 .debug_aranges
                0x000001f0       0x20 ./source/pit_timer/pittimer.o
 .debug_aranges
                0x00000210       0x20 ./source/ele_protocol/EleComunicate.o
 .debug_aranges
                0x00000230       0x20 ./source/UART/L_BUFER.o
 .debug_aranges
                0x00000250       0x20 ./source/MKL25Z128xxx4_Project.o
 .debug_aranges
                0x00000270       0x18 ./source/mtb.o
 .debug_aranges
                0x00000288       0x20 ./source/semihost_hardfault.o
 .debug_aranges
                0x000002a8      0x1d8 ./drivers/fsl_clock.o
 .debug_aranges
                0x00000480       0x38 ./drivers/fsl_common.o
 .debug_aranges
                0x000004b8       0xd0 ./drivers/fsl_dma.o
 .debug_aranges
                0x00000588      0x178 ./drivers/fsl_i2c.o
 .debug_aranges
                0x00000700      0x118 ./drivers/fsl_lpsci.o
 .debug_aranges
                0x00000818       0x48 ./drivers/fsl_pit.o
 .debug_aranges
                0x00000860      0x130 ./drivers/fsl_spi.o
 .debug_aranges
                0x00000990      0x130 ./drivers/fsl_uart.o
 .debug_aranges
                0x00000ac0       0x28 ./board/board.o
 .debug_aranges
                0x00000ae8       0x58 ./board/clock_config.o
 .debug_aranges
                0x00000b40       0x20 ./board/peripherals.o
 .debug_aranges
                0x00000b60       0x38 ./board/pin_mux.o
 .debug_aranges
                0x00000b98       0x28 ./CMSIS/system_MKL25Z4.o
 .debug_aranges
                0x00000bc0       0x20 c:/nxp/mcuxpressoide_10.3.0_2200/ide/plugins/com.nxp.mcuxpresso.tools.win32_10.3.0.201811011841/tools/bin/../lib/gcc/arm-none-eabi/7.3.1/../../../../arm-none-eabi/lib/thumb/v6-m\libcr_newlib_nohost.a(_exit.o)
 .debug_aranges
                0x00000be0       0x20 c:/nxp/mcuxpressoide_10.3.0_2200/ide/plugins/com.nxp.mcuxpresso.tools.win32_10.3.0.201811011841/tools/bin/../lib/gcc/arm-none-eabi/7.3.1/../../../../arm-none-eabi/lib/thumb/v6-m\libcr_newlib_nohost.a(getpid.o)
 .debug_aranges
                0x00000c00       0x20 c:/nxp/mcuxpressoide_10.3.0_2200/ide/plugins/com.nxp.mcuxpresso.tools.win32_10.3.0.201811011841/tools/bin/../lib/gcc/arm-none-eabi/7.3.1/../../../../arm-none-eabi/lib/thumb/v6-m\libcr_newlib_nohost.a(kill.o)

.debug_ranges   0x00000000      0xa58
 .debug_ranges  0x00000000       0x80 ./utilities/fsl_debug_console.o
 .debug_ranges  0x00000080      0x150 ./startup/startup_mkl25z4.o
 .debug_ranges  0x000001d0       0x10 ./source/semihost_hardfault.o
 .debug_ranges  0x000001e0      0x1c8 ./drivers/fsl_clock.o
 .debug_ranges  0x000003a8       0x28 ./drivers/fsl_common.o
 .debug_ranges  0x000003d0       0xc0 ./drivers/fsl_dma.o
 .debug_ranges  0x00000490      0x168 ./drivers/fsl_i2c.o
 .debug_ranges  0x000005f8      0x108 ./drivers/fsl_lpsci.o
 .debug_ranges  0x00000700       0x38 ./drivers/fsl_pit.o
 .debug_ranges  0x00000738      0x120 ./drivers/fsl_spi.o
 .debug_ranges  0x00000858      0x120 ./drivers/fsl_uart.o
 .debug_ranges  0x00000978       0x18 ./board/board.o
 .debug_ranges  0x00000990       0x48 ./board/clock_config.o
 .debug_ranges  0x000009d8       0x10 ./board/peripherals.o
 .debug_ranges  0x000009e8       0x28 ./board/pin_mux.o
 .debug_ranges  0x00000a10       0x18 ./CMSIS/system_MKL25Z4.o
 .debug_ranges  0x00000a28       0x10 c:/nxp/mcuxpressoide_10.3.0_2200/ide/plugins/com.nxp.mcuxpresso.tools.win32_10.3.0.201811011841/tools/bin/../lib/gcc/arm-none-eabi/7.3.1/../../../../arm-none-eabi/lib/thumb/v6-m\libcr_newlib_nohost.a(_exit.o)
 .debug_ranges  0x00000a38       0x10 c:/nxp/mcuxpressoide_10.3.0_2200/ide/plugins/com.nxp.mcuxpresso.tools.win32_10.3.0.201811011841/tools/bin/../lib/gcc/arm-none-eabi/7.3.1/../../../../arm-none-eabi/lib/thumb/v6-m\libcr_newlib_nohost.a(getpid.o)
 .debug_ranges  0x00000a48       0x10 c:/nxp/mcuxpressoide_10.3.0_2200/ide/plugins/com.nxp.mcuxpresso.tools.win32_10.3.0.201811011841/tools/bin/../lib/gcc/arm-none-eabi/7.3.1/../../../../arm-none-eabi/lib/thumb/v6-m\libcr_newlib_nohost.a(kill.o)

.debug_macro    0x00000000     0xc64d
 .debug_macro   0x00000000      0x221 ./utilities/fsl_debug_console.o
 .debug_macro   0x00000221      0xa72 ./utilities/fsl_debug_console.o
 .debug_macro   0x00000c93       0x58 ./utilities/fsl_debug_console.o
 .debug_macro   0x00000ceb       0x18 ./utilities/fsl_debug_console.o
 .debug_macro   0x00000d03       0x22 ./utilities/fsl_debug_console.o
 .debug_macro   0x00000d25       0x58 ./utilities/fsl_debug_console.o
 .debug_macro   0x00000d7d       0x94 ./utilities/fsl_debug_console.o
 .debug_macro   0x00000e11       0x35 ./utilities/fsl_debug_console.o
 .debug_macro   0x00000e46       0x34 ./utilities/fsl_debug_console.o
 .debug_macro   0x00000e7a       0x16 ./utilities/fsl_debug_console.o
 .debug_macro   0x00000e90      0x10e ./utilities/fsl_debug_console.o
 .debug_macro   0x00000f9e       0x8d ./utilities/fsl_debug_console.o
 .debug_macro   0x0000102b       0x57 ./utilities/fsl_debug_console.o
 .debug_macro   0x00001082       0x58 ./utilities/fsl_debug_console.o
 .debug_macro   0x000010da       0x1f ./utilities/fsl_debug_console.o
 .debug_macro   0x000010f9       0x43 ./utilities/fsl_debug_console.o
 .debug_macro   0x0000113c       0x20 ./utilities/fsl_debug_console.o
 .debug_macro   0x0000115c      0x18e ./utilities/fsl_debug_console.o
 .debug_macro   0x000012ea      0x330 ./utilities/fsl_debug_console.o
 .debug_macro   0x0000161a       0x16 ./utilities/fsl_debug_console.o
 .debug_macro   0x00001630       0x29 ./utilities/fsl_debug_console.o
 .debug_macro   0x00001659      0x1e1 ./utilities/fsl_debug_console.o
 .debug_macro   0x0000183a       0x1c ./utilities/fsl_debug_console.o
 .debug_macro   0x00001856       0x22 ./utilities/fsl_debug_console.o
 .debug_macro   0x00001878       0xef ./utilities/fsl_debug_console.o
 .debug_macro   0x00001967       0x6a ./utilities/fsl_debug_console.o
 .debug_macro   0x000019d1      0x1df ./utilities/fsl_debug_console.o
 .debug_macro   0x00001bb0       0x16 ./utilities/fsl_debug_console.o
 .debug_macro   0x00001bc6       0x35 ./utilities/fsl_debug_console.o
 .debug_macro   0x00001bfb       0x10 ./utilities/fsl_debug_console.o
 .debug_macro   0x00001c0b       0x3f ./utilities/fsl_debug_console.o
 .debug_macro   0x00001c4a       0x3a ./utilities/fsl_debug_console.o
 .debug_macro   0x00001c84       0x26 ./utilities/fsl_debug_console.o
 .debug_macro   0x00001caa      0x329 ./utilities/fsl_debug_console.o
 .debug_macro   0x00001fd3       0x30 ./utilities/fsl_debug_console.o
 .debug_macro   0x00002003     0x51e2 ./utilities/fsl_debug_console.o
 .debug_macro   0x000071e5     0x1352 ./utilities/fsl_debug_console.o
 .debug_macro   0x00008537       0x3a ./utilities/fsl_debug_console.o
 .debug_macro   0x00008571       0xf4 ./utilities/fsl_debug_console.o
 .debug_macro   0x00008665       0x35 ./utilities/fsl_debug_console.o
 .debug_macro   0x0000869a       0x34 ./utilities/fsl_debug_console.o
 .debug_macro   0x000086ce       0x10 ./utilities/fsl_debug_console.o
 .debug_macro   0x000086de       0x10 ./utilities/fsl_debug_console.o
 .debug_macro   0x000086ee       0x2a ./startup/startup_mkl25z4.o
 .debug_macro   0x00008718      0xb62 ./startup/startup_mkl25z4.o
 .debug_macro   0x0000927a      0x2ba ./source/pit_timer/pittimer.o
 .debug_macro   0x00009534       0x34 ./source/pit_timer/pittimer.o
 .debug_macro   0x00009568       0x16 ./source/pit_timer/pittimer.o
 .debug_macro   0x0000957e       0x97 ./source/pit_timer/pittimer.o
 .debug_macro   0x00009615      0x353 ./source/pit_timer/pittimer.o
 .debug_macro   0x00009968      0x104 ./source/pit_timer/pittimer.o
 .debug_macro   0x00009a6c       0x10 ./source/pit_timer/pittimer.o
 .debug_macro   0x00009a7c       0x43 ./source/pit_timer/pittimer.o
 .debug_macro   0x00009abf       0x10 ./source/pit_timer/pittimer.o
 .debug_macro   0x00009acf       0x1c ./source/pit_timer/pittimer.o
 .debug_macro   0x00009aeb       0x52 ./source/pit_timer/pittimer.o
 .debug_macro   0x00009b3d       0x40 ./source/pit_timer/pittimer.o
 .debug_macro   0x00009b7d       0x10 ./source/pit_timer/pittimer.o
 .debug_macro   0x00009b8d       0x40 ./source/pit_timer/pittimer.o
 .debug_macro   0x00009bcd       0xd7 ./source/pit_timer/pittimer.o
 .debug_macro   0x00009ca4       0x1c ./source/pit_timer/pittimer.o
 .debug_macro   0x00009cc0       0x3d ./source/pit_timer/pittimer.o
 .debug_macro   0x00009cfd       0x16 ./source/pit_timer/pittimer.o
 .debug_macro   0x00009d13      0x137 ./source/pit_timer/pittimer.o
 .debug_macro   0x00009e4a       0x16 ./source/pit_timer/pittimer.o
 .debug_macro   0x00009e60       0x16 ./source/pit_timer/pittimer.o
 .debug_macro   0x00009e76       0x1c ./source/pit_timer/pittimer.o
 .debug_macro   0x00009e92       0x35 ./source/pit_timer/pittimer.o
 .debug_macro   0x00009ec7      0x329 ./source/pit_timer/pittimer.o
 .debug_macro   0x0000a1f0       0x10 ./source/pit_timer/pittimer.o
 .debug_macro   0x0000a200      0x14e ./source/pit_timer/pittimer.o
 .debug_macro   0x0000a34e       0x10 ./source/pit_timer/pittimer.o
 .debug_macro   0x0000a35e      0x2ab ./source/ele_protocol/EleComunicate.o
 .debug_macro   0x0000a609      0x296 ./source/UART/L_BUFER.o
 .debug_macro   0x0000a89f       0x10 ./source/UART/L_BUFER.o
 .debug_macro   0x0000a8af      0x2f1 ./source/MKL25Z128xxx4_Project.o
 .debug_macro   0x0000aba0      0x17b ./source/MKL25Z128xxx4_Project.o
 .debug_macro   0x0000ad1b       0x10 ./source/MKL25Z128xxx4_Project.o
 .debug_macro   0x0000ad2b       0x16 ./source/MKL25Z128xxx4_Project.o
 .debug_macro   0x0000ad41       0x10 ./source/MKL25Z128xxx4_Project.o
 .debug_macro   0x0000ad51      0x112 ./source/MKL25Z128xxx4_Project.o
 .debug_macro   0x0000ae63       0x3a ./source/MKL25Z128xxx4_Project.o
 .debug_macro   0x0000ae9d       0x1c ./source/MKL25Z128xxx4_Project.o
 .debug_macro   0x0000aeb9       0x16 ./source/MKL25Z128xxx4_Project.o
 .debug_macro   0x0000aecf       0x2f ./source/mtb.o
 .debug_macro   0x0000aefe       0x82 ./source/mtb.o
 .debug_macro   0x0000af80       0x10 ./source/mtb.o
 .debug_macro   0x0000af90       0x11 ./source/semihost_hardfault.o
 .debug_macro   0x0000afa1      0x26a ./drivers/fsl_clock.o
 .debug_macro   0x0000b20b      0x1c3 ./drivers/fsl_common.o
 .debug_macro   0x0000b3ce      0x1c0 ./drivers/fsl_dma.o
 .debug_macro   0x0000b58e      0x1bf ./drivers/fsl_i2c.o
 .debug_macro   0x0000b74d       0x10 ./drivers/fsl_i2c.o
 .debug_macro   0x0000b75d      0x1c0 ./drivers/fsl_lpsci.o
 .debug_macro   0x0000b91d      0x1c0 ./drivers/fsl_pit.o
 .debug_macro   0x0000badd      0x1bf ./drivers/fsl_spi.o
 .debug_macro   0x0000bc9c       0x10 ./drivers/fsl_spi.o
 .debug_macro   0x0000bcac      0x1c6 ./drivers/fsl_uart.o
 .debug_macro   0x0000be72      0x1e6 ./board/board.o
 .debug_macro   0x0000c058       0x8e ./board/board.o
 .debug_macro   0x0000c0e6       0x51 ./board/board.o
 .debug_macro   0x0000c137       0x5e ./board/board.o
 .debug_macro   0x0000c195      0x1f7 ./board/clock_config.o
 .debug_macro   0x0000c38c       0x1b ./board/peripherals.o
 .debug_macro   0x0000c3a7      0x1db ./board/pin_mux.o
 .debug_macro   0x0000c582       0x10 ./board/pin_mux.o
 .debug_macro   0x0000c592       0xbb ./CMSIS/system_MKL25Z4.o

.debug_line     0x00000000     0x7e0f
 .debug_line    0x00000000      0x909 ./utilities/fsl_debug_console.o
 .debug_line    0x00000909      0x13a ./startup/startup_mkl25z4.o
 .debug_line    0x00000a43      0x5ee ./source/pit_timer/pittimer.o
 .debug_line    0x00001031      0x711 ./source/ele_protocol/EleComunicate.o
 .debug_line    0x00001742      0x589 ./source/UART/L_BUFER.o
 .debug_line    0x00001ccb      0x637 ./source/MKL25Z128xxx4_Project.o
 .debug_line    0x00002302       0xd6 ./source/mtb.o
 .debug_line    0x000023d8       0x54 ./source/semihost_hardfault.o
 .debug_line    0x0000242c      0xbc1 ./drivers/fsl_clock.o
 .debug_line    0x00002fed      0x4d5 ./drivers/fsl_common.o
 .debug_line    0x000034c2      0x723 ./drivers/fsl_dma.o
 .debug_line    0x00003be5      0xc13 ./drivers/fsl_i2c.o
 .debug_line    0x000047f8      0x970 ./drivers/fsl_lpsci.o
 .debug_line    0x00005168      0x4ce ./drivers/fsl_pit.o
 .debug_line    0x00005636      0x8cc ./drivers/fsl_spi.o
 .debug_line    0x00005f02      0x973 ./drivers/fsl_uart.o
 .debug_line    0x00006875      0x4a0 ./board/board.o
 .debug_line    0x00006d15      0x501 ./board/clock_config.o
 .debug_line    0x00007216       0x58 ./board/peripherals.o
 .debug_line    0x0000726e      0x49c ./board/pin_mux.o
 .debug_line    0x0000770a      0x3a3 ./CMSIS/system_MKL25Z4.o
 .debug_line    0x00007aad       0x3e c:/nxp/mcuxpressoide_10.3.0_2200/ide/plugins/com.nxp.mcuxpresso.tools.win32_10.3.0.201811011841/tools/bin/../lib/gcc/arm-none-eabi/7.3.1/../../../../arm-none-eabi/lib/thumb/v6-m\libcr_newlib_nohost.a(_exit.o)
 .debug_line    0x00007aeb      0x193 c:/nxp/mcuxpressoide_10.3.0_2200/ide/plugins/com.nxp.mcuxpresso.tools.win32_10.3.0.201811011841/tools/bin/../lib/gcc/arm-none-eabi/7.3.1/../../../../arm-none-eabi/lib/thumb/v6-m\libcr_newlib_nohost.a(getpid.o)
 .debug_line    0x00007c7e      0x191 c:/nxp/mcuxpressoide_10.3.0_2200/ide/plugins/com.nxp.mcuxpresso.tools.win32_10.3.0.201811011841/tools/bin/../lib/gcc/arm-none-eabi/7.3.1/../../../../arm-none-eabi/lib/thumb/v6-m\libcr_newlib_nohost.a(kill.o)

.debug_str      0x00000000    0x3c8ab
 .debug_str     0x00000000    0x33d0c ./utilities/fsl_debug_console.o
                              0x34258 (size before relaxing)
 .debug_str     0x00033d0c      0x985 ./startup/startup_mkl25z4.o
                               0x34fc (size before relaxing)
 .debug_str     0x00034691     0x1d0f ./source/pit_timer/pittimer.o
                              0x34ca0 (size before relaxing)
 .debug_str     0x000363a0      0x636 ./source/ele_protocol/EleComunicate.o
                              0x3523d (size before relaxing)
 .debug_str     0x000369d6      0x433 ./source/UART/L_BUFER.o
                              0x34eb0 (size before relaxing)
 .debug_str     0x00036e09      0xdd3 ./source/MKL25Z128xxx4_Project.o
                              0x354fb (size before relaxing)
 .debug_str     0x00037bdc      0x532 ./source/mtb.o
                               0x3200 (size before relaxing)
 .debug_str     0x0003810e       0x1f ./source/semihost_hardfault.o
                               0x2ced (size before relaxing)
 .debug_str     0x0003812d     0x14c5 ./drivers/fsl_clock.o
                              0x348b9 (size before relaxing)
 .debug_str     0x000395f2      0x142 ./drivers/fsl_common.o
                              0x32e99 (size before relaxing)
 .debug_str     0x00039734      0x775 ./drivers/fsl_dma.o
                              0x33b7c (size before relaxing)
 .debug_str     0x00039ea9      0xc0a ./drivers/fsl_i2c.o
                              0x34093 (size before relaxing)
 .debug_str     0x0003aab3      0x674 ./drivers/fsl_lpsci.o
                              0x33ec1 (size before relaxing)
 .debug_str     0x0003b127       0x78 ./drivers/fsl_pit.o
                              0x33232 (size before relaxing)
 .debug_str     0x0003b19f      0x7b1 ./drivers/fsl_spi.o
                              0x33c83 (size before relaxing)
 .debug_str     0x0003b950      0x832 ./drivers/fsl_uart.o
                              0x33ee4 (size before relaxing)
 .debug_str     0x0003c182       0x4c ./board/board.o
                              0x339f6 (size before relaxing)
 .debug_str     0x0003c1ce      0x300 ./board/clock_config.o
                              0x337c9 (size before relaxing)
 .debug_str     0x0003c4ce       0x31 ./board/peripherals.o
                               0x2cfe (size before relaxing)
 .debug_str     0x0003c4ff      0x1fc ./board/pin_mux.o
                              0x32f2c (size before relaxing)
 .debug_str     0x0003c6fb       0x4f ./CMSIS/system_MKL25Z4.o
                              0x2f38e (size before relaxing)
 .debug_str     0x0003c74a      0x11e c:/nxp/mcuxpressoide_10.3.0_2200/ide/plugins/com.nxp.mcuxpresso.tools.win32_10.3.0.201811011841/tools/bin/../lib/gcc/arm-none-eabi/7.3.1/../../../../arm-none-eabi/lib/thumb/v6-m\libcr_newlib_nohost.a(_exit.o)
                                0x1ae (size before relaxing)