Archive member included to satisfy reference by file (symbol)

c:/nxp/mcuxpressoide_10.3.0_2200/ide/plugins/com.nxp.mcuxpresso.tools.win32_10.3.0.201811011841/tools/bin/../lib/gcc/arm-none-eabi/7.3.1/thumb/v6-m\libgcc.a(_udivsi3.o)
                              ./utilities/fsl_debug_console.o (__aeabi_uidiv)
c:/nxp/mcuxpressoide_10.3.0_2200/ide/plugins/com.nxp.mcuxpresso.tools.win32_10.3.0.201811011841/tools/bin/../lib/gcc/arm-none-eabi/7.3.1/thumb/v6-m\libgcc.a(_divsi3.o)
                              ./utilities/fsl_debug_console.o (__aeabi_idiv)
c:/nxp/mcuxpressoide_10.3.0_2200/ide/plugins/com.nxp.mcuxpresso.tools.win32_10.3.0.201811011841/tools/bin/../lib/gcc/arm-none-eabi/7.3.1/thumb/v6-m\libgcc.a(_dvmd_tls.o)
                              c:/nxp/mcuxpressoide_10.3.0_2200/ide/plugins/com.nxp.mcuxpresso.tools.win32_10.3.0.201811011841/tools/bin/../lib/gcc/arm-none-eabi/7.3.1/thumb/v6-m\libgcc.a(_udivsi3.o) (__aeabi_idiv0)
c:/nxp/mcuxpressoide_10.3.0_2200/ide/plugins/com.nxp.mcuxpresso.tools.win32_10.3.0.201811011841/tools/bin/../lib/gcc/arm-none-eabi/7.3.1/thumb/v6-m\libgcc.a(_arm_cmpdf2.o)
                              ./source/ele_protocol/EleComunicate.o (__aeabi_dcmple)
c:/nxp/mcuxpressoide_10.3.0_2200/ide/plugins/com.nxp.mcuxpresso.tools.win32_10.3.0.201811011841/tools/bin/../lib/gcc/arm-none-eabi/7.3.1/thumb/v6-m\libgcc.a(_aeabi_uldivmod.o)
                              ./source/pit_timer/pittimer.o (__aeabi_uldivmod)
c:/nxp/mcuxpressoide_10.3.0_2200/ide/plugins/com.nxp.mcuxpresso.tools.win32_10.3.0.201811011841/tools/bin/../lib/gcc/arm-none-eabi/7.3.1/thumb/v6-m\libgcc.a(_muldi3.o)
                              ./source/pit_timer/pittimer.o (__aeabi_lmul)
c:/nxp/mcuxpressoide_10.3.0_2200/ide/plugins/com.nxp.mcuxpresso.tools.win32_10.3.0.201811011841/tools/bin/../lib/gcc/arm-none-eabi/7.3.1/thumb/v6-m\libgcc.a(_udivmoddi4.o)
                              c:/nxp/mcuxpressoide_10.3.0_2200/ide/plugins/com.nxp.mcuxpresso.tools.win32_10.3.0.201811011841/tools/bin/../lib/gcc/arm-none-eabi/7.3.1/thumb/v6-m\libgcc.a(_aeabi_uldivmod.o) (__udivmoddi4)
c:/nxp/mcuxpressoide_10.3.0_2200/ide/plugins/com.nxp.mcuxpresso.tools.win32_10.3.0.201811011841/tools/bin/../lib/gcc/arm-none-eabi/7.3.1/thumb/v6-m\libgcc.a(eqdf2.o)
                              c:/nxp/mcuxpressoide_10.3.0_2200/ide/plugins/com.nxp.mcuxpresso.tools.win32_10.3.0.201811011841/tools/bin/../lib/gcc/arm-none-eabi/7.3.1/thumb/v6-m\libgcc.a(_arm_cmpdf2.o) (__eqdf2)
c:/nxp/mcuxpressoide_10.3.0_2200/ide/plugins/com.nxp.mcuxpresso.tools.win32_10.3.0.201811011841/tools/bin/../lib/gcc/arm-none-eabi/7.3.1/thumb/v6-m\libgcc.a(gedf2.o)
                              c:/nxp/mcuxpressoide_10.3.0_2200/ide/plugins/com.nxp.mcuxpresso.tools.win32_10.3.0.201811011841/tools/bin/../lib/gcc/arm-none-eabi/7.3.1/thumb/v6-m\libgcc.a(_arm_cmpdf2.o) (__gedf2)
c:/nxp/mcuxpressoide_10.3.0_2200/ide/plugins/com.nxp.mcuxpresso.tools.win32_10.3.0.201811011841/tools/bin/../lib/gcc/arm-none-eabi/7.3.1/thumb/v6-m\libgcc.a(ledf2.o)
                              c:/nxp/mcuxpressoide_10.3.0_2200/ide/plugins/com.nxp.mcuxpresso.tools.win32_10.3.0.201811011841/tools/bin/../lib/gcc/arm-none-eabi/7.3.1/thumb/v6-m\libgcc.a(_arm_cmpdf2.o) (__ledf2)
c:/nxp/mcuxpressoide_10.3.0_2200/ide/plugins/com.nxp.mcuxpresso.tools.win32_10.3.0.201811011841/tools/bin/../lib/gcc/arm-none-eabi/7.3.1/thumb/v6-m\libgcc.a(unwind-arm.o)
                              ./startup/startup_mkl25z4.o (__aeabi_unwind_cpp_pr0)
c:/nxp/mcuxpressoide_10.3.0_2200/ide/plugins/com.nxp.mcuxpresso.tools.win32_10.3.0.201811011841/tools/bin/../lib/gcc/arm-none-eabi/7.3.1/thumb/v6-m\libgcc.a(libunwind.o)
                              c:/nxp/mcuxpressoide_10.3.0_2200/ide/plugins/com.nxp.mcuxpresso.tools.win32_10.3.0.201811011841/tools/bin/../lib/gcc/arm-none-eabi/7.3.1/thumb/v6-m\libgcc.a(unwind-arm.o) (restore_core_regs)
c:/nxp/mcuxpressoide_10.3.0_2200/ide/plugins/com.nxp.mcuxpresso.tools.win32_10.3.0.201811011841/tools/bin/../lib/gcc/arm-none-eabi/7.3.1/thumb/v6-m\libgcc.a(pr-support.o)
                              c:/nxp/mcuxpressoide_10.3.0_2200/ide/plugins/com.nxp.mcuxpresso.tools.win32_10.3.0.201811011841/tools/bin/../lib/gcc/arm-none-eabi/7.3.1/thumb/v6-m\libgcc.a(unwind-arm.o) (__gnu_unwind_execute)
c:/nxp/mcuxpressoide_10.3.0_2200/ide/plugins/com.nxp.mcuxpresso.tools.win32_10.3.0.201811011841/tools/bin/../lib/gcc/arm-none-eabi/7.3.1/thumb/v6-m\libgcc.a(_clzdi2.o)
                              c:/nxp/mcuxpressoide_10.3.0_2200/ide/plugins/com.nxp.mcuxpresso.tools.win32_10.3.0.201811011841/tools/bin/../lib/gcc/arm-none-eabi/7.3.1/thumb/v6-m\libgcc.a(_udivmoddi4.o) (__clzdi2)
c:/nxp/mcuxpressoide_10.3.0_2200/ide/plugins/com.nxp.mcuxpresso.tools.win32_10.3.0.201811011841/tools/bin/../lib/gcc/arm-none-eabi/7.3.1/thumb/v6-m\libgcc.a(_clzsi2.o)
[...]
Memory Configuration

Name             Origin             Length             Attributes
PROGRAM_FLASH    0x00000000         0x00020000         xr
SRAM             0x1ffff000         0x00004000         xrw
*default*        0x00000000         0xffffffff

Linker script and memory map

LOAD ./utilities/fsl_debug_console.o
LOAD ./startup/startup_mkl25z4.o
LOAD ./source/pit_timer/pittimer.o
LOAD ./source/ele_protocol/EleComunicate.o
LOAD ./source/UART/L_BUFER.o
LOAD ./source/MKL25Z128xxx4_Project.o
LOAD ./source/mtb.o
LOAD ./source/semihost_hardfault.o
LOAD ./drivers/fsl_adc16.o
LOAD ./drivers/fsl_clock.o
LOAD ./drivers/fsl_cmp.o
LOAD ./drivers/fsl_common.o
LOAD ./drivers/fsl_cop.o
LOAD ./drivers/fsl_dac.o
LOAD ./drivers/fsl_dma.o
LOAD ./drivers/fsl_dmamux.o
LOAD ./drivers/fsl_flash.o
LOAD ./drivers/fsl_gpio.o
LOAD ./drivers/fsl_i2c.o
LOAD ./drivers/fsl_i2c_dma.o
LOAD ./drivers/fsl_llwu.o
LOAD ./drivers/fsl_lpsci.o
LOAD ./drivers/fsl_lpsci_dma.o
LOAD ./drivers/fsl_lptmr.o
LOAD ./drivers/fsl_pit.o
LOAD ./drivers/fsl_pmc.o
LOAD ./drivers/fsl_rcm.o
LOAD ./drivers/fsl_rtc.o
LOAD ./drivers/fsl_sim.o
LOAD ./drivers/fsl_smc.o
LOAD ./drivers/fsl_spi.o
LOAD ./drivers/fsl_spi_dma.o
LOAD ./drivers/fsl_tpm.o
LOAD ./drivers/fsl_tsi_v4.o
LOAD ./drivers/fsl_uart.o
LOAD ./drivers/fsl_uart_dma.o
LOAD ./board/board.o
LOAD ./board/clock_config.o
LOAD ./board/peripherals.o
LOAD ./board/pin_mux.o
LOAD ./CMSIS_driver/fsl_i2c_cmsis.o
LOAD ./CMSIS_driver/fsl_lpsci_cmsis.o
LOAD ./CMSIS_driver/fsl_spi_cmsis.o
LOAD ./CMSIS_driver/fsl_uart_cmsis.o
LOAD ./CMSIS/system_MKL25Z4.o
START GROUP
LOAD c:/nxp/mcuxpressoide_10.3.0_2200/ide/plugins/com.nxp.mcuxpresso.tools.win32_10.3.0.201811011841/tools/bin/../lib/gcc/arm-none-eabi/7.3.1/thumb/v6-m\libgcc.a
LOAD c:/nxp/mcuxpressoide_10.3.0_2200/ide/plugins/com.nxp.mcuxpresso.tools.win32_10.3.0.201811011841/tools/bin/../lib/gcc/arm-none-eabi/7.3.1/../../../../arm-none-eabi/lib/thumb/v6-m\libc_nano.a
LOAD c:/nxp/mcuxpressoide_10.3.0_2200/ide/plugins/com.nxp.mcuxpresso.tools.win32_10.3.0.201811011841/tools/bin/../lib/gcc/arm-none-eabi/7.3.1/../../../../arm-none-eabi/lib/thumb/v6-m\libstdc++_nano.a
LOAD c:/nxp/mcuxpressoide_10.3.0_2200/ide/plugins/com.nxp.mcuxpresso.tools.win32_10.3.0.201811011841/tools/bin/../lib/gcc/arm-none-eabi/7.3.1/../../../../arm-none-eabi/lib/thumb/v6-m\libm.a
LOAD c:/nxp/mcuxpressoide_10.3.0_2200/ide/plugins/com.nxp.mcuxpresso.tools.win32_10.3.0.201811011841/tools/bin/../lib/gcc/arm-none-eabi/7.3.1/../../../../arm-none-eabi/lib/thumb/v6-m\libcr_newlib_nohost.a
LOAD c:/nxp/mcuxpressoide_10.3.0_2200/ide/plugins/com.nxp.mcuxpresso.tools.win32_10.3.0.201811011841/tools/bin/../lib/gcc/arm-none-eabi/7.3.1/thumb/v6-m\crti.o
LOAD c:/nxp/mcuxpressoide_10.3.0_2200/ide/plugins/com.nxp.mcuxpresso.tools.win32_10.3.0.201811011841/tools/bin/../lib/gcc/arm-none-eabi/7.3.1/thumb/v6-m\crtn.o
LOAD c:/nxp/mcuxpressoide_10.3.0_2200/ide/plugins/com.nxp.mcuxpresso.tools.win32_10.3.0.201811011841/tools/bin/../lib/gcc/arm-none-eabi/7.3.1/thumb/v6-m\crtbegin.o
LOAD c:/nxp/mcuxpressoide_10.3.0_2200/ide/plugins/com.nxp.mcuxpresso.tools.win32_10.3.0.201811011841/tools/bin/../lib/gcc/arm-none-eabi/7.3.1/thumb/v6-m\crtend.o
END GROUP
                0x00000000                __base_PROGRAM_FLASH = 0x0
                0x00000000                __base_Flash = 0x0
                0x00020000                __top_PROGRAM_FLASH = 0x20000
                0x00020000                __top_Flash = 0x20000
                0x1ffff000                __base_SRAM = 0x1ffff000
                0x1ffff000                __base_RAM = 0x1ffff000
                0x20003000                __top_SRAM = 0x20003000
                0x20003000                __top_RAM = 0x20003000

.text           0x00000000     0x69dc
 FILL mask 0xff
                0x00000000                __vectors_start__ = ABSOLUTE (.)
 *(.isr_vector)
 .isr_vector    0x00000000       0xc0 ./startup/startup_mkl25z4.o
                0x00000000                g_pfnVectors
                0x00000000                __Vectors
                0x000000c0                . = ALIGN (0x4)
                0x000000c0                __section_table_start = .
                0x000000c0                __data_section_table = .
                0x000000c0        0x4 LONG 0x6d14 LOADADDR (.data)
                0x000000c4        0x4 LONG 0x1ffff080 ADDR (.data)
                0x000000c8        0x4 LONG 0x7c SIZEOF (.data)
                0x000000cc                __data_section_table_end = .
                0x000000cc                __bss_section_table = .
                0x000000cc        0x4 LONG 0x1ffff0fc ADDR (.bss)
                0x000000d0        0x4 LONG 0xec SIZEOF (.bss)
                0x000000d4                __bss_section_table_end = .
                0x000000d4                __section_table_end = .
 *(.after_vectors*)
 .after_vectors.init_data
                0x000000d4       0x16 ./startup/startup_mkl25z4.o
                0x000000d4                data_init(unsigned int, unsigned int, unsigned int)
 .after_vectors.init_bss
                0x000000ea       0x12 ./startup/startup_mkl25z4.o
                0x000000ea                bss_init(unsigned int, unsigned int)
 .after_vectors.reset
                0x000000fc       0x50 ./startup/startup_mkl25z4.o
                0x000000fc                ResetISR
 .after_vectors
                0x0000014c      0x10c ./startup/startup_mkl25z4.o
                0x0000014c                NMI_Handler
                0x00000150                SVC_Handler
                0x00000152                PendSV_Handler
                0x00000154                SysTick_Handler
                0x00000156                LPTMR0_DriverIRQHandler
                0x00000156                PORTD_DriverIRQHandler
                0x00000156                Reserved39_DriverIRQHandler
                0x00000156                CMP0_DriverIRQHandler
                0x00000156                ADC0_DriverIRQHandler
                0x00000156                LVD_LVW_DriverIRQHandler
                0x00000156                TPM2_DriverIRQHandler
                0x00000156                PIT_DriverIRQHandler
                0x00000156                RTC_DriverIRQHandler
                0x00000156                TSI0_DriverIRQHandler
                0x00000156                RTC_Seconds_DriverIRQHandler
                0x00000156                TPM1_DriverIRQHandler
                0x00000156                LLWU_DriverIRQHandler
                0x00000156                MCG_DriverIRQHandler
                0x00000156                PORTA_DriverIRQHandler
                0x00000156                Reserved45_DriverIRQHandler
                0x00000156                Reserved20_DriverIRQHandler
                0x00000156                FTFA_DriverIRQHandler
                0x00000156                IntDefaultHandler
                0x00000156                USB0_DriverIRQHandler
                0x00000156                DAC0_DriverIRQHandler
                0x00000156                TPM0_DriverIRQHandler
                0x00000158                DMA0_IRQHandler
                0x00000160                DMA1_IRQHandler
                0x00000168                DMA2_IRQHandler
                0x00000170                DMA3_IRQHandler
                0x00000178                Reserved20_IRQHandler
                0x00000180                FTFA_IRQHandler
                0x00000188                LVD_LVW_IRQHandler
                0x00000190                LLWU_IRQHandler
                0x00000198                I2C0_IRQHandler
                0x000001a0                I2C1_IRQHandler
                0x000001a8                SPI0_IRQHandler
                0x000001b0                SPI1_IRQHandler
                0x000001c0                UART1_IRQHandler
                0x000001c8                UART2_IRQHandler
                0x000001d0                ADC0_IRQHandler
                0x000001d8                CMP0_IRQHandler
                0x000001e0                TPM0_IRQHandler
                0x000001e8                TPM1_IRQHandler
                0x000001f0                TPM2_IRQHandler
                0x000001f8                RTC_IRQHandler
                0x00000200                RTC_Seconds_IRQHandler
                0x00000210                Reserved39_IRQHandler
                0x00000218                USB0_IRQHandler
                0x00000220                DAC0_IRQHandler
                0x00000228                TSI0_IRQHandler
                0x00000230                MCG_IRQHandler
                0x00000238                LPTMR0_IRQHandler
                0x00000240                Reserved45_IRQHandler
                0x00000248                PORTA_IRQHandler
                0x00000250                PORTD_IRQHandler
                0x00000400                . = 0x400
 *fill*         0x00000258      0x1a8 ff
                0x00000400                PROVIDE (__FLASH_CONFIG_START__ = .)
 *(.FlashConfig)
 .FlashConfig   0x00000400       0x10 ./startup/startup_mkl25z4.o
                0x00000410                PROVIDE (__FLASH_CONFIG_END__ = .)
                0x00000001                ASSERT (! ((__FLASH_CONFIG_START__ == __FLASH_CONFIG_END__)), Linker Flash Config Support Enabled, but no .FlashConfig section provided within application)
 *(.text*)
 .text.UART_EnableTx
                0x00000410       0x40 ./utilities/fsl_debug_console.o
 .text.UART_EnableRx
                0x00000450       0x40 ./utilities/fsl_debug_console.o
 .text.LPSCI_EnableTx
                0x00000490       0x40 ./utilities/fsl_debug_console.o
 .text.LPSCI_EnableRx
                0x000004d0       0x40 ./utilities/fsl_debug_console.o
 .text.DbgConsole_Init
                0x00000510       0xf4 ./utilities/fsl_debug_console.o
                0x00000510                DbgConsole_Init
 .text.DbgConsole_Printf
                0x00000604       0x44 ./utilities/fsl_debug_console.o
                0x00000604                DbgConsole_Printf
 .text.DbgConsole_Putchar
                0x00000648       0x34 ./utilities/fsl_debug_console.o
                0x00000648                DbgConsole_Putchar
 .text.DbgConsole_PrintfPaddingCharacter
                0x0000067c       0x46 ./utilities/fsl_debug_console.o
 .text.DbgConsole_ConvertRadixNumToString
                0x000006c2      0x114 ./utilities/fsl_debug_console.o
 .text.DbgConsole_PrintfFormattedData
                0x000007d6      0x32c ./utilities/fsl_debug_console.o
 *fill*         0x00000b02        0x2 ff
 .text          0x00000b04      0x2fc ./source/pit_timer/pittimer.o
                0x00000ca6                pit_init(Ele_Comunicate*)
                0x00000d88                PIT_IRQHandler
 .text          0x00000e00      0xf60 ./source/ele_protocol/EleComunicate.o
                0x00000e3e                Ele_Comunicate::Ele_Comunicate(unsigned char)
                0x00000e3e                Ele_Comunicate::Ele_Comunicate(unsigned char)
                0x00000edc                Ele_Comunicate::~Ele_Comunicate()
                0x00000edc                Ele_Comunicate::~Ele_Comunicate()
                0x00000ef8                Ele_Comunicate::~Ele_Comunicate()
                0x00000f20                Ele_Comunicate::calculateCRC(unsigned char*, unsigned char)
                0x00000f98                Ele_Comunicate::createPacket(unsigned char, unsigned char, unsigned char*, unsigned char)
                0x000010e4                Ele_Comunicate::read_Packet(L_BUFER*)
                0x000011fe                Ele_Comunicate::reset_watchDog()
                0x00001232                Ele_Comunicate::Send()
                0x0000126a                Ele_Comunicate::set_diplay_movment_none()
                0x00001290                Ele_Comunicate::lock_Elevator_Cabin()
                0x000012d0                Ele_Comunicate::unlock_Elevator_Cabin()
                0x00001306                Ele_Comunicate::isAck_paket()
                0x0000134c                Ele_Comunicate::printOnTerminal(char*)
                0x00001386                Ele_Comunicate::turnled_ON(unsigned char)
                0x00001404                Ele_Comunicate::turnled_OFF(unsigned char)
                0x00001484                Ele_Comunicate::set_display()
                0x00001550                Ele_Comunicate::go_motor(unsigned char)
                0x000015e4                Ele_Comunicate::stop_motor()
                0x00001618                Ele_Comunicate::reset_emerigenci_break()
                0x00001642                Ele_Comunicate::get_elevator_position()
                0x000016b8                Ele_Comunicate::getPoschodie()
                0x000017a8                Ele_Comunicate::elevator_task()
                0x00001888                Ele_Comunicate::pars_comand_button_function()
 .text          0x00001d60      0x334 ./source/UART/L_BUFER.o
                0x00001db8                initUart()
                0x00001e1c                __sys_write(int, char*, int)
                0x00001e44                UART0_IRQHandler
                0x00001f1c                L_BUFER::L_BUFER(unsigned char*, unsigned char)
                0x00001f1c                L_BUFER::L_BUFER(unsigned char*, unsigned char)
                0x00001f7c                L_BUFER::~L_BUFER()
                0x00001f7c                L_BUFER::~L_BUFER()
                0x00001f98                L_BUFER::~L_BUFER()
                0x00001fbc                L_BUFER::writ_to_Buff(unsigned char)
                0x0000202e                L_BUFER::read_from_Buff(unsigned char*)
 .text          0x00002094       0xdc ./source/MKL25Z128xxx4_Project.o
                0x00002094                main
 .text.HardFault_Handler
                0x00002170       0x30 ./source/semihost_hardfault.o
                0x00002170                HardFault_Handler
 .text.CLOCK_SetEr32kClock
                0x000021a0       0x34 ./drivers/fsl_clock.o
 .text.CLOCK_SetPllFllSelClock
                0x000021d4       0x38 ./drivers/fsl_clock.o
 .text.OSC_SetExtRefClkConfig
                0x0000220c       0x3e ./drivers/fsl_clock.o
 .text.OSC_SetCapLoad
                0x0000224a       0x42 ./drivers/fsl_clock.o
 .text.CLOCK_GetMcgExtClkFreq
                0x0000228c       0x34 ./drivers/fsl_clock.o
 .text.CLOCK_GetFllExtRefClkFreq
                0x000022c0       0xa4 ./drivers/fsl_clock.o
 .text.CLOCK_GetInternalRefClkSelectFreq
                0x00002364       0x40 ./drivers/fsl_clock.o
 .text.CLOCK_GetFllRefClkFreq
                0x000023a4       0x2c ./drivers/fsl_clock.o
 .text.CLOCK_GetPll0RefFreq
                0x000023d0       0x10 ./drivers/fsl_clock.o
 .text.CLOCK_GetOscRangeFromFreq
                0x000023e0       0x4c ./drivers/fsl_clock.o
 .text.CLOCK_GetOsc0ErClkFreq
                0x0000242c       0x4c ./drivers/fsl_clock.o
                0x0000242c                CLOCK_GetOsc0ErClkFreq
 .text.CLOCK_GetEr32kClkFreq
                0x00002478       0x84 ./drivers/fsl_clock.o
                0x00002478                CLOCK_GetEr32kClkFreq
 .text.CLOCK_GetPllFllSelClkFreq
                0x000024fc       0x4c ./drivers/fsl_clock.o
                0x000024fc                CLOCK_GetPllFllSelClkFreq
 .text.CLOCK_GetFreq
                0x00002548       0xe0 ./drivers/fsl_clock.o
                0x00002548                CLOCK_GetFreq
 .text.CLOCK_SetSimConfig
                0x00002628       0x38 ./drivers/fsl_clock.o
                0x00002628                CLOCK_SetSimConfig
 .text.CLOCK_GetOutClkFreq
                0x00002660       0x60 ./drivers/fsl_clock.o
                0x00002660                CLOCK_GetOutClkFreq
 .text.CLOCK_GetFllFreq
                0x000026c0       0x84 ./drivers/fsl_clock.o
                0x000026c0                CLOCK_GetFllFreq
 .text.CLOCK_GetInternalRefClkFreq
                0x00002744       0x28 ./drivers/fsl_clock.o
                0x00002744                CLOCK_GetInternalRefClkFreq
 .text.CLOCK_GetFixedFreqClkFreq
                0x0000276c       0x30 ./drivers/fsl_clock.o
                0x0000276c                CLOCK_GetFixedFreqClkFreq
 .text.CLOCK_GetPll0Freq
                0x0000279c       0x80 ./drivers/fsl_clock.o
                0x0000279c                CLOCK_GetPll0Freq
 .text.CLOCK_SetExternalRefClkConfig
                0x0000281c       0x16 ./drivers/fsl_clock.o
                0x0000281c                CLOCK_SetExternalRefClkConfig
 *fill*         0x00002832        0x2 ff
 .text.CLOCK_SetInternalRefClkConfig
                0x00002834      0x128 ./drivers/fsl_clock.o
                0x00002834                CLOCK_SetInternalRefClkConfig
 .text.CLOCK_EnablePll0
                0x0000295c       0xa0 ./drivers/fsl_clock.o
                0x0000295c                CLOCK_EnablePll0
 .text.CLOCK_InitOsc0
                0x000029fc       0x94 ./drivers/fsl_clock.o
                0x000029fc                CLOCK_InitOsc0
 .text.CLOCK_SetPbeMode
                0x00002a90       0xc0 ./drivers/fsl_clock.o
                0x00002a90                CLOCK_SetPbeMode
 .text.CLOCK_BootToPeeMode
                0x00002b50       0x80 ./drivers/fsl_clock.o
                0x00002b50                CLOCK_BootToPeeMode
 .text.__assert_func
                0x00002bd0       0x28 ./drivers/fsl_common.o
                0x00002bd0                __assert_func
 .text.DMA_ClearChannelStatusFlags
                0x00002bf8       0x64 ./drivers/fsl_dma.o
 .text.DMA_HandleIRQ
                0x00002c5c       0x60 ./drivers/fsl_dma.o
                0x00002c5c                DMA_HandleIRQ
 .text.DMA0_DriverIRQHandler
                0x00002cbc       0x18 ./drivers/fsl_dma.o
                0x00002cbc                DMA0_DriverIRQHandler
 .text.DMA1_DriverIRQHandler
                0x00002cd4       0x18 ./drivers/fsl_dma.o
                0x00002cd4                DMA1_DriverIRQHandler
 .text.DMA2_DriverIRQHandler
                0x00002cec       0x18 ./drivers/fsl_dma.o
                0x00002cec                DMA2_DriverIRQHandler
 .text.DMA3_DriverIRQHandler
                0x00002d04       0x18 ./drivers/fsl_dma.o
                0x00002d04                DMA3_DriverIRQHandler
 .text.I2C_TransferCommonIRQHandler
                0x00002d1c       0x54 ./drivers/fsl_i2c.o
 .text.I2C0_DriverIRQHandler
                0x00002d70       0x20 ./drivers/fsl_i2c.o
                0x00002d70                I2C0_DriverIRQHandler
 .text.I2C1_DriverIRQHandler
                0x00002d90       0x20 ./drivers/fsl_i2c.o
                0x00002d90                I2C1_DriverIRQHandler
 .text.CLOCK_EnableClock
                0x00002db0       0x34 ./drivers/fsl_lpsci.o
 .text.LPSCI_GetInstance
                0x00002de4       0x54 ./drivers/fsl_lpsci.o
                0x00002de4                LPSCI_GetInstance
 .text.LPSCI_Init
                0x00002e38      0x270 ./drivers/fsl_lpsci.o
                0x00002e38                LPSCI_Init
 .text.LPSCI_GetDefaultConfig
                0x000030a8       0x54 ./drivers/fsl_lpsci.o
                0x000030a8                LPSCI_GetDefaultConfig
 .text.LPSCI_EnableInterrupts
                0x000030fc       0x58 ./drivers/fsl_lpsci.o
                0x000030fc                LPSCI_EnableInterrupts
 .text.LPSCI_DisableInterrupts
                0x00003154       0x64 ./drivers/fsl_lpsci.o
                0x00003154                LPSCI_DisableInterrupts
 .text.LPSCI_GetStatusFlags
                0x000031b8       0x26 ./drivers/fsl_lpsci.o
                0x000031b8                LPSCI_GetStatusFlags
 *fill*         0x000031de        0x2 ff
 .text.LPSCI_ClearStatusFlags
                0x000031e0       0x94 ./drivers/fsl_lpsci.o
                0x000031e0                LPSCI_ClearStatusFlags
 .text.LPSCI_WriteBlocking
                0x00003274       0x5c ./drivers/fsl_lpsci.o
                0x00003274                LPSCI_WriteBlocking
 .text.LPSCI_ReadBlocking
                0x000032d0       0xd0 ./drivers/fsl_lpsci.o
                0x000032d0                LPSCI_ReadBlocking
 .text.UART0_DriverIRQHandler
                0x000033a0       0x24 ./drivers/fsl_lpsci.o
                0x000033a0                UART0_DriverIRQHandler
 .text.CLOCK_EnableClock
                0x000033c4       0x34 ./drivers/fsl_pit.o
 .text.PIT_GetInstance
                0x000033f8       0x54 ./drivers/fsl_pit.o
 .text.PIT_Init
                0x0000344c       0x78 ./drivers/fsl_pit.o
                0x0000344c                PIT_Init
 .text.SPI_CommonIRQHandler
                0x000034c4       0x54 ./drivers/fsl_spi.o
 .text.SPI0_DriverIRQHandler
                0x00003518       0x40 ./drivers/fsl_spi.o
                0x00003518                SPI0_DriverIRQHandler
 .text.SPI1_DriverIRQHandler
                0x00003558       0x40 ./drivers/fsl_spi.o
                0x00003558                SPI1_DriverIRQHandler
 .text.CLOCK_EnableClock
                0x00003598       0x34 ./drivers/fsl_uart.o
 .text.UART_GetInstance
                0x000035cc       0x60 ./drivers/fsl_uart.o
                0x000035cc                UART_GetInstance
 .text.UART_Init
                0x0000362c      0x1f8 ./drivers/fsl_uart.o
                0x0000362c                UART_Init
 .text.UART_GetDefaultConfig
                0x00003824       0x54 ./drivers/fsl_uart.o
                0x00003824                UART_GetDefaultConfig
 .text.UART_GetStatusFlags
                0x00003878       0x26 ./drivers/fsl_uart.o
                0x00003878                UART_GetStatusFlags
 .text.UART_WriteBlocking
                0x0000389e       0x3a ./drivers/fsl_uart.o
                0x0000389e                UART_WriteBlocking
 .text.UART_ReadBlocking
                0x000038d8       0xa8 ./drivers/fsl_uart.o
                0x000038d8                UART_ReadBlocking
 .text.UART1_DriverIRQHandler
                0x00003980       0x24 ./drivers/fsl_uart.o
                0x00003980                UART1_DriverIRQHandler
 .text.UART2_DriverIRQHandler
                0x000039a4       0x24 ./drivers/fsl_uart.o
                0x000039a4                UART2_DriverIRQHandler
 .text.CLOCK_SetLpsci0Clock
                0x000039c8       0x38 ./board/board.o
 .text.BOARD_InitDebugConsole
                0x00003a00       0x30 ./board/board.o
                0x00003a00                BOARD_InitDebugConsole
 .text.CLOCK_SetSimSafeDivs
                0x00003a30       0x20 ./board/clock_config.o
 .text.CLOCK_SetXtal0Freq
                0x00003a50       0x1c ./board/clock_config.o
 .text.BOARD_InitBootClocks
                0x00003a6c        0xe ./board/clock_config.o
                0x00003a6c                BOARD_InitBootClocks
 *fill*         0x00003a7a        0x2 ff
 .text.CLOCK_CONFIG_SetFllExtRefDiv
                0x00003a7c       0x3c ./board/clock_config.o
 .text.BOARD_BootClockRUN
                0x00003ab8       0x64 ./board/clock_config.o
                0x00003ab8                BOARD_BootClockRUN
 .text.BOARD_InitBootPeripherals
                0x00003b1c        0xa ./board/peripherals.o
                0x00003b1c                BOARD_InitBootPeripherals
 *fill*         0x00003b26        0x2 ff
 .text.CLOCK_EnableClock
                0x00003b28       0x34 ./board/pin_mux.o
 .text.PORT_SetPinMux
                0x00003b5c       0x40 ./board/pin_mux.o
 .text.BOARD_InitBootPins
                0x00003b9c        0xe ./board/pin_mux.o
                0x00003b9c                BOARD_InitBootPins
 *fill*         0x00003baa        0x2 ff
 .text.BOARD_InitPins
                0x00003bac       0x4c ./board/pin_mux.o
                0x00003bac                BOARD_InitPins
 .text.SystemInit
                0x00003bf8       0x18 ./CMSIS/system_MKL25Z4.o
                0x00003bf8                SystemInit
 .text          0x00003c10      0x114 c:/nxp/mcuxpressoide_10.3.0_2200/ide/plugins/com.nxp.mcuxpresso.tools.win32_10.3.0.201811011841/tools/bin/../lib/gcc/arm-none-eabi/7.3.1/thumb/v6-m\libgcc.a(_udivsi3.o)
                0x00003c10                __aeabi_uidiv
                0x00003c10                __udivsi3
                0x00003d1c                __aeabi_uidivmod
 .text          0x00003d24      0x1d4 c:/nxp/mcuxpressoide_10.3.0_2200/ide/plugins/com.nxp.mcuxpresso.tools.win32_10.3.0.201811011841/tools/bin/../lib/gcc/arm-none-eabi/7.3.1/thumb/v6-m\libgcc.a(_divsi3.o)
                0x00003d24                __divsi3
                0x00003d24                __aeabi_idiv
                0x00003ef0                __aeabi_idivmod
 .text          0x00003ef8        0x4 c:/nxp/mcuxpressoide_10.3.0_2200/ide/plugins/com.nxp.mcuxpresso.tools.win32_10.3.0.201811011841/tools/bin/../lib/gcc/arm-none-eabi/7.3.1/thumb/v6-m\libgcc.a(_dvmd_tls.o)
                0x00003ef8                __aeabi_idiv0
                0x00003ef8                __aeabi_ldiv0
 .text          0x00003efc       0x7c c:/nxp/mcuxpressoide_10.3.0_2200/ide/plugins/com.nxp.mcuxpresso.tools.win32_10.3.0.201811011841/tools/bin/../lib/gcc/arm-none-eabi/7.3.1/thumb/v6-m\libgcc.a(_arm_cmpdf2.o)
                0x00003efc                __aeabi_cdrcmple
                0x00003f0c                __aeabi_cdcmple
                0x00003f0c                __aeabi_cdcmpeq
                0x00003f1c                __aeabi_dcmpeq
                0x00003f28                __aeabi_dcmplt
                0x00003f3c                __aeabi_dcmple
                0x00003f50                __aeabi_dcmpgt
                0x00003f64                __aeabi_dcmpge
 .text          0x00003f78       0x40 c:/nxp/mcuxpressoide_10.3.0_2200/ide/plugins/com.nxp.mcuxpresso.tools.win32_10.3.0.201811011841/tools/bin/../lib/gcc/arm-none-eabi/7.3.1/thumb/v6-m\libgcc.a(_aeabi_uldivmod.o)
                0x00003f78                __aeabi_uldivmod
 .text          0x00003fb8       0x54 c:/nxp/mcuxpressoide_10.3.0_2200/ide/plugins/com.nxp.mcuxpresso.tools.win32_10.3.0.201811011841/tools/bin/../lib/gcc/arm-none-eabi/7.3.1/thumb/v6-m\libgcc.a(_muldi3.o)
                0x00003fb8                __muldi3
                0x00003fb8                __aeabi_lmul
 .text          0x0000400c      0x184 c:/nxp/mcuxpressoide_10.3.0_2200/ide/plugins/com.nxp.mcuxpresso.tools.win32_10.3.0.201811011841/tools/bin/../lib/gcc/arm-none-eabi/7.3.1/thumb/v6-m\libgcc.a(_udivmoddi4.o)
                0x0000400c                __udivmoddi4
 .text          0x00004190       0x78 c:/nxp/mcuxpressoide_10.3.0_2200/ide/plugins/com.nxp.mcuxpresso.tools.win32_10.3.0.201811011841/tools/bin/../lib/gcc/arm-none-eabi/7.3.1/thumb/v6-m\libgcc.a(eqdf2.o)
                0x00004190                __nedf2
                0x00004190                __eqdf2
 .text          0x00004208       0xc8 c:/nxp/mcuxpressoide_10.3.0_2200/ide/plugins/com.nxp.mcuxpresso.tools.win32_10.3.0.201811011841/tools/bin/../lib/gcc/arm-none-eabi/7.3.1/thumb/v6-m\libgcc.a(gedf2.o)
                0x00004208                __gedf2
                0x00004208                __gtdf2
 .text          0x000042d0       0xd0 c:/nxp/mcuxpressoide_10.3.0_2200/ide/plugins/com.nxp.mcuxpresso.tools.win32_10.3.0.201811011841/tools/bin/../lib/gcc/arm-none-eabi/7.3.1/thumb/v6-m\libgcc.a(ledf2.o)
                0x000042d0                __ledf2
                0x000042d0                __ltdf2
 .text          0x000043a0      0xa08 c:/nxp/mcuxpressoide_10.3.0_2200/ide/plugins/com.nxp.mcuxpresso.tools.win32_10.3.0.201811011841/tools/bin/../lib/gcc/arm-none-eabi/7.3.1/thumb/v6-m\libgcc.a(unwind-arm.o)
                0x0000465c                _Unwind_GetCFA
                0x00004660                __gnu_Unwind_RaiseException
                0x000046b4                __gnu_Unwind_ForcedUnwind
                0x000046c8                __gnu_Unwind_Resume
                0x00004710                __gnu_Unwind_Resume_or_Rethrow
                0x0000472c                _Unwind_Complete
                0x00004730                _Unwind_DeleteException
                0x00004740                _Unwind_VRS_Get
                0x00004788                _Unwind_VRS_Set
                0x000047d0                __gnu_Unwind_Backtrace
                0x00004b20                __aeabi_unwind_cpp_pr0
                0x00004b2c                __aeabi_unwind_cpp_pr1
                0x00004b38                __aeabi_unwind_cpp_pr2
                0x00004b44                _Unwind_VRS_Pop
 .text          0x00004da8      0x144 c:/nxp/mcuxpressoide_10.3.0_2200/ide/plugins/com.nxp.mcuxpresso.tools.win32_10.3.0.201811011841/tools/bin/../lib/gcc/arm-none-eabi/7.3.1/thumb/v6-m\libgcc.a(libunwind.o)
                0x00004da8                __restore_core_regs
                0x00004da8                restore_core_regs
                0x00004dd4                __gnu_Unwind_Restore_VFP
                0x00004dd8                __gnu_Unwind_Save_VFP
                0x00004ddc                __gnu_Unwind_Restore_VFP_D
                0x00004de0                __gnu_Unwind_Save_VFP_D
                0x00004de4                __gnu_Unwind_Restore_VFP_D_16_to_31
                0x00004de8                __gnu_Unwind_Save_VFP_D_16_to_31
                0x00004dec                __gnu_Unwind_Restore_WMMXD
                0x00004df0                __gnu_Unwind_Save_WMMXD
                0x00004df4                __gnu_Unwind_Restore_WMMXC
                0x00004df8                __gnu_Unwind_Save_WMMXC
                0x00004dfc                ___Unwind_RaiseException
                0x00004dfc                _Unwind_RaiseException
                0x00004e2c                _Unwind_Resume
                0x00004e2c                ___Unwind_Resume
                0x00004e5c                _Unwind_Resume_or_Rethrow
                0x00004e5c                ___Unwind_Resume_or_Rethrow
                0x00004e8c                _Unwind_ForcedUnwind
                0x00004e8c                ___Unwind_ForcedUnwind
                0x00004ebc                ___Unwind_Backtrace
                0x00004ebc                _Unwind_Backtrace
 .text          0x00004eec      0x39c c:/nxp/mcuxpressoide_10.3.0_2200/ide/plugins/com.nxp.mcuxpresso.tools.win32_10.3.0.201811011841/tools/bin/../lib/gcc/arm-none-eabi/7.3.1/thumb/v6-m\libgcc.a(pr-support.o)
                0x00004f40                __gnu_unwind_execute
                0x00005230                __gnu_unwind_frame
                0x00005258                _Unwind_GetRegionStart
                0x00005264                _Unwind_GetLanguageSpecificData
                0x00005278                _Unwind_GetDataRelBase
                0x00005280                _Unwind_GetTextRelBase
 .text          0x00005288       0x18 c:/nxp/mcuxpressoide_10.3.0_2200/ide/plugins/com.nxp.mcuxpresso.tools.win32_10.3.0.201811011841/tools/bin/../lib/gcc/arm-none-eabi/7.3.1/thumb/v6-m\libgcc.a(_clzdi2.o)
                0x00005288                __clzdi2
 .text          0x000052a0       0x3c c:/nxp/mcuxpressoide_10.3.0_2200/ide/plugins/com.nxp.mcuxpresso.tools.win32_10.3.0.201811011841/tools/bin/../lib/gcc/arm-none-eabi/7.3.1/thumb/v6-m\libgcc.a(_clzsi2.o)
                0x000052a0                __clzsi2
 .text.abort    0x000052dc        0xe c:/nxp/mcuxpressoide_10.3.0_2200/ide/plugins/com.nxp.mcuxpresso.tools.win32_10.3.0.201811011841/tools/bin/../lib/gcc/arm-none-eabi/7.3.1/../../../../arm-none-eabi/lib/thumb/v6-m\libc_nano.a(lib_a-abort.o)
                0x000052dc                abort
 .text.__aeabi_atexit
                0x000052ea        0xe c:/nxp/mcuxpressoide_10.3.0_2200/ide/plugins/com.nxp.mcuxpresso.tools.win32_10.3.0.201811011841/tools/bin/../lib/gcc/arm-none-eabi/7.3.1/../../../../arm-none-eabi/lib/thumb/v6-m\libc_nano.a(lib_a-aeabi_atexit.o)
                0x000052ea                __aeabi_atexit
 .text.bzero    0x000052f8        0xc c:/nxp/mcuxpressoide_10.3.0_2200/ide/plugins/com.nxp.mcuxpresso.tools.win32_10.3.0.201811011841/tools/bin/../lib/gcc/arm-none-eabi/7.3.1/../../../../arm-none-eabi/lib/thumb/v6-m\libc_nano.a(lib_a-bzero.o)
                0x000052f8                bzero
 .text.__cxa_atexit
                0x00005304       0x1c c:/nxp/mcuxpressoide_10.3.0_2200/ide/plugins/com.nxp.mcuxpresso.tools.win32_10.3.0.201811011841/tools/bin/../lib/gcc/arm-none-eabi/7.3.1/../../../../arm-none-eabi/lib/thumb/v6-m\libc_nano.a(lib_a-cxa_atexit.o)
                0x00005304                __cxa_atexit
 .text.__libc_init_array
                0x00005320       0x48 c:/nxp/mcuxpressoide_10.3.0_2200/ide/plugins/com.nxp.mcuxpresso.tools.win32_10.3.0.201811011841/tools/bin/../lib/gcc/arm-none-eabi/7.3.1/../../../../arm-none-eabi/lib/thumb/v6-m\libc_nano.a(lib_a-init.o)
                0x00005320                __libc_init_array
 .text.memcpy   0x00005368       0x12 c:/nxp/mcuxpressoide_10.3.0_2200/ide/plugins/com.nxp.mcuxpresso.tools.win32_10.3.0.201811011841/tools/bin/../lib/gcc/arm-none-eabi/7.3.1/../../../../arm-none-eabi/lib/thumb/v6-m\libc_nano.a(lib_a-memcpy-stub.o)
                0x00005368                memcpy
 .text.memset   0x0000537a       0x10 c:/nxp/mcuxpressoide_10.3.0_2200/ide/plugins/com.nxp.mcuxpresso.tools.win32_10.3.0.201811011841/tools/bin/../lib/gcc/arm-none-eabi/7.3.1/../../../../arm-none-eabi/lib/thumb/v6-m\libc_nano.a(lib_a-memset.o)
                0x0000537a                memset
 .text._raise_r
                0x0000538a       0x54 c:/nxp/mcuxpressoide_10.3.0_2200/ide/plugins/com.nxp.mcuxpresso.tools.win32_10.3.0.201811011841/tools/bin/../lib/gcc/arm-none-eabi/7.3.1/../../../../arm-none-eabi/lib/thumb/v6-m\libc_nano.a(lib_a-signal.o)
                0x0000538a                _raise_r
 *fill*         0x000053de        0x2 ff
 .text.raise    0x000053e0       0x14 c:/nxp/mcuxpressoide_10.3.0_2200/ide/plugins/com.nxp.mcuxpresso.tools.win32_10.3.0.201811011841/tools/bin/../lib/gcc/arm-none-eabi/7.3.1/../../../../arm-none-eabi/lib/thumb/v6-m\libc_nano.a(lib_a-signal.o)
                0x000053e0                raise
 .text._kill_r  0x000053f4       0x24 c:/nxp/mcuxpressoide_10.3.0_2200/ide/plugins/com.nxp.mcuxpresso.tools.win32_10.3.0.201811011841/tools/bin/../lib/gcc/arm-none-eabi/7.3.1/../../../../arm-none-eabi/lib/thumb/v6-m\libc_nano.a(lib_a-signalr.o)
                0x000053f4                _kill_r
 .text._getpid_r
                0x00005418        0x8 c:/nxp/mcuxpressoide_10.3.0_2200/ide/plugins/com.nxp.mcuxpresso.tools.win32_10.3.0.201811011841/tools/bin/../lib/gcc/arm-none-eabi/7.3.1/../../../../arm-none-eabi/lib/thumb/v6-m\libc_nano.a(lib_a-signalr.o)
                0x00005418                _getpid_r
 .text          0x00005420        0xe c:/nxp/mcuxpressoide_10.3.0_2200/ide/plugins/com.nxp.mcuxpresso.tools.win32_10.3.0.201811011841/tools/bin/../lib/gcc/arm-none-eabi/7.3.1/../../../../arm-none-eabi/lib/thumb/v6-m\libc_nano.a(lib_a-strlen.o)
                0x00005420                strlen
 .text.__malloc_lock
                0x0000542e        0x2 c:/nxp/mcuxpressoide_10.3.0_2200/ide/plugins/com.nxp.mcuxpresso.tools.win32_10.3.0.201811011841/tools/bin/../lib/gcc/arm-none-eabi/7.3.1/../../../../arm-none-eabi/lib/thumb/v6-m\libc_nano.a(lib_a-mlock.o)
                0x0000542e                __malloc_lock
 .text.__malloc_unlock
                0x00005430        0x2 c:/nxp/mcuxpressoide_10.3.0_2200/ide/plugins/com.nxp.mcuxpresso.tools.win32_10.3.0.201811011841/tools/bin/../lib/gcc/arm-none-eabi/7.3.1/../../../../arm-none-eabi/lib/thumb/v6-m\libc_nano.a(lib_a-mlock.o)
                0x00005430                __malloc_unlock
 *fill*         0x00005432        0x2 ff
 .text._free_r  0x00005434       0x94 c:/nxp/mcuxpressoide_10.3.0_2200/ide/plugins/com.nxp.mcuxpresso.tools.win32_10.3.0.201811011841/tools/bin/../lib/gcc/arm-none-eabi/7.3.1/../../../../arm-none-eabi/lib/thumb/v6-m\libc_nano.a(lib_a-nano-freer.o)
                0x00005434                _free_r
 .text._ZL12read_uleb128PKhPm
                0x000054c8       0x2c c:/nxp/mcuxpressoide_10.3.0_2200/ide/plugins/com.nxp.mcuxpresso.tools.win32_10.3.0.201811011841/tools/bin/../lib/gcc/arm-none-eabi/7.3.1/../../../../arm-none-eabi/lib/thumb/v6-m\libstdc++_nano.a(eh_personality.o)
 .text._ZL12read_sleb128PKhPl
                0x000054f4       0x34 c:/nxp/mcuxpressoide_10.3.0_2200/ide/plugins/com.nxp.mcuxpresso.tools.win32_10.3.0.201811011841/tools/bin/../lib/gcc/arm-none-eabi/7.3.1/../../../../arm-none-eabi/lib/thumb/v6-m\libstdc++_nano.a(eh_personality.o)
 .text._ZL28read_encoded_value_with_basehjPKhPj
                0x00005528       0xb2 c:/nxp/mcuxpressoide_10.3.0_2200/ide/plugins/com.nxp.mcuxpresso.tools.win32_10.3.0.201811011841/tools/bin/../lib/gcc/arm-none-eabi/7.3.1/../../../../arm-none-eabi/lib/thumb/v6-m\libstdc++_nano.a(eh_personality.o)
 .text._Unwind_GetGR
                0x000055da       0x16 c:/nxp/mcuxpressoide_10.3.0_2200/ide/plugins/com.nxp.mcuxpresso.tools.win32_10.3.0.201811011841/tools/bin/../lib/gcc/arm-none-eabi/7.3.1/../../../../arm-none-eabi/lib/thumb/v6-m\libstdc++_nano.a(eh_personality.o)
 .text._ZL21base_of_encoded_valuehP15_Unwind_Context.part.3
                0x000055f0       0x3e c:/nxp/mcuxpressoide_10.3.0_2200/ide/plugins/com.nxp.mcuxpresso.tools.win32_10.3.0.201811011841/tools/bin/../lib/gcc/arm-none-eabi/7.3.1/../../../../arm-none-eabi/lib/thumb/v6-m\libstdc++_nano.a(eh_personality.o)
 .text._ZL18read_encoded_valueP15_Unwind_ContexthPKhPj
                0x0000562e       0x24 c:/nxp/mcuxpressoide_10.3.0_2200/ide/plugins/com.nxp.mcuxpresso.tools.win32_10.3.0.201811011841/tools/bin/../lib/gcc/arm-none-eabi/7.3.1/../../../../arm-none-eabi/lib/thumb/v6-m\libstdc++_nano.a(eh_personality.o)
 .text._ZL17parse_lsda_headerP15_Unwind_ContextPKhP16lsda_header_info
                0x00005652       0x62 c:/nxp/mcuxpressoide_10.3.0_2200/ide/plugins/com.nxp.mcuxpresso.tools.win32_10.3.0.201811011841/tools/bin/../lib/gcc/arm-none-eabi/7.3.1/../../../../arm-none-eabi/lib/thumb/v6-m\libstdc++_nano.a(eh_personality.o)
 .text.__gxx_personality_v0
                0x000056b4      0x370 c:/nxp/mcuxpressoide_10.3.0_2200/ide/plugins/com.nxp.mcuxpresso.tools.win32_10.3.0.201811011841/tools/bin/../lib/gcc/arm-none-eabi/7.3.1/../../../../arm-none-eabi/lib/thumb/v6-m\libstdc++_nano.a(eh_personality.o)
                0x000056b4                __gxx_personality_v0
 .text._ZN10__cxxabiv1L24__is_gxx_exception_classEPc
                0x00005a24       0x3a c:/nxp/mcuxpressoide_10.3.0_2200/ide/plugins/com.nxp.mcuxpresso.tools.win32_10.3.0.201811011841/tools/bin/../lib/gcc/arm-none-eabi/7.3.1/../../../../arm-none-eabi/lib/thumb/v6-m\libstdc++_nano.a(eh_call.o)
 .text.__cxa_call_terminate
                0x00005a5e       0x20 c:/nxp/mcuxpressoide_10.3.0_2200/ide/plugins/com.nxp.mcuxpresso.tools.win32_10.3.0.201811011841/tools/bin/../lib/gcc/arm-none-eabi/7.3.1/../../../../arm-none-eabi/lib/thumb/v6-m\libstdc++_nano.a(eh_call.o)
                0x00005a5e                __cxa_call_terminate
 .text.__cxa_call_unexpected
                0x00005a7e       0x2e c:/nxp/mcuxpressoide_10.3.0_2200/ide/plugins/com.nxp.mcuxpresso.tools.win32_10.3.0.201811011841/tools/bin/../lib/gcc/arm-none-eabi/7.3.1/../../../../arm-none-eabi/lib/thumb/v6-m\libstdc++_nano.a(eh_call.o)
                0x00005a7e                __cxa_call_unexpected
 .text._ZN10__cxxabiv1L24__is_gxx_exception_classEPc
                0x00005aac       0x3a c:/nxp/mcuxpressoide_10.3.0_2200/ide/plugins/com.nxp.mcuxpresso.tools.win32_10.3.0.201811011841/tools/bin/../lib/gcc/arm-none-eabi/7.3.1/../../../../arm-none-eabi/lib/thumb/v6-m\libstdc++_nano.a(eh_catch.o)
 .text.__cxa_begin_catch
                0x00005ae6       0x4e c:/nxp/mcuxpressoide_10.3.0_2200/ide/plugins/com.nxp.mcuxpresso.tools.win32_10.3.0.201811011841/tools/bin/../lib/gcc/arm-none-eabi/7.3.1/../../../../arm-none-eabi/lib/thumb/v6-m\libstdc++_nano.a(eh_catch.o)
                0x00005ae6                __cxa_begin_catch
 .text.__cxa_get_globals
                0x00005b34        0x8 c:/nxp/mcuxpressoide_10.3.0_2200/ide/plugins/com.nxp.mcuxpresso.tools.win32_10.3.0.201811011841/tools/bin/../lib/gcc/arm-none-eabi/7.3.1/../../../../arm-none-eabi/lib/thumb/v6-m\libstdc++_nano.a(eh_globals.o)
                0x00005b34                __cxa_get_globals
 .text._ZN10__cxxabiv111__terminateEPFvvE
                0x00005b3c        0x8 c:/nxp/mcuxpressoide_10.3.0_2200/ide/plugins/com.nxp.mcuxpresso.tools.win32_10.3.0.201811011841/tools/bin/../lib/gcc/arm-none-eabi/7.3.1/../../../../arm-none-eabi/lib/thumb/v6-m\libstdc++_nano.a(eh_terminate.o)
                0x00005b3c                __cxxabiv1::__terminate(void (*)())
 .text._ZSt9terminatev
                0x00005b44       0x10 c:/nxp/mcuxpressoide_10.3.0_2200/ide/plugins/com.nxp.mcuxpresso.tools.win32_10.3.0.201811011841/tools/bin/../lib/gcc/arm-none-eabi/7.3.1/../../../../arm-none-eabi/lib/thumb/v6-m\libstdc++_nano.a(eh_terminate.o)
                0x00005b44                std::terminate()
 .text._ZN10__cxxabiv112__unexpectedEPFvvE
                0x00005b54        0x8 c:/nxp/mcuxpressoide_10.3.0_2200/ide/plugins/com.nxp.mcuxpresso.tools.win32_10.3.0.201811011841/tools/bin/../lib/gcc/arm-none-eabi/7.3.1/../../../../arm-none-eabi/lib/thumb/v6-m\libstdc++_nano.a(eh_terminate.o)
                0x00005b54                __cxxabiv1::__unexpected(void (*)())
 .text._ZSt10unexpectedv
                0x00005b5c       0x10 c:/nxp/mcuxpressoide_10.3.0_2200/ide/plugins/com.nxp.mcuxpresso.tools.win32_10.3.0.201811011841/tools/bin/../lib/gcc/arm-none-eabi/7.3.1/../../../../arm-none-eabi/lib/thumb/v6-m\libstdc++_nano.a(eh_terminate.o)
                0x00005b5c                std::unexpected()
 .text.__cxa_end_cleanup
                0x00005b6c        0xc c:/nxp/mcuxpressoide_10.3.0_2200/ide/plugins/com.nxp.mcuxpresso.tools.win32_10.3.0.201811011841/tools/bin/../lib/gcc/arm-none-eabi/7.3.1/../../../../arm-none-eabi/lib/thumb/v6-m\libstdc++_nano.a(eh_arm.o)
                0x00005b6c                __cxa_end_cleanup
 .text._ZN10__cxxabiv1L24__is_gxx_exception_classEPc
                0x00005b78       0x3a c:/nxp/mcuxpressoide_10.3.0_2200/ide/plugins/com.nxp.mcuxpresso.tools.win32_10.3.0.201811011841/tools/bin/../lib/gcc/arm-none-eabi/7.3.1/../../../../arm-none-eabi/lib/thumb/v6-m\libstdc++_nano.a(eh_arm.o)
 *fill*         0x00005bb2        0x2 ff
 .text.__cxa_type_match
                0x00005bb4       0xb8 c:/nxp/mcuxpressoide_10.3.0_2200/ide/plugins/com.nxp.mcuxpresso.tools.win32_10.3.0.201811011841/tools/bin/../lib/gcc/arm-none-eabi/7.3.1/../../../../arm-none-eabi/lib/thumb/v6-m\libstdc++_nano.a(eh_arm.o)
                0x00005bb4                __cxa_type_match
 .text.__cxa_begin_cleanup
                0x00005c6c       0x36 c:/nxp/mcuxpressoide_10.3.0_2200/ide/plugins/com.nxp.mcuxpresso.tools.win32_10.3.0.201811011841/tools/bin/../lib/gcc/arm-none-eabi/7.3.1/../../../../arm-none-eabi/lib/thumb/v6-m\libstdc++_nano.a(eh_arm.o)
                0x00005c6c                __cxa_begin_cleanup
 .text.__gnu_end_cleanup
                0x00005ca2       0x38 c:/nxp/mcuxpressoide_10.3.0_2200/ide/plugins/com.nxp.mcuxpresso.tools.win32_10.3.0.201811011841/tools/bin/../lib/gcc/arm-none-eabi/7.3.1/../../../../arm-none-eabi/lib/thumb/v6-m\libstdc++_nano.a(eh_arm.o)
                0x00005ca2                __gnu_end_cleanup
 .text._ZdlPvj  0x00005cda        0x8 c:/nxp/mcuxpressoide_10.3.0_2200/ide/plugins/com.nxp.mcuxpresso.tools.win32_10.3.0.201811011841/tools/bin/../lib/gcc/arm-none-eabi/7.3.1/../../../../arm-none-eabi/lib/thumb/v6-m\libstdc++_nano.a(del_ops.o)
                0x00005cda                operator delete(void*, unsigned int)
 .text._ZNK10__cxxabiv117__class_type_info11__do_upcastEPKS0_PPv
                0x00005ce2       0x34 c:/nxp/mcuxpressoide_10.3.0_2200/ide/plugins/com.nxp.mcuxpresso.tools.win32_10.3.0.201811011841/tools/bin/../lib/gcc/arm-none-eabi/7.3.1/../../../../arm-none-eabi/lib/thumb/v6-m\libstdc++_nano.a(class_type_info.o)
                0x00005ce2                __cxxabiv1::__class_type_info::__do_upcast(__cxxabiv1::__class_type_info const*, void**) const
 .text._ZNK10__cxxabiv117__class_type_info20__do_find_public_srcEiPKvPKS0_S2_
                0x00005d16        0xc c:/nxp/mcuxpressoide_10.3.0_2200/ide/plugins/com.nxp.mcuxpresso.tools.win32_10.3.0.201811011841/tools/bin/../lib/gcc/arm-none-eabi/7.3.1/../../../../arm-none-eabi/lib/thumb/v6-m\libstdc++_nano.a(class_type_info.o)
                0x00005d16                __cxxabiv1::__class_type_info::__do_find_public_src(int, void const*, __cxxabiv1::__class_type_info const*, void const*) const
 *fill*         0x00005d22        0x2 ff
 .text._ZN10__cxxabiv117__class_type_infoD2Ev
                0x00005d24       0x18 c:/nxp/mcuxpressoide_10.3.0_2200/ide/plugins/com.nxp.mcuxpresso.tools.win32_10.3.0.201811011841/tools/bin/../lib/gcc/arm-none-eabi/7.3.1/../../../../arm-none-eabi/lib/thumb/v6-m\libstdc++_nano.a(class_type_info.o)
                0x00005d24                __cxxabiv1::__class_type_info::~__class_type_info()
                0x00005d24                __cxxabiv1::__class_type_info::~__class_type_info()
 .text._ZN10__cxxabiv117__class_type_infoD0Ev
                0x00005d3c       0x14 c:/nxp/mcuxpressoide_10.3.0_2200/ide/plugins/com.nxp.mcuxpresso.tools.win32_10.3.0.201811011841/tools/bin/../lib/gcc/arm-none-eabi/7.3.1/../../../../arm-none-eabi/lib/thumb/v6-m\libstdc++_nano.a(class_type_info.o)
                0x00005d3c                __cxxabiv1::__class_type_info::~__class_type_info()
 .text._ZNK10__cxxabiv117__class_type_info12__do_dyncastEiNS0_10__sub_kindEPKS0_PKvS3_S5_RNS0_16__dyncast_resultE
                0x00005d50       0x3a c:/nxp/mcuxpressoide_10.3.0_2200/ide/plugins/com.nxp.mcuxpresso.tools.win32_10.3.0.201811011841/tools/bin/../lib/gcc/arm-none-eabi/7.3.1/../../../../arm-none-eabi/lib/thumb/v6-m\libstdc++_nano.a(class_type_info.o)
                0x00005d50                __cxxabiv1::__class_type_info::__do_dyncast(int, __cxxabiv1::__class_type_info::__sub_kind, __cxxabiv1::__class_type_info const*, void const*, __cxxabiv1::__class_type_info const*, void const*, __cxxabiv1::__class_type_info::__dyncast_result&) const
 .text._ZNK10__cxxabiv117__class_type_info11__do_upcastEPKS0_PKvRNS0_15__upcast_resultE
                0x00005d8a       0x1a c:/nxp/mcuxpressoide_10.3.0_2200/ide/plugins/com.nxp.mcuxpresso.tools.win32_10.3.0.201811011841/tools/bin/../lib/gcc/arm-none-eabi/7.3.1/../../../../arm-none-eabi/lib/thumb/v6-m\libstdc++_nano.a(class_type_info.o)
                0x00005d8a                __cxxabiv1::__class_type_info::__do_upcast(__cxxabiv1::__class_type_info const*, void const*, __cxxabiv1::__class_type_info::__upcast_result&) const
 .text._ZNK10__cxxabiv117__class_type_info10__do_catchEPKSt9type_infoPPvj
                0x00005da4       0x24 c:/nxp/mcuxpressoide_10.3.0_2200/ide/plugins/com.nxp.mcuxpresso.tools.win32_10.3.0.201811011841/tools/bin/../lib/gcc/arm-none-eabi/7.3.1/../../../../arm-none-eabi/lib/thumb/v6-m\libstdc++_nano.a(class_type_info.o)
                0x00005da4                __cxxabiv1::__class_type_info::__do_catch(std::type_info const*, void**, unsigned int) const
 .text._ZdlPv   0x00005dc8        0x8 c:/nxp/mcuxpressoide_10.3.0_2200/ide/plugins/com.nxp.mcuxpresso.tools.win32_10.3.0.201811011841/tools/bin/../lib/gcc/arm-none-eabi/7.3.1/../../../../arm-none-eabi/lib/thumb/v6-m\libstdc++_nano.a(del_op.o)
                0x00005dc8                operator delete(void*)
 .text._ZN10__cxxabiv120__si_class_type_infoD2Ev
                0x00005dd0       0x18 c:/nxp/mcuxpressoide_10.3.0_2200/ide/plugins/com.nxp.mcuxpresso.tools.win32_10.3.0.201811011841/tools/bin/../lib/gcc/arm-none-eabi/7.3.1/../../../../arm-none-eabi/lib/thumb/v6-m\libstdc++_nano.a(si_class_type_info.o)
                0x00005dd0                __cxxabiv1::__si_class_type_info::~__si_class_type_info()
                0x00005dd0                __cxxabiv1::__si_class_type_info::~__si_class_type_info()
 .text._ZN10__cxxabiv120__si_class_type_infoD0Ev
                0x00005de8       0x14 c:/nxp/mcuxpressoide_10.3.0_2200/ide/plugins/com.nxp.mcuxpresso.tools.win32_10.3.0.201811011841/tools/bin/../lib/gcc/arm-none-eabi/7.3.1/../../../../arm-none-eabi/lib/thumb/v6-m\libstdc++_nano.a(si_class_type_info.o)
                0x00005de8                __cxxabiv1::__si_class_type_info::~__si_class_type_info()
 .text._ZNK10__cxxabiv120__si_class_type_info20__do_find_public_srcEiPKvPKNS_17__class_type_infoES2_
                0x00005dfc       0x32 c:/nxp/mcuxpressoide_10.3.0_2200/ide/plugins/com.nxp.mcuxpresso.tools.win32_10.3.0.201811011841/tools/bin/../lib/gcc/arm-none-eabi/7.3.1/../../../../arm-none-eabi/lib/thumb/v6-m\libstdc++_nano.a(si_class_type_info.o)
                0x00005dfc                __cxxabiv1::__si_class_type_info::__do_find_public_src(int, void const*, __cxxabiv1::__class_type_info const*, void const*) const
 .text._ZNK10__cxxabiv120__si_class_type_info12__do_dyncastEiNS_17__class_type_info10__sub_kindEPKS1_PKvS4_S6_RNS1_16__dyncast_resultE
                0x00005e2e       0x80 c:/nxp/mcuxpressoide_10.3.0_2200/ide/plugins/com.nxp.mcuxpresso.tools.win32_10.3.0.201811011841/tools/bin/../lib/gcc/arm-none-eabi/7.3.1/../../../../arm-none-eabi/lib/thumb/v6-m\libstdc++_nano.a(si_class_type_info.o)
                0x00005e2e                __cxxabiv1::__si_class_type_info::__do_dyncast(int, __cxxabiv1::__class_type_info::__sub_kind, __cxxabiv1::__class_type_info const*, void const*, __cxxabiv1::__class_type_info const*, void const*, __cxxabiv1::__class_type_info::__dyncast_result&) const
 .text._ZNK10__cxxabiv120__si_class_type_info11__do_upcastEPKNS_17__class_type_infoEPKvRNS1_15__upcast_resultE
                0x00005eae       0x22 c:/nxp/mcuxpressoide_10.3.0_2200/ide/plugins/com.nxp.mcuxpresso.tools.win32_10.3.0.201811011841/tools/bin/../lib/gcc/arm-none-eabi/7.3.1/../../../../arm-none-eabi/lib/thumb/v6-m\libstdc++_nano.a(si_class_type_info.o)
                0x00005eae                __cxxabiv1::__si_class_type_info::__do_upcast(__cxxabiv1::__class_type_info const*, void const*, __cxxabiv1::__class_type_info::__upcast_result&) const
 .text._ZNSt9type_infoD2Ev
                0x00005ed0        0x2 c:/nxp/mcuxpressoide_10.3.0_2200/ide/plugins/com.nxp.mcuxpresso.tools.win32_10.3.0.201811011841/tools/bin/../lib/gcc/arm-none-eabi/7.3.1/../../../../arm-none-eabi/lib/thumb/v6-m\libstdc++_nano.a(tinfo.o)
                0x00005ed0                std::type_info::~type_info()
                0x00005ed0                std::type_info::~type_info()
 .text._ZNKSt9type_info14__is_pointer_pEv
                0x00005ed2        0x4 c:/nxp/mcuxpressoide_10.3.0_2200/ide/plugins/com.nxp.mcuxpresso.tools.win32_10.3.0.201811011841/tools/bin/../lib/gcc/arm-none-eabi/7.3.1/../../../../arm-none-eabi/lib/thumb/v6-m\libstdc++_nano.a(tinfo.o)
                0x00005ed2                std::type_info::__is_pointer_p() const
                0x00005ed2                std::type_info::__is_function_p() const
 .text._ZNKSt9type_infoeqERKS_
                0x00005ed6       0x2c c:/nxp/mcuxpressoide_10.3.0_2200/ide/plugins/com.nxp.mcuxpresso.tools.win32_10.3.0.201811011841/tools/bin/../lib/gcc/arm-none-eabi/7.3.1/../../../../arm-none-eabi/lib/thumb/v6-m\libstdc++_nano.a(tinfo.o)
                0x00005ed6                std::type_info::operator==(std::type_info const&) const
 .text._exit    0x00005f02        0x2 c:/nxp/mcuxpressoide_10.3.0_2200/ide/plugins/com.nxp.mcuxpresso.tools.win32_10.3.0.201811011841/tools/bin/../lib/gcc/arm-none-eabi/7.3.1/../../../../arm-none-eabi/lib/thumb/v6-m\libcr_newlib_nohost.a(_exit.o)
                0x00005f02                _exit
 .text._getpid  0x00005f04       0x10 c:/nxp/mcuxpressoide_10.3.0_2200/ide/plugins/com.nxp.mcuxpresso.tools.win32_10.3.0.201811011841/tools/bin/../lib/gcc/arm-none-eabi/7.3.1/../../../../arm-none-eabi/lib/thumb/v6-m\libcr_newlib_nohost.a(getpid.o)
                0x00005f04                _getpid
 .text._kill    0x00005f14       0x10 c:/nxp/mcuxpressoide_10.3.0_2200/ide/plugins/com.nxp.mcuxpresso.tools.win32_10.3.0.201811011841/tools/bin/../lib/gcc/arm-none-eabi/7.3.1/../../../../arm-none-eabi/lib/thumb/v6-m\libcr_newlib_nohost.a(kill.o)
                0x00005f14                _kill
 .text          0x00005f24       0x48 c:/nxp/mcuxpressoide_10.3.0_2200/ide/plugins/com.nxp.mcuxpresso.tools.win32_10.3.0.201811011841/tools/bin/../lib/gcc/arm-none-eabi/7.3.1/thumb/v6-m\crtbegin.o
 .text          0x00005f6c       0x14 c:/nxp/mcuxpressoide_10.3.0_2200/ide/plugins/com.nxp.mcuxpresso.tools.win32_10.3.0.201811011841/tools/bin/../lib/gcc/arm-none-eabi/7.3.1/thumb/v6-m\libgcc.a(_thumb1_case_uqi.o)
                0x00005f6c                __gnu_thumb1_case_uqi
 .text          0x00005f80       0x14 c:/nxp/mcuxpressoide_10.3.0_2200/ide/plugins/com.nxp.mcuxpresso.tools.win32_10.3.0.201811011841/tools/bin/../lib/gcc/arm-none-eabi/7.3.1/thumb/v6-m\libgcc.a(_thumb1_case_shi.o)
                0x00005f80                __gnu_thumb1_case_shi
 .text.free     0x00005f94       0x14 c:/nxp/mcuxpressoide_10.3.0_2200/ide/plugins/com.nxp.mcuxpresso.tools.win32_10.3.0.201811011841/tools/bin/../lib/gcc/arm-none-eabi/7.3.1/../../../../arm-none-eabi/lib/thumb/v6-m\libc_nano.a(lib_a-malloc.o)
                0x00005f94                free
 .text          0x00005fa8       0x14 c:/nxp/mcuxpressoide_10.3.0_2200/ide/plugins/com.nxp.mcuxpresso.tools.win32_10.3.0.201811011841/tools/bin/../lib/gcc/arm-none-eabi/7.3.1/../../../../arm-none-eabi/lib/thumb/v6-m\libc_nano.a(lib_a-strcmp.o)
                0x00005fa8                strcmp
 *(.rodata .rodata.* .constdata .constdata.*)
 .rodata        0x00005fbc       0x49 ./source/pit_timer/pittimer.o
 *fill*         0x00006005        0x3 ff
 .rodata        0x00006008      0x1fd ./source/ele_protocol/EleComunicate.o
                0x000061dc                vtable for Ele_Comunicate
                0x000061ec                typeinfo for Ele_Comunicate
                0x000061f4                typeinfo name for Ele_Comunicate
 *fill*         0x00006205        0x3 ff
 .rodata        0x00006208       0x21 ./source/UART/L_BUFER.o
                0x00006208                vtable for L_BUFER
                0x00006218                typeinfo for L_BUFER
                0x00006220                typeinfo name for L_BUFER
 *fill*         0x00006229        0x3 ff
 .rodata        0x0000622c       0x47 ./drivers/fsl_clock.o
 *fill*         0x00006273        0x1 ff
 .rodata.CLOCK_GetFreq
                0x00006274       0x38 ./drivers/fsl_clock.o
 .rodata.__func__.5287
                0x000062ac       0x17 ./drivers/fsl_clock.o
 *fill*         0x000062c3        0x1 ff
 .rodata.__func__.5320
                0x000062c4       0x17 ./drivers/fsl_clock.o
 *fill*         0x000062db        0x1 ff
 .rodata.__func__.5328
                0x000062dc       0x16 ./drivers/fsl_clock.o
 *fill*         0x000062f2        0x2 ff
 .rodata.fllFactorTable.5393
                0x000062f4       0x10 ./drivers/fsl_clock.o
 .rodata.__func__.5408
                0x00006304       0x12 ./drivers/fsl_clock.o
 *fill*         0x00006316        0x2 ff
 .rodata.__func__.5448
                0x00006318       0x11 ./drivers/fsl_clock.o
 *fill*         0x00006329        0x3 ff
 .rodata.__func__.5585
                0x0000632c       0x11 ./drivers/fsl_clock.o
 *fill*         0x0000633d        0x3 ff
 .rodata.__func__.5652
                0x00006340       0x14 ./drivers/fsl_clock.o
 .rodata        0x00006354       0x3e ./drivers/fsl_common.o
 *fill*         0x00006392        0x2 ff
 .rodata        0x00006394      0x168 ./drivers/fsl_dma.o
 .rodata.__func__.5552
                0x000064fc        0xe ./drivers/fsl_dma.o
 *fill*         0x0000650a        0x2 ff
 .rodata.__func__.5420
                0x0000650c       0x1c ./drivers/fsl_dma.o
 .rodata        0x00006528       0xb2 ./drivers/fsl_lpsci.o
 *fill*         0x000065da        0x2 ff
 .rodata.__func__.5468
                0x000065dc       0x12 ./drivers/fsl_lpsci.o
 *fill*         0x000065ee        0x2 ff
 .rodata.__func__.5504
                0x000065f0        0xb ./drivers/fsl_lpsci.o
 *fill*         0x000065fb        0x1 ff
 .rodata.__func__.5525
                0x000065fc       0x17 ./drivers/fsl_lpsci.o
 *fill*         0x00006613        0x1 ff
 .rodata.__func__.5570
                0x00006614       0x14 ./drivers/fsl_lpsci.o
 .rodata.__func__.5582
                0x00006628       0x13 ./drivers/fsl_lpsci.o
 *fill*         0x0000663b        0x1 ff
 .rodata        0x0000663c       0x43 ./drivers/fsl_pit.o
 *fill*         0x0000667f        0x1 ff
 .rodata.__func__.5335
                0x00006680       0x10 ./drivers/fsl_pit.o
 .rodata.__func__.5340
                0x00006690        0x9 ./drivers/fsl_pit.o
 *fill*         0x00006699        0x3 ff
 .rodata        0x0000669c       0x9b ./drivers/fsl_spi.o
 *fill*         0x00006737        0x1 ff
 .rodata.__func__.5659
                0x00006738       0x16 ./drivers/fsl_spi.o
 *fill*         0x0000674e        0x2 ff
 .rodata.__func__.5663
                0x00006750       0x16 ./drivers/fsl_spi.o
 *fill*         0x00006766        0x2 ff
 .rodata.s_uartBases
                0x00006768        0xc ./drivers/fsl_uart.o
 .rodata.s_uartClock
                0x00006774        0xc ./drivers/fsl_uart.o
 .rodata        0x00006780       0xaa ./drivers/fsl_uart.o
 *fill*         0x0000682a        0x2 ff
 .rodata.__func__.5471
                0x0000682c       0x11 ./drivers/fsl_uart.o
 *fill*         0x0000683d        0x3 ff
 .rodata.__func__.5487
                0x00006840        0xa ./drivers/fsl_uart.o
 *fill*         0x0000684a        0x2 ff
 .rodata.__func__.5500
                0x0000684c       0x16 ./drivers/fsl_uart.o
 *fill*         0x00006862        0x2 ff
 .rodata.__func__.5558
                0x00006864       0x12 ./drivers/fsl_uart.o
 *fill*         0x00006876        0x2 ff
 .rodata.mcgConfig_BOARD_BootClockRUN
                0x00006878        0xa ./board/clock_config.o
                0x00006878                mcgConfig_BOARD_BootClockRUN
 *fill*         0x00006882        0x2 ff
 .rodata.simConfig_BOARD_BootClockRUN
                0x00006884        0x8 ./board/clock_config.o
                0x00006884                simConfig_BOARD_BootClockRUN
 .rodata.oscConfig_BOARD_BootClockRUN
                0x0000688c        0x8 ./board/clock_config.o
                0x0000688c                oscConfig_BOARD_BootClockRUN
 .rodata._ZTIN10__cxxabiv117__class_type_infoE
                0x00006894        0xc c:/nxp/mcuxpressoide_10.3.0_2200/ide/plugins/com.nxp.mcuxpresso.tools.win32_10.3.0.201811011841/tools/bin/../lib/gcc/arm-none-eabi/7.3.1/../../../../arm-none-eabi/lib/thumb/v6-m\libstdc++_nano.a(class_type_info.o)
                0x00006894                typeinfo for __cxxabiv1::__class_type_info
 .rodata._ZTSN10__cxxabiv117__class_type_infoE
                0x000068a0       0x22 c:/nxp/mcuxpressoide_10.3.0_2200/ide/plugins/com.nxp.mcuxpresso.tools.win32_10.3.0.201811011841/tools/bin/../lib/gcc/arm-none-eabi/7.3.1/../../../../arm-none-eabi/lib/thumb/v6-m\libstdc++_nano.a(class_type_info.o)
                0x000068a0                typeinfo name for __cxxabiv1::__class_type_info
 *fill*         0x000068c2        0x2 ff
 .rodata._ZTVN10__cxxabiv117__class_type_infoE
                0x000068c4       0x2c c:/nxp/mcuxpressoide_10.3.0_2200/ide/plugins/com.nxp.mcuxpresso.tools.win32_10.3.0.201811011841/tools/bin/../lib/gcc/arm-none-eabi/7.3.1/../../../../arm-none-eabi/lib/thumb/v6-m\libstdc++_nano.a(class_type_info.o)
                0x000068c4                vtable for __cxxabiv1::__class_type_info
 .rodata._ZTIN10__cxxabiv115__forced_unwindE
                0x000068f0        0x8 c:/nxp/mcuxpressoide_10.3.0_2200/ide/plugins/com.nxp.mcuxpresso.tools.win32_10.3.0.201811011841/tools/bin/../lib/gcc/arm-none-eabi/7.3.1/../../../../arm-none-eabi/lib/thumb/v6-m\libstdc++_nano.a(eh_exception.o)
                0x000068f0                typeinfo for __cxxabiv1::__forced_unwind
 .rodata._ZTIN10__cxxabiv119__foreign_exceptionE
                0x000068f8        0x8 c:/nxp/mcuxpressoide_10.3.0_2200/ide/plugins/com.nxp.mcuxpresso.tools.win32_10.3.0.201811011841/tools/bin/../lib/gcc/arm-none-eabi/7.3.1/../../../../arm-none-eabi/lib/thumb/v6-m\libstdc++_nano.a(eh_exception.o)
                0x000068f8                typeinfo for __cxxabiv1::__foreign_exception
 .rodata._ZTSN10__cxxabiv115__forced_unwindE
                0x00006900       0x20 c:/nxp/mcuxpressoide_10.3.0_2200/ide/plugins/com.nxp.mcuxpresso.tools.win32_10.3.0.201811011841/tools/bin/../lib/gcc/arm-none-eabi/7.3.1/../../../../arm-none-eabi/lib/thumb/v6-m\libstdc++_nano.a(eh_exception.o)
                0x00006900                typeinfo name for __cxxabiv1::__forced_unwind
 .rodata._ZTSN10__cxxabiv119__foreign_exceptionE
                0x00006920       0x24 c:/nxp/mcuxpressoide_10.3.0_2200/ide/plugins/com.nxp.mcuxpresso.tools.win32_10.3.0.201811011841/tools/bin/../lib/gcc/arm-none-eabi/7.3.1/../../../../arm-none-eabi/lib/thumb/v6-m\libstdc++_nano.a(eh_exception.o)
                0x00006920                typeinfo name for __cxxabiv1::__foreign_exception
 .rodata._ZTIN10__cxxabiv120__si_class_type_infoE
                0x00006944        0xc c:/nxp/mcuxpressoide_10.3.0_2200/ide/plugins/com.nxp.mcuxpresso.tools.win32_10.3.0.201811011841/tools/bin/../lib/gcc/arm-none-eabi/7.3.1/../../../../arm-none-eabi/lib/thumb/v6-m\libstdc++_nano.a(si_class_type_info.o)
                0x00006944                typeinfo for __cxxabiv1::__si_class_type_info
 .rodata._ZTSN10__cxxabiv120__si_class_type_infoE
                0x00006950       0x25 c:/nxp/mcuxpressoide_10.3.0_2200/ide/plugins/com.nxp.mcuxpresso.tools.win32_10.3.0.201811011841/tools/bin/../lib/gcc/arm-none-eabi/7.3.1/../../../../arm-none-eabi/lib/thumb/v6-m\libstdc++_nano.a(si_class_type_info.o)
                0x00006950                typeinfo name for __cxxabiv1::__si_class_type_info
 *fill*         0x00006975        0x3 ff
 .rodata._ZTVN10__cxxabiv120__si_class_type_infoE
                0x00006978       0x2c c:/nxp/mcuxpressoide_10.3.0_2200/ide/plugins/com.nxp.mcuxpresso.tools.win32_10.3.0.201811011841/tools/bin/../lib/gcc/arm-none-eabi/7.3.1/../../../../arm-none-eabi/lib/thumb/v6-m\libstdc++_nano.a(si_class_type_info.o)
                0x00006978                vtable for __cxxabiv1::__si_class_type_info
 .rodata._ZTISt9type_info
                0x000069a4        0x8 c:/nxp/mcuxpressoide_10.3.0_2200/ide/plugins/com.nxp.mcuxpresso.tools.win32_10.3.0.201811011841/tools/bin/../lib/gcc/arm-none-eabi/7.3.1/../../../../arm-none-eabi/lib/thumb/v6-m\libstdc++_nano.a(tinfo.o)
                0x000069a4                typeinfo for std::type_info
 .rodata._ZTSSt9type_info
                0x000069ac        0xd c:/nxp/mcuxpressoide_10.3.0_2200/ide/plugins/com.nxp.mcuxpresso.tools.win32_10.3.0.201811011841/tools/bin/../lib/gcc/arm-none-eabi/7.3.1/../../../../arm-none-eabi/lib/thumb/v6-m\libstdc++_nano.a(tinfo.o)
                0x000069ac                typeinfo name for std::type_info
                0x000069bc                . = ALIGN (0x4)
 *fill*         0x000069b9        0x3 ff
                0x000069bc                . = ALIGN (0x4)
 *(.init)
 .init          0x000069bc        0x4 c:/nxp/mcuxpressoide_10.3.0_2200/ide/plugins/com.nxp.mcuxpresso.tools.win32_10.3.0.201811011841/tools/bin/../lib/gcc/arm-none-eabi/7.3.1/thumb/v6-m\crti.o
                0x000069bc                _init
 .init          0x000069c0        0x8 c:/nxp/mcuxpressoide_10.3.0_2200/ide/plugins/com.nxp.mcuxpresso.tools.win32_10.3.0.201811011841/tools/bin/../lib/gcc/arm-none-eabi/7.3.1/thumb/v6-m\crtn.o
                0x000069c8                . = ALIGN (0x4)
                0x000069c8                __preinit_array_start = .
 *(.preinit_array)
                0x000069c8                __preinit_array_end = .
                0x000069c8                . = ALIGN (0x4)
                0x000069c8                __init_array_start = .
 *(SORT_BY_NAME(.init_array.*))
 *(.init_array)
 .init_array    0x000069c8        0x4 ./source/MKL25Z128xxx4_Project.o
 .init_array    0x000069cc        0x4 c:/nxp/mcuxpressoide_10.3.0_2200/ide/plugins/com.nxp.mcuxpresso.tools.win32_10.3.0.201811011841/tools/bin/../lib/gcc/arm-none-eabi/7.3.1/thumb/v6-m\crtbegin.o
                0x000069d0                __init_array_end = .
 *(.fini)
 .fini          0x000069d0        0x4 c:/nxp/mcuxpressoide_10.3.0_2200/ide/plugins/com.nxp.mcuxpresso.tools.win32_10.3.0.201811011841/tools/bin/../lib/gcc/arm-none-eabi/7.3.1/thumb/v6-m\crti.o
                0x000069d0                _fini
 .fini          0x000069d4        0x8 c:/nxp/mcuxpressoide_10.3.0_2200/ide/plugins/com.nxp.mcuxpresso.tools.win32_10.3.0.201811011841/tools/bin/../lib/gcc/arm-none-eabi/7.3.1/thumb/v6-m\crtn.o
                0x000069dc                . = ALIGN (0x4)
 *crtbegin.o(.ctors)
 *(EXCLUDE_FILE(*crtend.o) .ctors)
 *(SORT_BY_NAME(.ctors.*))
 *crtend.o(.ctors)
                0x000069dc                . = ALIGN (0x4)
 *crtbegin.o(.dtors)
 *(EXCLUDE_FILE(*crtend.o) .dtors)
 *(SORT_BY_NAME(.dtors.*))
 *crtend.o(.dtors)
                0x000069dc                . = ALIGN (0x4)

.glue_7         0x000069dc        0x0
 .glue_7        0x000069dc        0x0 linker stubs

.glue_7t        0x000069dc        0x0
 .glue_7t       0x000069dc        0x0 linker stubs

.vfp11_veneer   0x000069dc        0x0
 .vfp11_veneer  0x000069dc        0x0 linker stubs

.v4_bx          0x000069dc        0x0
 .v4_bx         0x000069dc        0x0 linker stubs

.iplt           0x000069dc        0x0
 .iplt          0x000069dc        0x0 ./utilities/fsl_debug_console.o

.ARM.extab      0x000069dc      0x148
 *(.ARM.extab* .gnu.linkonce.armextab.*)
 .ARM.extab     0x000069dc        0xc ./source/pit_timer/pittimer.o
 .ARM.extab     0x000069e8       0xcc ./source/ele_protocol/EleComunicate.o
 .ARM.extab     0x00006ab4       0x24 ./source/UART/L_BUFER.o
 .ARM.extab     0x00006ad8       0x1c ./source/MKL25Z128xxx4_Project.o
 .ARM.extab     0x00006af4       0x24 c:/nxp/mcuxpressoide_10.3.0_2200/ide/plugins/com.nxp.mcuxpresso.tools.win32_10.3.0.201811011841/tools/bin/../lib/gcc/arm-none-eabi/7.3.1/thumb/v6-m\libgcc.a(unwind-arm.o)
 .ARM.extab     0x00006b18        0xc c:/nxp/mcuxpressoide_10.3.0_2200/ide/plugins/com.nxp.mcuxpresso.tools.win32_10.3.0.201811011841/tools/bin/../lib/gcc/arm-none-eabi/7.3.1/thumb/v6-m\libgcc.a(pr-support.o)
                0x00006b24                __exidx_start = .

.eh_frame       0x00006b24        0x0
 .eh_frame      0x00006b24        0x0 c:/nxp/mcuxpressoide_10.3.0_2200/ide/plugins/com.nxp.mcuxpresso.tools.win32_10.3.0.201811011841/tools/bin/../lib/gcc/arm-none-eabi/7.3.1/thumb/v6-m\crtbegin.o

.ARM.exidx      0x00006b24      0x1f0
 *(.ARM.exidx* .gnu.linkonce.armexidx.*)
 .ARM.exidx.after_vectors.init_data
                0x00006b24        0x8 ./startup/startup_mkl25z4.o
 .ARM.exidx.after_vectors.init_bss
                0x00006b2c        0x0 ./startup/startup_mkl25z4.o
                                  0x8 (size before relaxing)
 .ARM.exidx.after_vectors.reset
                0x00006b2c        0x8 ./startup/startup_mkl25z4.o
 .ARM.exidx.after_vectors
                0x00006b34       0x18 ./startup/startup_mkl25z4.o
                                0x130 (size before relaxing)
 .ARM.exidx     0x00006b4c       0x20 ./source/pit_timer/pittimer.o
                                 0x50 (size before relaxing)
 .ARM.exidx     0x00006b6c       0xa8 ./source/ele_protocol/EleComunicate.o
                                 0xc0 (size before relaxing)
 .ARM.exidx     0x00006c14       0x30 ./source/UART/L_BUFER.o
                                 0x50 (size before relaxing)
 .ARM.exidx     0x00006c44       0x10 ./source/MKL25Z128xxx4_Project.o
                                 0x18 (size before relaxing)
 .ARM.exidx     0x00006c54        0x0 c:/nxp/mcuxpressoide_10.3.0_2200/ide/plugins/com.nxp.mcuxpresso.tools.win32_10.3.0.201811011841/tools/bin/../lib/gcc/arm-none-eabi/7.3.1/thumb/v6-m\libgcc.a(_udivmoddi4.o)
                                  0x8 (size before relaxing)
 .ARM.exidx     0x00006c54       0x90 c:/nxp/mcuxpressoide_10.3.0_2200/ide/plugins/com.nxp.mcuxpresso.tools.win32_10.3.0.201811011841/tools/bin/../lib/gcc/arm-none-eabi/7.3.1/thumb/v6-m\libgcc.a(unwind-arm.o)
                                 0xd8 (size before relaxing)
 .ARM.exidx     0x00006ce4       0x30 c:/nxp/mcuxpressoide_10.3.0_2200/ide/plugins/com.nxp.mcuxpresso.tools.win32_10.3.0.201811011841/tools/bin/../lib/gcc/arm-none-eabi/7.3.1/thumb/v6-m\libgcc.a(pr-support.o)
                                 0x48 (size before relaxing)
                0x00006d14                __exidx_end = .
                0x00006d14                _etext = .

.rel.dyn        0x00006d14        0x0
 .rel.iplt      0x00006d14        0x0 ./utilities/fsl_debug_console.o

.m_usb_data
 *(m_usb_bdt)

.mtb_buffer_default
                0x1ffff000       0x80
 *(.mtb*)
 .mtb.$RAM1     0x1ffff000       0x80 ./source/mtb.o
                0x1ffff000                __mtb_buffer__

.uninit_RESERVED
                0x1ffff080        0x0
 *(.bss.$RESERVED*)
                0x1ffff080                . = ALIGN (0x4)
                0x1ffff080                _end_uninit_RESERVED = .

.data           0x1ffff080       0x7c load address 0x00006d14
 FILL mask 0xff
                0x1ffff080                _data = .
 *(vtable)
 *(.ramfunc*)
 *(.data*)
 .data.s_slowIrcFreq
                0x1ffff080        0x4 ./drivers/fsl_clock.o
 .data.s_fastIrcFreq
                0x1ffff084        0x4 ./drivers/fsl_clock.o
 .data.SystemCoreClock
                0x1ffff088        0x4 ./CMSIS/system_MKL25Z4.o
                0x1ffff088                SystemCoreClock
 .data._impure_ptr
                0x1ffff08c        0x4 c:/nxp/mcuxpressoide_10.3.0_2200/ide/plugins/com.nxp.mcuxpresso.tools.win32_10.3.0.201811011841/tools/bin/../lib/gcc/arm-none-eabi/7.3.1/../../../../arm-none-eabi/lib/thumb/v6-m\libc_nano.a(lib_a-impure.o)
                0x1ffff08c                _impure_ptr
 .data.impure_data
                0x1ffff090       0x60 c:/nxp/mcuxpressoide_10.3.0_2200/ide/plugins/com.nxp.mcuxpresso.tools.win32_10.3.0.201811011841/tools/bin/../lib/gcc/arm-none-eabi/7.3.1/../../../../arm-none-eabi/lib/thumb/v6-m\libc_nano.a(lib_a-impure.o)
 .data._ZN10__cxxabiv119__terminate_handlerE
                0x1ffff0f0        0x4 c:/nxp/mcuxpressoide_10.3.0_2200/ide/plugins/com.nxp.mcuxpresso.tools.win32_10.3.0.201811011841/tools/bin/../lib/gcc/arm-none-eabi/7.3.1/../../../../arm-none-eabi/lib/thumb/v6-m\libstdc++_nano.a(eh_term_handler.o)
                0x1ffff0f0                __cxxabiv1::__terminate_handler
 .data._ZN10__cxxabiv120__unexpected_handlerE
                0x1ffff0f4        0x4 c:/nxp/mcuxpressoide_10.3.0_2200/ide/plugins/com.nxp.mcuxpresso.tools.win32_10.3.0.201811011841/tools/bin/../lib/gcc/arm-none-eabi/7.3.1/../../../../arm-none-eabi/lib/thumb/v6-m\libstdc++_nano.a(eh_unex_handler.o)
                0x1ffff0f4                __cxxabiv1::__unexpected_handler
 .data          0x1ffff0f8        0x4 c:/nxp/mcuxpressoide_10.3.0_2200/ide/plugins/com.nxp.mcuxpresso.tools.win32_10.3.0.201811011841/tools/bin/../lib/gcc/arm-none-eabi/7.3.1/thumb/v6-m\crtbegin.o
                0x1ffff0f8                __dso_handle
                0x1ffff0fc                . = ALIGN (0x4)
                0x1ffff0fc                _edata = .

.igot.plt       0x1ffff0fc        0x0 load address 0x00006d90
 .igot.plt      0x1ffff0fc        0x0 ./utilities/fsl_debug_console.o

.bss            0x1ffff0fc       0xec load address 0x00006d90
                0x1ffff0fc                _bss = .
 *(.bss*)
 .bss.s_debugConsole
                0x1ffff0fc       0x10 ./utilities/fsl_debug_console.o
 .bss           0x1ffff10c        0x4 ./source/pit_timer/pittimer.o
                0x1ffff10c                _elevator
 .bss           0x1ffff110        0x8 ./source/UART/L_BUFER.o
                0x1ffff110                user_config
 .bss           0x1ffff118       0x50 ./source/MKL25Z128xxx4_Project.o
                0x1ffff118                buffer
                0x1ffff14c                l_buffer
 .bss.g_xtal0Freq
                0x1ffff168        0x4 ./drivers/fsl_clock.o
                0x1ffff168                g_xtal0Freq
 .bss.g_xtal32Freq
                0x1ffff16c        0x4 ./drivers/fsl_clock.o
                0x1ffff16c                g_xtal32Freq
 .bss.s_DMAHandle
                0x1ffff170       0x10 ./drivers/fsl_dma.o
 .bss.s_i2cHandle
                0x1ffff180        0x8 ./drivers/fsl_i2c.o
 .bss.s_i2cMasterIsr
                0x1ffff188        0x4 ./drivers/fsl_i2c.o
 .bss.s_i2cSlaveIsr
                0x1ffff18c        0x4 ./drivers/fsl_i2c.o
 .bss.s_lpsciHandle
                0x1ffff190        0x4 ./drivers/fsl_lpsci.o
 .bss.s_lpsciIsr
                0x1ffff194        0x4 ./drivers/fsl_lpsci.o
 .bss.s_spiHandle
                0x1ffff198        0x8 ./drivers/fsl_spi.o
 .bss.s_spiMasterIsr
                0x1ffff1a0        0x4 ./drivers/fsl_spi.o
 .bss.s_spiSlaveIsr
                0x1ffff1a4        0x4 ./drivers/fsl_spi.o
 .bss.s_uartHandle
                0x1ffff1a8        0xc ./drivers/fsl_uart.o
 .bss.s_uartIsr
                0x1ffff1b4        0x4 ./drivers/fsl_uart.o
 .bss.__malloc_free_list
                0x1ffff1b8        0x4 c:/nxp/mcuxpressoide_10.3.0_2200/ide/plugins/com.nxp.mcuxpresso.tools.win32_10.3.0.201811011841/tools/bin/../lib/gcc/arm-none-eabi/7.3.1/../../../../arm-none-eabi/lib/thumb/v6-m\libc_nano.a(lib_a-nano-mallocr.o)
                0x1ffff1b8                __malloc_free_list
 .bss._ZL10eh_globals
                0x1ffff1bc        0xc c:/nxp/mcuxpressoide_10.3.0_2200/ide/plugins/com.nxp.mcuxpresso.tools.win32_10.3.0.201811011841/tools/bin/../lib/gcc/arm-none-eabi/7.3.1/../../../../arm-none-eabi/lib/thumb/v6-m\libstdc++_nano.a(eh_globals.o)
 .bss           0x1ffff1c8       0x1c c:/nxp/mcuxpressoide_10.3.0_2200/ide/plugins/com.nxp.mcuxpresso.tools.win32_10.3.0.201811011841/tools/bin/../lib/gcc/arm-none-eabi/7.3.1/thumb/v6-m\crtbegin.o
 *(COMMON)
 COMMON         0x1ffff1e4        0x4 c:/nxp/mcuxpressoide_10.3.0_2200/ide/plugins/com.nxp.mcuxpresso.tools.win32_10.3.0.201811011841/tools/bin/../lib/gcc/arm-none-eabi/7.3.1/../../../../arm-none-eabi/lib/thumb/v6-m\libc_nano.a(lib_a-reent.o)
                0x1ffff1e4                errno
                0x1ffff1e8                . = ALIGN (0x4)
                0x1ffff1e8                _ebss = .
                [!provide]                PROVIDE (end = .)

.noinit         0x1ffff1e8        0x0 load address 0x00006d90
                0x1ffff1e8                _noinit = .
 *(.noinit*)
                0x1ffff1e8                . = ALIGN (0x4)
                0x1ffff1e8                _end_noinit = .
                0x00000400                _HeapSize = 0x400

.heap           0x1ffff1e8      0x400 load address 0x00006d90
                0x1ffff1e8                _pvHeapStart = .
                0x1ffff5e8                . = (. + _HeapSize)
 *fill*         0x1ffff1e8      0x400 
                0x1ffff5e8                . = ALIGN (0x4)
                0x1ffff5e8                _pvHeapLimit = .
                0x00000400                _StackSize = 0x400

.heap2stackfill
                0x1ffff5e8      0x400 load address 0x00006d90
                0x1ffff9e8                . = (. + _StackSize)
 *fill*         0x1ffff5e8      0x400 

.stack          0x20002c00        0x0
                0x20002c00                _vStackBase = .
                0x20002c00                . = ALIGN (0x4)
                0x20003000                _vStackTop = (. + _StackSize)
                0x00000000                _image_start = LOADADDR (.text)
                0x00006d90                _image_end = (LOADADDR (.data) + SIZEOF (.data))
                0x00006d90                _image_size = (_image_end - _image_start)
OUTPUT(semestralka.axf elf32-littlearm)

.debug_info     0x00000000    0x17571
 .debug_info    0x00000000     0x161c ./utilities/fsl_debug_console.o
 .debug_info    0x0000161c      0x49e ./startup/startup_mkl25z4.o
 .debug_info    0x00001aba      0xf17 ./source/pit_timer/pittimer.o
 .debug_info    0x000029d1     0x15fc ./source/ele_protocol/EleComunicate.o
 .debug_info    0x00003fcd     0x12ae ./source/UART/L_BUFER.o
 .debug_info    0x0000527b      0xc87 ./source/MKL25Z128xxx4_Project.o
 .debug_info    0x00005f02       0x52 ./source/mtb.o
 .debug_info    0x00005f54       0x3b ./source/semihost_hardfault.o
 .debug_info    0x00005f8f     0x225e ./drivers/fsl_clock.o
 .debug_info    0x000081ed      0xc3e ./drivers/fsl_common.o
 .debug_info    0x00008e2b     0x185f ./drivers/fsl_dma.o
 .debug_info    0x0000a68a     0x2355 ./drivers/fsl_i2c.o
 .debug_info    0x0000c9df     0x1dd2 ./drivers/fsl_lpsci.o
 .debug_info    0x0000e7b1      0xe5b ./drivers/fsl_pit.o
 .debug_info    0x0000f60c     0x1cd8 ./drivers/fsl_spi.o
 .debug_info    0x000112e4     0x1d58 ./drivers/fsl_uart.o
 .debug_info    0x0001303c      0xea0 ./board/board.o
 .debug_info    0x00013edc     0x1285 ./board/clock_config.o
 .debug_info    0x00015161       0x3b ./board/peripherals.o
 .debug_info    0x0001519c      0xd74 ./board/pin_mux.o
 .debug_info    0x00015f10      0x3ea ./CMSIS/system_MKL25Z4.o
 .debug_info    0x000162fa       0x9a c:/nxp/mcuxpressoide_10.3.0_2200/ide/plugins/com.nxp.mcuxpresso.tools.win32_10.3.0.201811011841/tools/bin/../lib/gcc/arm-none-eabi/7.3.1/../../../../arm-none-eabi/lib/thumb/v6-m\libcr_newlib_nohost.a(_exit.o)
 .debug_info    0x00016394      0x8e0 c:/nxp/mcuxpressoide_10.3.0_2200/ide/plugins/com.nxp.mcuxpresso.tools.win32_10.3.0.201811011841/tools/bin/../lib/gcc/arm-none-eabi/7.3.1/../../../../arm-none-eabi/lib/thumb/v6-m\libcr_newlib_nohost.a(getpid.o)
 .debug_info    0x00016c74      0x8fd c:/nxp/mcuxpressoide_10.3.0_2200/ide/plugins/com.nxp.mcuxpresso.tools.win32_10.3.0.201811011841/tools/bin/../lib/gcc/arm-none-eabi/7.3.1/../../../../arm-none-eabi/lib/thumb/v6-m\libcr_newlib_nohost.a(kill.o)

.debug_abbrev   0x00000000     0x3a25
 .debug_abbrev  0x00000000      0x335 ./utilities/fsl_debug_console.o
 .debug_abbrev  0x00000335      0x163 ./startup/startup_mkl25z4.o
 .debug_abbrev  0x00000498      0x2c8 ./source/pit_timer/pittimer.o
 .debug_abbrev  0x00000760      0x437 ./source/ele_protocol/EleComunicate.o
 .debug_abbrev  0x00000b97      0x41a ./source/UART/L_BUFER.o
 .debug_abbrev  0x00000fb1      0x254 ./source/MKL25Z128xxx4_Project.o
 .debug_abbrev  0x00001205       0x44 ./source/mtb.o
 .debug_abbrev  0x00001249       0x2f ./source/semihost_hardfault.o
 .debug_abbrev  0x00001278      0x3df ./drivers/fsl_clock.o
 .debug_abbrev  0x00001657      0x32e ./drivers/fsl_common.o
 .debug_abbrev  0x00001985      0x340 ./drivers/fsl_dma.o
 .debug_abbrev  0x00001cc5      0x3d2 ./drivers/fsl_i2c.o
 .debug_abbrev  0x00002097      0x375 ./drivers/fsl_lpsci.o
 .debug_abbrev  0x0000240c      0x2b4 ./drivers/fsl_pit.o
 .debug_abbrev  0x000026c0      0x375 ./drivers/fsl_spi.o
 .debug_abbrev  0x00002a35      0x38d ./drivers/fsl_uart.o
 .debug_abbrev  0x00002dc2      0x228 ./board/board.o
 .debug_abbrev  0x00002fea      0x2b5 ./board/clock_config.o
 .debug_abbrev  0x0000329f       0x2f ./board/peripherals.o
 .debug_abbrev  0x000032ce      0x269 ./board/pin_mux.o
 .debug_abbrev  0x00003537      0x116 ./CMSIS/system_MKL25Z4.o
 .debug_abbrev  0x0000364d       0x5e c:/nxp/mcuxpressoide_10.3.0_2200/ide/plugins/com.nxp.mcuxpresso.tools.win32_10.3.0.201811011841/tools/bin/../lib/gcc/arm-none-eabi/7.3.1/../../../../arm-none-eabi/lib/thumb/v6-m\libcr_newlib_nohost.a(_exit.o)
 .debug_abbrev  0x000036ab      0x1ae c:/nxp/mcuxpressoide_10.3.0_2200/ide/plugins/com.nxp.mcuxpresso.tools.win32_10.3.0.201811011841/tools/bin/../lib/gcc/arm-none-eabi/7.3.1/../../../../arm-none-eabi/lib/thumb/v6-m\libcr_newlib_nohost.a(getpid.o)
 .debug_abbrev  0x00003859      0x1cc c:/nxp/mcuxpressoide_10.3.0_2200/ide/plugins/com.nxp.mcuxpresso.tools.win32_10.3.0.201811011841/tools/bin/../lib/gcc/arm-none-eabi/7.3.1/../../../../arm-none-eabi/lib/thumb/v6-m\libcr_newlib_nohost.a(kill.o)

.debug_aranges  0x00000000      0xc20
 .debug_aranges
                0x00000000       0x90 ./utilities/fsl_debug_console.o
 .debug_aranges
                0x00000090      0x160 ./startup/startup_mkl25z4.o
 .debug_aranges
                0x000001f0       0x20 ./source/pit_timer/pittimer.o
 .debug_aranges
                0x00000210       0x20 ./source/ele_protocol/EleComunicate.o
 .debug_aranges
                0x00000230       0x20 ./source/UART/L_BUFER.o
 .debug_aranges
                0x00000250       0x20 ./source/MKL25Z128xxx4_Project.o
 .debug_aranges
                0x00000270       0x18 ./source/mtb.o
 .debug_aranges
                0x00000288       0x20 ./source/semihost_hardfault.o
 .debug_aranges
                0x000002a8      0x1d8 ./drivers/fsl_clock.o
 .debug_aranges
                0x00000480       0x38 ./drivers/fsl_common.o
 .debug_aranges
                0x000004b8       0xd0 ./drivers/fsl_dma.o
 .debug_aranges
                0x00000588      0x178 ./drivers/fsl_i2c.o
 .debug_aranges
                0x00000700      0x118 ./drivers/fsl_lpsci.o
 .debug_aranges
                0x00000818       0x48 ./drivers/fsl_pit.o
 .debug_aranges
                0x00000860      0x130 ./drivers/fsl_spi.o
 .debug_aranges
                0x00000990      0x130 ./drivers/fsl_uart.o
 .debug_aranges
                0x00000ac0       0x28 ./board/board.o
 .debug_aranges
                0x00000ae8       0x58 ./board/clock_config.o
 .debug_aranges
                0x00000b40       0x20 ./board/peripherals.o
 .debug_aranges
                0x00000b60       0x38 ./board/pin_mux.o
 .debug_aranges
                0x00000b98       0x28 ./CMSIS/system_MKL25Z4.o
 .debug_aranges
                0x00000bc0       0x20 c:/nxp/mcuxpressoide_10.3.0_2200/ide/plugins/com.nxp.mcuxpresso.tools.win32_10.3.0.201811011841/tools/bin/../lib/gcc/arm-none-eabi/7.3.1/../../../../arm-none-eabi/lib/thumb/v6-m\libcr_newlib_nohost.a(_exit.o)
 .debug_aranges
                0x00000be0       0x20 c:/nxp/mcuxpressoide_10.3.0_2200/ide/plugins/com.nxp.mcuxpresso.tools.win32_10.3.0.201811011841/tools/bin/../lib/gcc/arm-none-eabi/7.3.1/../../../../arm-none-eabi/lib/thumb/v6-m\libcr_newlib_nohost.a(getpid.o)
 .debug_aranges
                0x00000c00       0x20 c:/nxp/mcuxpressoide_10.3.0_2200/ide/plugins/com.nxp.mcuxpresso.tools.win32_10.3.0.201811011841/tools/bin/../lib/gcc/arm-none-eabi/7.3.1/../../../../arm-none-eabi/lib/thumb/v6-m\libcr_newlib_nohost.a(kill.o)

.debug_ranges   0x00000000      0xa58
 .debug_ranges  0x00000000       0x80 ./utilities/fsl_debug_console.o
 .debug_ranges  0x00000080      0x150 ./startup/startup_mkl25z4.o
 .debug_ranges  0x000001d0       0x10 ./source/semihost_hardfault.o
 .debug_ranges  0x000001e0      0x1c8 ./drivers/fsl_clock.o
 .debug_ranges  0x000003a8       0x28 ./drivers/fsl_common.o
 .debug_ranges  0x000003d0       0xc0 ./drivers/fsl_dma.o
 .debug_ranges  0x00000490      0x168 ./drivers/fsl_i2c.o
 .debug_ranges  0x000005f8      0x108 ./drivers/fsl_lpsci.o
 .debug_ranges  0x00000700       0x38 ./drivers/fsl_pit.o
 .debug_ranges  0x00000738      0x120 ./drivers/fsl_spi.o
 .debug_ranges  0x00000858      0x120 ./drivers/fsl_uart.o
 .debug_ranges  0x00000978       0x18 ./board/board.o
 .debug_ranges  0x00000990       0x48 ./board/clock_config.o
 .debug_ranges  0x000009d8       0x10 ./board/peripherals.o
 .debug_ranges  0x000009e8       0x28 ./board/pin_mux.o
 .debug_ranges  0x00000a10       0x18 ./CMSIS/system_MKL25Z4.o
 .debug_ranges  0x00000a28       0x10 c:/nxp/mcuxpressoide_10.3.0_2200/ide/plugins/com.nxp.mcuxpresso.tools.win32_10.3.0.201811011841/tools/bin/../lib/gcc/arm-none-eabi/7.3.1/../../../../arm-none-eabi/lib/thumb/v6-m\libcr_newlib_nohost.a(_exit.o)
 .debug_ranges  0x00000a38       0x10 c:/nxp/mcuxpressoide_10.3.0_2200/ide/plugins/com.nxp.mcuxpresso.tools.win32_10.3.0.201811011841/tools/bin/../lib/gcc/arm-none-eabi/7.3.1/../../../../arm-none-eabi/lib/thumb/v6-m\libcr_newlib_nohost.a(getpid.o)
 .debug_ranges  0x00000a48       0x10 c:/nxp/mcuxpressoide_10.3.0_2200/ide/plugins/com.nxp.mcuxpresso.tools.win32_10.3.0.201811011841/tools/bin/../lib/gcc/arm-none-eabi/7.3.1/../../../../arm-none-eabi/lib/thumb/v6-m\libcr_newlib_nohost.a(kill.o)

.debug_macro    0x00000000     0xc677
 .debug_macro   0x00000000      0x221 ./utilities/fsl_debug_console.o
 .debug_macro   0x00000221      0xa72 ./utilities/fsl_debug_console.o
 .debug_macro   0x00000c93       0x58 ./utilities/fsl_debug_console.o
 .debug_macro   0x00000ceb       0x18 ./utilities/fsl_debug_console.o
 .debug_macro   0x00000d03       0x22 ./utilities/fsl_debug_console.o
 .debug_macro   0x00000d25       0x58 ./utilities/fsl_debug_console.o
 .debug_macro   0x00000d7d       0x94 ./utilities/fsl_debug_console.o
 .debug_macro   0x00000e11       0x35 ./utilities/fsl_debug_console.o
 .debug_macro   0x00000e46       0x34 ./utilities/fsl_debug_console.o
 .debug_macro   0x00000e7a       0x16 ./utilities/fsl_debug_console.o
 .debug_macro   0x00000e90      0x10e ./utilities/fsl_debug_console.o
 .debug_macro   0x00000f9e       0x8d ./utilities/fsl_debug_console.o
 .debug_macro   0x0000102b       0x57 ./utilities/fsl_debug_console.o
 .debug_macro   0x00001082       0x58 ./utilities/fsl_debug_console.o
 .debug_macro   0x000010da       0x1f ./utilities/fsl_debug_console.o
 .debug_macro   0x000010f9       0x43 ./utilities/fsl_debug_console.o
 .debug_macro   0x0000113c       0x20 ./utilities/fsl_debug_console.o
 .debug_macro   0x0000115c      0x18e ./utilities/fsl_debug_console.o
 .debug_macro   0x000012ea      0x330 ./utilities/fsl_debug_console.o
 .debug_macro   0x0000161a       0x16 ./utilities/fsl_debug_console.o
 .debug_macro   0x00001630       0x29 ./utilities/fsl_debug_console.o
 .debug_macro   0x00001659      0x1e1 ./utilities/fsl_debug_console.o
 .debug_macro   0x0000183a       0x1c ./utilities/fsl_debug_console.o
 .debug_macro   0x00001856       0x22 ./utilities/fsl_debug_console.o
 .debug_macro   0x00001878       0xef ./utilities/fsl_debug_console.o
 .debug_macro   0x00001967       0x6a ./utilities/fsl_debug_console.o
 .debug_macro   0x000019d1      0x1df ./utilities/fsl_debug_console.o
 .debug_macro   0x00001bb0       0x16 ./utilities/fsl_debug_console.o
 .debug_macro   0x00001bc6       0x35 ./utilities/fsl_debug_console.o
 .debug_macro   0x00001bfb       0x10 ./utilities/fsl_debug_console.o
 .debug_macro   0x00001c0b       0x3f ./utilities/fsl_debug_console.o
 .debug_macro   0x00001c4a       0x3a ./utilities/fsl_debug_console.o
 .debug_macro   0x00001c84       0x26 ./utilities/fsl_debug_console.o
 .debug_macro   0x00001caa      0x329 ./utilities/fsl_debug_console.o
 .debug_macro   0x00001fd3       0x30 ./utilities/fsl_debug_console.o
 .debug_macro   0x00002003     0x51e2 ./utilities/fsl_debug_console.o
 .debug_macro   0x000071e5     0x1352 ./utilities/fsl_debug_console.o
 .debug_macro   0x00008537       0x3a ./utilities/fsl_debug_console.o
 .debug_macro   0x00008571       0xf4 ./utilities/fsl_debug_console.o
 .debug_macro   0x00008665       0x35 ./utilities/fsl_debug_console.o
 .debug_macro   0x0000869a       0x34 ./utilities/fsl_debug_console.o
 .debug_macro   0x000086ce       0x10 ./utilities/fsl_debug_console.o
 .debug_macro   0x000086de       0x10 ./utilities/fsl_debug_console.o
 .debug_macro   0x000086ee       0x2a ./startup/startup_mkl25z4.o
 .debug_macro   0x00008718      0xb62 ./startup/startup_mkl25z4.o
 .debug_macro   0x0000927a      0x2ba ./source/pit_timer/pittimer.o
 .debug_macro   0x00009534       0x34 ./source/pit_timer/pittimer.o
 .debug_macro   0x00009568       0x16 ./source/pit_timer/pittimer.o
 .debug_macro   0x0000957e       0x97 ./source/pit_timer/pittimer.o
 .debug_macro   0x00009615      0x353 ./source/pit_timer/pittimer.o
 .debug_macro   0x00009968      0x104 ./source/pit_timer/pittimer.o
 .debug_macro   0x00009a6c       0x10 ./source/pit_timer/pittimer.o
 .debug_macro   0x00009a7c       0x43 ./source/pit_timer/pittimer.o
 .debug_macro   0x00009abf       0x10 ./source/pit_timer/pittimer.o
 .debug_macro   0x00009acf       0x1c ./source/pit_timer/pittimer.o
 .debug_macro   0x00009aeb       0x52 ./source/pit_timer/pittimer.o
 .debug_macro   0x00009b3d       0x40 ./source/pit_timer/pittimer.o
 .debug_macro   0x00009b7d       0x10 ./source/pit_timer/pittimer.o
 .debug_macro   0x00009b8d       0x40 ./source/pit_timer/pittimer.o
 .debug_macro   0x00009bcd       0xd7 ./source/pit_timer/pittimer.o
 .debug_macro   0x00009ca4       0x1c ./source/pit_timer/pittimer.o
 .debug_macro   0x00009cc0       0x3d ./source/pit_timer/pittimer.o
 .debug_macro   0x00009cfd       0x16 ./source/pit_timer/pittimer.o
 .debug_macro   0x00009d13      0x137 ./source/pit_timer/pittimer.o
 .debug_macro   0x00009e4a       0x16 ./source/pit_timer/pittimer.o
 .debug_macro   0x00009e60       0x16 ./source/pit_timer/pittimer.o
 .debug_macro   0x00009e76       0x1c ./source/pit_timer/pittimer.o
 .debug_macro   0x00009e92       0x35 ./source/pit_timer/pittimer.o
 .debug_macro   0x00009ec7      0x329 ./source/pit_timer/pittimer.o
 .debug_macro   0x0000a1f0       0x10 ./source/pit_timer/pittimer.o
 .debug_macro   0x0000a200      0x178 ./source/pit_timer/pittimer.o
 .debug_macro   0x0000a378       0x10 ./source/pit_timer/pittimer.o
 .debug_macro   0x0000a388      0x2ab ./source/ele_protocol/EleComunicate.o
 .debug_macro   0x0000a633      0x296 ./source/UART/L_BUFER.o
 .debug_macro   0x0000a8c9       0x10 ./source/UART/L_BUFER.o
 .debug_macro   0x0000a8d9      0x2f1 ./source/MKL25Z128xxx4_Project.o
 .debug_macro   0x0000abca      0x17b ./source/MKL25Z128xxx4_Project.o
 .debug_macro   0x0000ad45       0x10 ./source/MKL25Z128xxx4_Project.o
 .debug_macro   0x0000ad55       0x16 ./source/MKL25Z128xxx4_Project.o
 .debug_macro   0x0000ad6b       0x10 ./source/MKL25Z128xxx4_Project.o
 .debug_macro   0x0000ad7b      0x112 ./source/MKL25Z128xxx4_Project.o
 .debug_macro   0x0000ae8d       0x3a ./source/MKL25Z128xxx4_Project.o
 .debug_macro   0x0000aec7       0x1c ./source/MKL25Z128xxx4_Project.o
 .debug_macro   0x0000aee3       0x16 ./source/MKL25Z128xxx4_Project.o
 .debug_macro   0x0000aef9       0x2f ./source/mtb.o
 .debug_macro   0x0000af28       0x82 ./source/mtb.o
 .debug_macro   0x0000afaa       0x10 ./source/mtb.o
 .debug_macro   0x0000afba       0x11 ./source/semihost_hardfault.o
 .debug_macro   0x0000afcb      0x26a ./drivers/fsl_clock.o
 .debug_macro   0x0000b235      0x1c3 ./drivers/fsl_common.o
 .debug_macro   0x0000b3f8      0x1c0 ./drivers/fsl_dma.o
 .debug_macro   0x0000b5b8      0x1bf ./drivers/fsl_i2c.o
 .debug_macro   0x0000b777       0x10 ./drivers/fsl_i2c.o
 .debug_macro   0x0000b787      0x1c0 ./drivers/fsl_lpsci.o
 .debug_macro   0x0000b947      0x1c0 ./drivers/fsl_pit.o
 .debug_macro   0x0000bb07      0x1bf ./drivers/fsl_spi.o
 .debug_macro   0x0000bcc6       0x10 ./drivers/fsl_spi.o
 .debug_macro   0x0000bcd6      0x1c6 ./drivers/fsl_uart.o
 .debug_macro   0x0000be9c      0x1e6 ./board/board.o
 .debug_macro   0x0000c082       0x8e ./board/board.o
 .debug_macro   0x0000c110       0x51 ./board/board.o
 .debug_macro   0x0000c161       0x5e ./board/board.o
 .debug_macro   0x0000c1bf      0x1f7 ./board/clock_config.o
 .debug_macro   0x0000c3b6       0x1b ./board/peripherals.o
 .debug_macro   0x0000c3d1      0x1db ./board/pin_mux.o
 .debug_macro   0x0000c5ac       0x10 ./board/pin_mux.o
 .debug_macro   0x0000c5bc       0xbb ./CMSIS/system_MKL25Z4.o

.debug_line     0x00000000     0x7eba
 .debug_line    0x00000000      0x909 ./utilities/fsl_debug_console.o
 .debug_line    0x00000909      0x13a ./startup/startup_mkl25z4.o
 .debug_line    0x00000a43      0x5f1 ./source/pit_timer/pittimer.o
 .debug_line    0x00001034      0x7c0 ./source/ele_protocol/EleComunicate.o
 .debug_line    0x000017f4      0x589 ./source/UART/L_BUFER.o
 .debug_line    0x00001d7d      0x630 ./source/MKL25Z128xxx4_Project.o
 .debug_line    0x000023ad       0xd6 ./source/mtb.o
 .debug_line    0x00002483       0x54 ./source/semihost_hardfault.o
 .debug_line    0x000024d7      0xbc1 ./drivers/fsl_clock.o
 .debug_line    0x00003098      0x4d5 ./drivers/fsl_common.o
 .debug_line    0x0000356d      0x723 ./drivers/fsl_dma.o
 .debug_line    0x00003c90      0xc13 ./drivers/fsl_i2c.o
 .debug_line    0x000048a3      0x970 ./drivers/fsl_lpsci.o
 .debug_line    0x00005213      0x4ce ./drivers/fsl_pit.o
 .debug_line    0x000056e1      0x8cc ./drivers/fsl_spi.o
 .debug_line    0x00005fad      0x973 ./drivers/fsl_uart.o
 .debug_line    0x00006920      0x4a0 ./board/board.o
 .debug_line    0x00006dc0      0x501 ./board/clock_config.o
 .debug_line    0x000072c1       0x58 ./board/peripherals.o
 .debug_line    0x00007319      0x49c ./board/pin_mux.o
 .debug_line    0x000077b5      0x3a3 ./CMSIS/system_MKL25Z4.o
 .debug_line    0x00007b58       0x3e c:/nxp/mcuxpressoide_10.3.0_2200/ide/plugins/com.nxp.mcuxpresso.tools.win32_10.3.0.201811011841/tools/bin/../lib/gcc/arm-none-eabi/7.3.1/../../../../arm-none-eabi/lib/thumb/v6-m\libcr_newlib_nohost.a(_exit.o)
 .debug_line    0x00007b96      0x193 c:/nxp/mcuxpressoide_10.3.0_2200/ide/plugins/com.nxp.mcuxpresso.tools.win32_10.3.0.201811011841/tools/bin/../lib/gcc/arm-none-eabi/7.3.1/../../../../arm-none-eabi/lib/thumb/v6-m\libcr_newlib_nohost.a(getpid.o)
 .debug_line    0x00007d29      0x191 c:/nxp/mcuxpressoide_10.3.0_2200/ide/plugins/com.nxp.mcuxpresso.tools.win32_10.3.0.201811011841/tools/bin/../lib/gcc/arm-none-eabi/7.3.1/../../../../arm-none-eabi/lib/thumb/v6-m\libcr_newlib_nohost.a(kill.o)

.debug_str      0x00000000    0x3c976
 .debug_str     0x00000000    0x33d0c ./utilities/fsl_debug_console.o
                              0x34258 (size before relaxing)
 .debug_str     0x00033d0c      0x985 ./startup/startup_mkl25z4.o
                               0x34fc (size before relaxing)
 .debug_str     0x00034691     0x1d7e ./source/pit_timer/pittimer.o
                              0x34d08 (size before relaxing)
 .debug_str     0x0003640f      0x692 ./source/ele_protocol/EleComunicate.o
                              0x35308 (size before relaxing)
 .debug_str     0x00036aa1      0x433 ./source/UART/L_BUFER.o
                              0x34eb0 (size before relaxing)
 .debug_str     0x00036ed4      0xdd3 ./source/MKL25Z128xxx4_Project.o
                              0x35563 (size before relaxing)
 .debug_str     0x00037ca7      0x532 ./source/mtb.o
                               0x3200 (size before relaxing)
 .debug_str     0x000381d9       0x1f ./source/semihost_hardfault.o
                               0x2ced (size before relaxing)
 .debug_str     0x000381f8     0x14c5 ./drivers/fsl_clock.o
                              0x348b9 (size before relaxing)
 .debug_str     0x000396bd      0x142 ./drivers/fsl_common.o