Archive member included to satisfy reference by file (symbol)

c:/nxp/mcuxpressoide_10.3.0_2200/ide/plugins/com.nxp.mcuxpresso.tools.win32_10.3.0.201811011841/tools/bin/../lib/gcc/arm-none-eabi/7.3.1/thumb/v6-m\libgcc.a(_thumb1_case_sqi.o)
                              ./drivers/fsl_i2c.o (__gnu_thumb1_case_sqi)
c:/nxp/mcuxpressoide_10.3.0_2200/ide/plugins/com.nxp.mcuxpresso.tools.win32_10.3.0.201811011841/tools/bin/../lib/gcc/arm-none-eabi/7.3.1/thumb/v6-m\libgcc.a(_thumb1_case_uqi.o)
                              ./drivers/fsl_clock.o (__gnu_thumb1_case_uqi)
c:/nxp/mcuxpressoide_10.3.0_2200/ide/plugins/com.nxp.mcuxpresso.tools.win32_10.3.0.201811011841/tools/bin/../lib/gcc/arm-none-eabi/7.3.1/thumb/v6-m\libgcc.a(_udivsi3.o)
                              ./drivers/fsl_clock.o (__aeabi_uidiv)
c:/nxp/mcuxpressoide_10.3.0_2200/ide/plugins/com.nxp.mcuxpresso.tools.win32_10.3.0.201811011841/tools/bin/../lib/gcc/arm-none-eabi/7.3.1/thumb/v6-m\libgcc.a(_divsi3.o)
                              ./utilities/fsl_debug_console.o (__aeabi_idiv)
c:/nxp/mcuxpressoide_10.3.0_2200/ide/plugins/com.nxp.mcuxpresso.tools.win32_10.3.0.201811011841/tools/bin/../lib/gcc/arm-none-eabi/7.3.1/thumb/v6-m\libgcc.a(_dvmd_tls.o)
                              c:/nxp/mcuxpressoide_10.3.0_2200/ide/plugins/com.nxp.mcuxpresso.tools.win32_10.3.0.201811011841/tools/bin/../lib/gcc/arm-none-eabi/7.3.1/thumb/v6-m\libgcc.a(_udivsi3.o) (__aeabi_idiv0)
c:/nxp/mcuxpressoide_10.3.0_2200/ide/plugins/com.nxp.mcuxpresso.tools.win32_10.3.0.201811011841/tools/bin/../lib/gcc/arm-none-eabi/7.3.1/thumb/v6-m\libgcc.a(_arm_cmpdf2.o)
                              ./source/ele_protocol/EleComunicate.o (__aeabi_dcmple)
c:/nxp/mcuxpressoide_10.3.0_2200/ide/plugins/com.nxp.mcuxpresso.tools.win32_10.3.0.201811011841/tools/bin/../lib/gcc/arm-none-eabi/7.3.1/thumb/v6-m\libgcc.a(_aeabi_ldivmod.o)
                              ./source/pit_timer/pittimer.o (__aeabi_ldivmod)
c:/nxp/mcuxpressoide_10.3.0_2200/ide/plugins/com.nxp.mcuxpresso.tools.win32_10.3.0.201811011841/tools/bin/../lib/gcc/arm-none-eabi/7.3.1/thumb/v6-m\libgcc.a(_aeabi_uldivmod.o)
                              ./source/pit_timer/pittimer.o (__aeabi_uldivmod)
c:/nxp/mcuxpressoide_10.3.0_2200/ide/plugins/com.nxp.mcuxpresso.tools.win32_10.3.0.201811011841/tools/bin/../lib/gcc/arm-none-eabi/7.3.1/thumb/v6-m\libgcc.a(_muldi3.o)
                              ./source/pit_timer/pittimer.o (__aeabi_lmul)
c:/nxp/mcuxpressoide_10.3.0_2200/ide/plugins/com.nxp.mcuxpresso.tools.win32_10.3.0.201811011841/tools/bin/../lib/gcc/arm-none-eabi/7.3.1/thumb/v6-m\libgcc.a(_udivmoddi4.o)
                              c:/nxp/mcuxpressoide_10.3.0_2200/ide/plugins/com.nxp.mcuxpresso.tools.win32_10.3.0.201811011841/tools/bin/../lib/gcc/arm-none-eabi/7.3.1/thumb/v6-m\libgcc.a(_aeabi_uldivmod.o) (__udivmoddi4)
c:/nxp/mcuxpressoide_10.3.0_2200/ide/plugins/com.nxp.mcuxpresso.tools.win32_10.3.0.201811011841/tools/bin/../lib/gcc/arm-none-eabi/7.3.1/thumb/v6-m\libgcc.a(bpabi.o)
                              c:/nxp/mcuxpressoide_10.3.0_2200/ide/plugins/com.nxp.mcuxpresso.tools.win32_10.3.0.201811011841/tools/bin/../lib/gcc/arm-none-eabi/7.3.1/thumb/v6-m\libgcc.a(_aeabi_ldivmod.o) (__gnu_ldivmod_helper)
c:/nxp/mcuxpressoide_10.3.0_2200/ide/plugins/com.nxp.mcuxpresso.tools.win32_10.3.0.201811011841/tools/bin/../lib/gcc/arm-none-eabi/7.3.1/thumb/v6-m\libgcc.a(eqdf2.o)
                              c:/nxp/mcuxpressoide_10.3.0_2200/ide/plugins/com.nxp.mcuxpresso.tools.win32_10.3.0.201811011841/tools/bin/../lib/gcc/arm-none-eabi/7.3.1/thumb/v6-m\libgcc.a(_arm_cmpdf2.o) (__eqdf2)
c:/nxp/mcuxpressoide_10.3.0_2200/ide/plugins/com.nxp.mcuxpresso.tools.win32_10.3.0.201811011841/tools/bin/../lib/gcc/arm-none-eabi/7.3.1/thumb/v6-m\libgcc.a(gedf2.o)
                              c:/nxp/mcuxpressoide_10.3.0_2200/ide/plugins/com.nxp.mcuxpresso.tools.win32_10.3.0.201811011841/tools/bin/../lib/gcc/arm-none-eabi/7.3.1/thumb/v6-m\libgcc.a(_arm_cmpdf2.o) (__gedf2)
c:/nxp/mcuxpressoide_10.3.0_2200/ide/plugins/com.nxp.mcuxpresso.tools.win32_10.3.0.201811011841/tools/bin/../lib/gcc/arm-none-eabi/7.3.1/thumb/v6-m\libgcc.a(ledf2.o)
                              c:/nxp/mcuxpressoide_10.3.0_2200/ide/plugins/com.nxp.mcuxpresso.tools.win32_10.3.0.201811011841/tools/bin/../lib/gcc/arm-none-eabi/7.3.1/thumb/v6-m\libgcc.a(_arm_cmpdf2.o) (__ledf2)
c:/nxp/mcuxpressoide_10.3.0_2200/ide/plugins/com.nxp.mcuxpresso.tools.win32_10.3.0.201811011841/tools/bin/../lib/gcc/arm-none-eabi/7.3.1/thumb/v6-m\libgcc.a(unwind-arm.o)
                              ./startup/startup_mkl25z4.o (__aeabi_unwind_cpp_pr0)
c:/nxp/mcuxpressoide_10.3.0_2200/ide/plugins/com.nxp.mcuxpresso.tools.win32_10.3.0.201811011841/tools/bin/../lib/gcc/arm-none-eabi/7.3.1/thumb/v6-m\libgcc.a(libunwind.o)
[...]
Memory Configuration

Name             Origin             Length             Attributes
PROGRAM_FLASH    0x00000000         0x00020000         xr
SRAM             0x1ffff000         0x00004000         xrw
*default*        0x00000000         0xffffffff

Linker script and memory map

LOAD ./utilities/fsl_debug_console.o
LOAD ./startup/startup_mkl25z4.o
LOAD ./source/pit_timer/pittimer.o
LOAD ./source/ele_protocol/EleComunicate.o
LOAD ./source/UART/L_BUFER.o
LOAD ./source/MKL25Z128xxx4_Project.o
LOAD ./source/mtb.o
LOAD ./source/semihost_hardfault.o
LOAD ./drivers/fsl_adc16.o
LOAD ./drivers/fsl_clock.o
LOAD ./drivers/fsl_cmp.o
LOAD ./drivers/fsl_common.o
LOAD ./drivers/fsl_cop.o
LOAD ./drivers/fsl_dac.o
LOAD ./drivers/fsl_dma.o
LOAD ./drivers/fsl_dmamux.o
LOAD ./drivers/fsl_flash.o
LOAD ./drivers/fsl_gpio.o
LOAD ./drivers/fsl_i2c.o
LOAD ./drivers/fsl_i2c_dma.o
LOAD ./drivers/fsl_llwu.o
LOAD ./drivers/fsl_lpsci.o
LOAD ./drivers/fsl_lpsci_dma.o
LOAD ./drivers/fsl_lptmr.o
LOAD ./drivers/fsl_pit.o
LOAD ./drivers/fsl_pmc.o
LOAD ./drivers/fsl_rcm.o
LOAD ./drivers/fsl_rtc.o
LOAD ./drivers/fsl_sim.o
LOAD ./drivers/fsl_smc.o
LOAD ./drivers/fsl_spi.o
LOAD ./drivers/fsl_spi_dma.o
LOAD ./drivers/fsl_tpm.o
LOAD ./drivers/fsl_tsi_v4.o
LOAD ./drivers/fsl_uart.o
LOAD ./drivers/fsl_uart_dma.o
LOAD ./board/board.o
LOAD ./board/clock_config.o
LOAD ./board/peripherals.o
LOAD ./board/pin_mux.o
LOAD ./CMSIS_driver/fsl_i2c_cmsis.o
LOAD ./CMSIS_driver/fsl_lpsci_cmsis.o
LOAD ./CMSIS_driver/fsl_spi_cmsis.o
LOAD ./CMSIS_driver/fsl_uart_cmsis.o
LOAD ./CMSIS/system_MKL25Z4.o
START GROUP
LOAD c:/nxp/mcuxpressoide_10.3.0_2200/ide/plugins/com.nxp.mcuxpresso.tools.win32_10.3.0.201811011841/tools/bin/../lib/gcc/arm-none-eabi/7.3.1/thumb/v6-m\libgcc.a
LOAD c:/nxp/mcuxpressoide_10.3.0_2200/ide/plugins/com.nxp.mcuxpresso.tools.win32_10.3.0.201811011841/tools/bin/../lib/gcc/arm-none-eabi/7.3.1/../../../../arm-none-eabi/lib/thumb/v6-m\libc_nano.a
LOAD c:/nxp/mcuxpressoide_10.3.0_2200/ide/plugins/com.nxp.mcuxpresso.tools.win32_10.3.0.201811011841/tools/bin/../lib/gcc/arm-none-eabi/7.3.1/../../../../arm-none-eabi/lib/thumb/v6-m\libstdc++_nano.a
LOAD c:/nxp/mcuxpressoide_10.3.0_2200/ide/plugins/com.nxp.mcuxpresso.tools.win32_10.3.0.201811011841/tools/bin/../lib/gcc/arm-none-eabi/7.3.1/../../../../arm-none-eabi/lib/thumb/v6-m\libm.a
LOAD c:/nxp/mcuxpressoide_10.3.0_2200/ide/plugins/com.nxp.mcuxpresso.tools.win32_10.3.0.201811011841/tools/bin/../lib/gcc/arm-none-eabi/7.3.1/../../../../arm-none-eabi/lib/thumb/v6-m\libcr_newlib_nohost.a
LOAD c:/nxp/mcuxpressoide_10.3.0_2200/ide/plugins/com.nxp.mcuxpresso.tools.win32_10.3.0.201811011841/tools/bin/../lib/gcc/arm-none-eabi/7.3.1/thumb/v6-m\crti.o
LOAD c:/nxp/mcuxpressoide_10.3.0_2200/ide/plugins/com.nxp.mcuxpresso.tools.win32_10.3.0.201811011841/tools/bin/../lib/gcc/arm-none-eabi/7.3.1/thumb/v6-m\crtn.o
LOAD c:/nxp/mcuxpressoide_10.3.0_2200/ide/plugins/com.nxp.mcuxpresso.tools.win32_10.3.0.201811011841/tools/bin/../lib/gcc/arm-none-eabi/7.3.1/thumb/v6-m\crtbegin.o
LOAD c:/nxp/mcuxpressoide_10.3.0_2200/ide/plugins/com.nxp.mcuxpresso.tools.win32_10.3.0.201811011841/tools/bin/../lib/gcc/arm-none-eabi/7.3.1/thumb/v6-m\crtend.o
END GROUP
                0x00000000                __base_PROGRAM_FLASH = 0x0
                0x00000000                __base_Flash = 0x0
                0x00020000                __top_PROGRAM_FLASH = 0x20000
                0x00020000                __top_Flash = 0x20000
                0x1ffff000                __base_SRAM = 0x1ffff000
                0x1ffff000                __base_RAM = 0x1ffff000
                0x20003000                __top_SRAM = 0x20003000
                0x20003000                __top_RAM = 0x20003000

.text           0x00000000     0x3f10
 FILL mask 0xff
                0x00000000                __vectors_start__ = ABSOLUTE (.)
 *(.isr_vector)
 .isr_vector    0x00000000       0xc0 ./startup/startup_mkl25z4.o
                0x00000000                g_pfnVectors
                0x00000000                __Vectors
                0x000000c0                . = ALIGN (0x4)
                0x000000c0                __section_table_start = .
                0x000000c0                __data_section_table = .
                0x000000c0        0x4 LONG 0x4130 LOADADDR (.data)
                0x000000c4        0x4 LONG 0x1ffff080 ADDR (.data)
                0x000000c8        0x4 LONG 0x7c SIZEOF (.data)
                0x000000cc                __data_section_table_end = .
                0x000000cc                __bss_section_table = .
                0x000000cc        0x4 LONG 0x1ffff0fc ADDR (.bss)
                0x000000d0        0x4 LONG 0xe4 SIZEOF (.bss)
                0x000000d4                __bss_section_table_end = .
                0x000000d4                __section_table_end = .
 *(.after_vectors*)
 .after_vectors
                0x000000d4      0x10c ./startup/startup_mkl25z4.o
                0x000000d4                NMI_Handler
                0x000000d8                SVC_Handler
                0x000000da                PendSV_Handler
                0x000000dc                SysTick_Handler
                0x000000de                LPTMR0_DriverIRQHandler
                0x000000de                PORTD_DriverIRQHandler
                0x000000de                Reserved39_DriverIRQHandler
                0x000000de                CMP0_DriverIRQHandler
                0x000000de                ADC0_DriverIRQHandler
                0x000000de                LVD_LVW_DriverIRQHandler
                0x000000de                TPM2_DriverIRQHandler
                0x000000de                PIT_DriverIRQHandler
                0x000000de                RTC_DriverIRQHandler
                0x000000de                TSI0_DriverIRQHandler
                0x000000de                RTC_Seconds_DriverIRQHandler
                0x000000de                TPM1_DriverIRQHandler
                0x000000de                LLWU_DriverIRQHandler
                0x000000de                MCG_DriverIRQHandler
                0x000000de                PORTA_DriverIRQHandler
                0x000000de                Reserved45_DriverIRQHandler
                0x000000de                Reserved20_DriverIRQHandler
                0x000000de                FTFA_DriverIRQHandler
                0x000000de                IntDefaultHandler
                0x000000de                USB0_DriverIRQHandler
                0x000000de                DAC0_DriverIRQHandler
                0x000000de                TPM0_DriverIRQHandler
                0x000000e0                DMA0_IRQHandler
                0x000000e8                DMA1_IRQHandler
                0x000000f0                DMA2_IRQHandler
                0x000000f8                DMA3_IRQHandler
                0x00000100                Reserved20_IRQHandler
                0x00000108                FTFA_IRQHandler
                0x00000110                LVD_LVW_IRQHandler
                0x00000118                LLWU_IRQHandler
                0x00000120                I2C0_IRQHandler
                0x00000128                I2C1_IRQHandler
                0x00000130                SPI0_IRQHandler
                0x00000138                SPI1_IRQHandler
                0x00000148                UART1_IRQHandler
                0x00000150                UART2_IRQHandler
                0x00000158                ADC0_IRQHandler
                0x00000160                CMP0_IRQHandler
                0x00000168                TPM0_IRQHandler
                0x00000170                TPM1_IRQHandler
                0x00000178                TPM2_IRQHandler
                0x00000180                RTC_IRQHandler
                0x00000188                RTC_Seconds_IRQHandler
                0x00000198                Reserved39_IRQHandler
                0x000001a0                USB0_IRQHandler
                0x000001a8                DAC0_IRQHandler
                0x000001b0                TSI0_IRQHandler
                0x000001b8                MCG_IRQHandler
                0x000001c0                LPTMR0_IRQHandler
                0x000001c8                Reserved45_IRQHandler
                0x000001d0                PORTA_IRQHandler
                0x000001d8                PORTD_IRQHandler
 .after_vectors.init_data
                0x000001e0       0x18 ./startup/startup_mkl25z4.o
                0x000001e0                data_init(unsigned int, unsigned int, unsigned int)
 .after_vectors.init_bss
                0x000001f8       0x14 ./startup/startup_mkl25z4.o
                0x000001f8                bss_init(unsigned int, unsigned int)
 .after_vectors.reset
                0x0000020c       0x48 ./startup/startup_mkl25z4.o
                0x0000020c                ResetISR
                0x00000400                . = 0x400
 *fill*         0x00000254      0x1ac ff
                0x00000400                PROVIDE (__FLASH_CONFIG_START__ = .)
 *(.FlashConfig)
 .FlashConfig   0x00000400       0x10 ./startup/startup_mkl25z4.o
                0x00000410                PROVIDE (__FLASH_CONFIG_END__ = .)
                0x00000001                ASSERT (! ((__FLASH_CONFIG_START__ == __FLASH_CONFIG_END__)), Linker Flash Config Support Enabled, but no .FlashConfig section provided within application)
 *(.text*)
 .text.DbgConsole_Putchar
                0x00000410       0x24 ./utilities/fsl_debug_console.o
                0x00000410                DbgConsole_Putchar
 .text.DbgConsole_Init
                0x00000434       0x98 ./utilities/fsl_debug_console.o
                0x00000434                DbgConsole_Init
 .text          0x000004cc       0xc4 ./source/pit_timer/pittimer.o
                0x000004cc                pit_init(Ele_Comunicate*)
                0x00000550                PIT_IRQHandler
 .text          0x00000590      0x808 ./source/ele_protocol/EleComunicate.o
                0x00000590                Ele_Comunicate::~Ele_Comunicate()
                0x00000590                Ele_Comunicate::~Ele_Comunicate()
                0x00000592                Ele_Comunicate::~Ele_Comunicate()
                0x000005a2                Ele_Comunicate::calculateCRC(unsigned char const*, unsigned char)
                0x000005c0                Ele_Comunicate::createPacket(unsigned char, unsigned char, unsigned char const*, unsigned char)
                0x0000060c                Ele_Comunicate::read_Packet(L_BUFER*)
                0x000006a2                Ele_Comunicate::Send()
                0x000006be                Ele_Comunicate::reset_watchDog()
                0x000006de                Ele_Comunicate::lock_Elevator_Cabin()
                0x00000708                Ele_Comunicate::unlock_Elevator_Cabin()
                0x0000072a                Ele_Comunicate::isAck_paket()
                0x00000740                Ele_Comunicate::printOnTerminal(char const*)
                0x00000764                Ele_Comunicate::turnled_ON(unsigned char)
                0x000007ac                Ele_Comunicate::turnled_OFF(unsigned char)
                0x000007f4                Ele_Comunicate::set_display()
                0x0000084c                Ele_Comunicate::set_diplay_movment_none()
                0x00000860                Ele_Comunicate::go_motor(unsigned char)
                0x000008b0                Ele_Comunicate::restart_watchDog()
                0x000008ce                Ele_Comunicate::stop_motor()
                0x000008ec                Ele_Comunicate::reset_emerigenci_break()
                0x00000906                Ele_Comunicate::get_elevator_position()
                0x00000950                Ele_Comunicate::getPoschodie()
                0x00000a08                Ele_Comunicate::Ele_Comunicate(unsigned char)
                0x00000a08                Ele_Comunicate::Ele_Comunicate(unsigned char)
                0x00000a90                Ele_Comunicate::elevator_task()
                0x00000afc                Ele_Comunicate::pars_comand_button_function()
 .text          0x00000d98      0x164 ./source/UART/L_BUFER.o
                0x00000d98                L_BUFER::~L_BUFER()
                0x00000d98                L_BUFER::~L_BUFER()
                0x00000d9a                L_BUFER::~L_BUFER()
                0x00000da8                initUart()
                0x00000dfc                __sys_write(int, char*, int)
                0x00000e14                L_BUFER::L_BUFER(unsigned char*, unsigned char)
                0x00000e14                L_BUFER::L_BUFER(unsigned char*, unsigned char)
                0x00000e40                L_BUFER::writ_to_Buff(unsigned char)
                0x00000e6e                UART0_IRQHandler
                0x00000ec8                L_BUFER::read_from_Buff(unsigned char*)
 .text.startup  0x00000efc       0x88 ./source/MKL25Z128xxx4_Project.o
                0x00000f24                main
 .text.HardFault_Handler
                0x00000f84       0x2c ./source/semihost_hardfault.o
                0x00000f84                HardFault_Handler
 .text.CLOCK_GetFllExtRefClkFreq
                0x00000fb0       0x3c ./drivers/fsl_clock.o
 .text.CLOCK_GetInternalRefClkSelectFreq
                0x00000fec       0x28 ./drivers/fsl_clock.o
 .text.CLOCK_GetOsc0ErClkFreq
                0x00001014       0x1c ./drivers/fsl_clock.o
                0x00001014                CLOCK_GetOsc0ErClkFreq
 .text.CLOCK_GetEr32kClkFreq
                0x00001030       0x3c ./drivers/fsl_clock.o
                0x00001030                CLOCK_GetEr32kClkFreq
 .text.CLOCK_SetSimConfig
                0x0000106c       0x4c ./drivers/fsl_clock.o
                0x0000106c                CLOCK_SetSimConfig
 .text.CLOCK_GetFllFreq
                0x000010b8       0x4c ./drivers/fsl_clock.o
                0x000010b8                CLOCK_GetFllFreq
 .text.CLOCK_GetInternalRefClkFreq
                0x00001104       0x18 ./drivers/fsl_clock.o
                0x00001104                CLOCK_GetInternalRefClkFreq
 .text.CLOCK_GetPll0Freq
                0x0000111c       0x30 ./drivers/fsl_clock.o
                0x0000111c                CLOCK_GetPll0Freq
 .text.CLOCK_GetPllFllSelClkFreq
                0x0000114c       0x24 ./drivers/fsl_clock.o
                0x0000114c                CLOCK_GetPllFllSelClkFreq
 .text.CLOCK_GetOutClkFreq
                0x00001170       0x38 ./drivers/fsl_clock.o
                0x00001170                CLOCK_GetOutClkFreq
 .text.CLOCK_GetFixedFreqClkFreq
                0x000011a8       0x34 ./drivers/fsl_clock.o
                0x000011a8                CLOCK_GetFixedFreqClkFreq
 .text.CLOCK_GetFreq
                0x000011dc       0x84 ./drivers/fsl_clock.o
                0x000011dc                CLOCK_GetFreq
 .text.CLOCK_SetInternalRefClkConfig
                0x00001260       0x74 ./drivers/fsl_clock.o
                0x00001260                CLOCK_SetInternalRefClkConfig
 .text.CLOCK_EnablePll0
                0x000012d4       0x30 ./drivers/fsl_clock.o
                0x000012d4                CLOCK_EnablePll0
 .text.CLOCK_InitOsc0
                0x00001304       0x68 ./drivers/fsl_clock.o
                0x00001304                CLOCK_InitOsc0
 .text.CLOCK_SetPbeMode
                0x0000136c       0x50 ./drivers/fsl_clock.o
                0x0000136c                CLOCK_SetPbeMode
 .text.CLOCK_BootToPeeMode
                0x000013bc       0x2c ./drivers/fsl_clock.o
                0x000013bc                CLOCK_BootToPeeMode
 .text.DMA_HandleIRQ
                0x000013e8       0x22 ./drivers/fsl_dma.o
                0x000013e8                DMA_HandleIRQ
 *fill*         0x0000140a        0x2 ff
 .text.DMA0_DriverIRQHandler
                0x0000140c       0x10 ./drivers/fsl_dma.o
                0x0000140c                DMA0_DriverIRQHandler
 .text.DMA1_DriverIRQHandler
                0x0000141c       0x10 ./drivers/fsl_dma.o
                0x0000141c                DMA1_DriverIRQHandler
 .text.DMA2_DriverIRQHandler
                0x0000142c       0x10 ./drivers/fsl_dma.o
                0x0000142c                DMA2_DriverIRQHandler
 .text.DMA3_DriverIRQHandler
                0x0000143c       0x10 ./drivers/fsl_dma.o
                0x0000143c                DMA3_DriverIRQHandler
 .text.I2C_TransferCommonIRQHandler
                0x0000144c       0x28 ./drivers/fsl_i2c.o
 .text.I2C0_DriverIRQHandler
                0x00001474       0x18 ./drivers/fsl_i2c.o
                0x00001474                I2C0_DriverIRQHandler
 .text.I2C1_DriverIRQHandler
                0x0000148c       0x18 ./drivers/fsl_i2c.o
                0x0000148c                I2C1_DriverIRQHandler
 .text.LPSCI_Init
                0x000014a4      0x128 ./drivers/fsl_lpsci.o
                0x000014a4                LPSCI_Init
 .text.LPSCI_GetDefaultConfig
                0x000015cc       0x12 ./drivers/fsl_lpsci.o
                0x000015cc                LPSCI_GetDefaultConfig
 *fill*         0x000015de        0x2 ff
 .text.LPSCI_EnableInterrupts
                0x000015e0       0x24 ./drivers/fsl_lpsci.o
                0x000015e0                LPSCI_EnableInterrupts
 .text.LPSCI_DisableInterrupts
                0x00001604       0x20 ./drivers/fsl_lpsci.o
                0x00001604                LPSCI_DisableInterrupts
 .text.LPSCI_ClearStatusFlags
                0x00001624       0x54 ./drivers/fsl_lpsci.o
                0x00001624                LPSCI_ClearStatusFlags
 .text.LPSCI_WriteBlocking
                0x00001678       0x18 ./drivers/fsl_lpsci.o
                0x00001678                LPSCI_WriteBlocking
 .text.LPSCI_ReadBlocking
                0x00001690       0x78 ./drivers/fsl_lpsci.o
                0x00001690                LPSCI_ReadBlocking
 .text.UART0_DriverIRQHandler
                0x00001708       0x1c ./drivers/fsl_lpsci.o
                0x00001708                UART0_DriverIRQHandler
 .text.PIT_Init
                0x00001724       0x34 ./drivers/fsl_pit.o
                0x00001724                PIT_Init
 .text.SPI_CommonIRQHandler
                0x00001758       0x28 ./drivers/fsl_spi.o
 .text.SPI0_DriverIRQHandler
                0x00001780       0x10 ./drivers/fsl_spi.o
                0x00001780                SPI0_DriverIRQHandler
 .text.SPI1_DriverIRQHandler
                0x00001790       0x10 ./drivers/fsl_spi.o
                0x00001790                SPI1_DriverIRQHandler
 .text.UART_GetInstance
                0x000017a0       0x24 ./drivers/fsl_uart.o
                0x000017a0                UART_GetInstance
 .text.UART_Init
                0x000017c4       0xdc ./drivers/fsl_uart.o
                0x000017c4                UART_Init
 .text.UART_GetDefaultConfig
                0x000018a0       0x12 ./drivers/fsl_uart.o
                0x000018a0                UART_GetDefaultConfig
 .text.UART_WriteBlocking
                0x000018b2       0x18 ./drivers/fsl_uart.o
                0x000018b2                UART_WriteBlocking
 *fill*         0x000018ca        0x2 ff
 .text.UART_ReadBlocking
                0x000018cc       0x60 ./drivers/fsl_uart.o
                0x000018cc                UART_ReadBlocking
 .text.UART1_DriverIRQHandler
                0x0000192c       0x1c ./drivers/fsl_uart.o
                0x0000192c                UART1_DriverIRQHandler
 .text.UART2_DriverIRQHandler
                0x00001948       0x1c ./drivers/fsl_uart.o
                0x00001948                UART2_DriverIRQHandler
 .text.BOARD_InitDebugConsole
                0x00001964       0x38 ./board/board.o
                0x00001964                BOARD_InitDebugConsole
 .text.BOARD_BootClockRUN
                0x0000199c       0x70 ./board/clock_config.o
                0x0000199c                BOARD_BootClockRUN
 .text.BOARD_InitBootClocks
                0x00001a0c        0x8 ./board/clock_config.o
                0x00001a0c                BOARD_InitBootClocks
 .text.BOARD_InitBootPeripherals
                0x00001a14        0x2 ./board/peripherals.o
                0x00001a14                BOARD_InitBootPeripherals
 *fill*         0x00001a16        0x2 ff
 .text.BOARD_InitPins
                0x00001a18       0x44 ./board/pin_mux.o
                0x00001a18                BOARD_InitPins
 .text.BOARD_InitBootPins
                0x00001a5c        0x8 ./board/pin_mux.o
                0x00001a5c                BOARD_InitBootPins
 .text.SystemInit
                0x00001a64       0x10 ./CMSIS/system_MKL25Z4.o
                0x00001a64                SystemInit
 .text          0x00001a74       0x14 c:/nxp/mcuxpressoide_10.3.0_2200/ide/plugins/com.nxp.mcuxpresso.tools.win32_10.3.0.201811011841/tools/bin/../lib/gcc/arm-none-eabi/7.3.1/thumb/v6-m\libgcc.a(_thumb1_case_uqi.o)
                0x00001a74                __gnu_thumb1_case_uqi
 .text          0x00001a88      0x114 c:/nxp/mcuxpressoide_10.3.0_2200/ide/plugins/com.nxp.mcuxpresso.tools.win32_10.3.0.201811011841/tools/bin/../lib/gcc/arm-none-eabi/7.3.1/thumb/v6-m\libgcc.a(_udivsi3.o)
                0x00001a88                __aeabi_uidiv
                0x00001a88                __udivsi3
                0x00001b94                __aeabi_uidivmod
 .text          0x00001b9c        0x4 c:/nxp/mcuxpressoide_10.3.0_2200/ide/plugins/com.nxp.mcuxpresso.tools.win32_10.3.0.201811011841/tools/bin/../lib/gcc/arm-none-eabi/7.3.1/thumb/v6-m\libgcc.a(_dvmd_tls.o)
                0x00001b9c                __aeabi_idiv0
                0x00001b9c                __aeabi_ldiv0
 .text          0x00001ba0       0x7c c:/nxp/mcuxpressoide_10.3.0_2200/ide/plugins/com.nxp.mcuxpresso.tools.win32_10.3.0.201811011841/tools/bin/../lib/gcc/arm-none-eabi/7.3.1/thumb/v6-m\libgcc.a(_arm_cmpdf2.o)
                0x00001ba0                __aeabi_cdrcmple
                0x00001bb0                __aeabi_cdcmple
                0x00001bb0                __aeabi_cdcmpeq
                0x00001bc0                __aeabi_dcmpeq
                0x00001bcc                __aeabi_dcmplt
                0x00001be0                __aeabi_dcmple
                0x00001bf4                __aeabi_dcmpgt
                0x00001c08                __aeabi_dcmpge
 .text          0x00001c1c       0x40 c:/nxp/mcuxpressoide_10.3.0_2200/ide/plugins/com.nxp.mcuxpresso.tools.win32_10.3.0.201811011841/tools/bin/../lib/gcc/arm-none-eabi/7.3.1/thumb/v6-m\libgcc.a(_aeabi_uldivmod.o)
                0x00001c1c                __aeabi_uldivmod
 .text          0x00001c5c       0x54 c:/nxp/mcuxpressoide_10.3.0_2200/ide/plugins/com.nxp.mcuxpresso.tools.win32_10.3.0.201811011841/tools/bin/../lib/gcc/arm-none-eabi/7.3.1/thumb/v6-m\libgcc.a(_muldi3.o)
                0x00001c5c                __muldi3
                0x00001c5c                __aeabi_lmul
 .text          0x00001cb0      0x184 c:/nxp/mcuxpressoide_10.3.0_2200/ide/plugins/com.nxp.mcuxpresso.tools.win32_10.3.0.201811011841/tools/bin/../lib/gcc/arm-none-eabi/7.3.1/thumb/v6-m\libgcc.a(_udivmoddi4.o)
                0x00001cb0                __udivmoddi4
 .text          0x00001e34       0x78 c:/nxp/mcuxpressoide_10.3.0_2200/ide/plugins/com.nxp.mcuxpresso.tools.win32_10.3.0.201811011841/tools/bin/../lib/gcc/arm-none-eabi/7.3.1/thumb/v6-m\libgcc.a(eqdf2.o)
                0x00001e34                __nedf2
                0x00001e34                __eqdf2
 .text          0x00001eac       0xc8 c:/nxp/mcuxpressoide_10.3.0_2200/ide/plugins/com.nxp.mcuxpresso.tools.win32_10.3.0.201811011841/tools/bin/../lib/gcc/arm-none-eabi/7.3.1/thumb/v6-m\libgcc.a(gedf2.o)
                0x00001eac                __gedf2
                0x00001eac                __gtdf2
 .text          0x00001f74       0xd0 c:/nxp/mcuxpressoide_10.3.0_2200/ide/plugins/com.nxp.mcuxpresso.tools.win32_10.3.0.201811011841/tools/bin/../lib/gcc/arm-none-eabi/7.3.1/thumb/v6-m\libgcc.a(ledf2.o)
                0x00001f74                __ledf2
                0x00001f74                __ltdf2
 .text          0x00002044      0xa08 c:/nxp/mcuxpressoide_10.3.0_2200/ide/plugins/com.nxp.mcuxpresso.tools.win32_10.3.0.201811011841/tools/bin/../lib/gcc/arm-none-eabi/7.3.1/thumb/v6-m\libgcc.a(unwind-arm.o)
                0x00002300                _Unwind_GetCFA
                0x00002304                __gnu_Unwind_RaiseException
                0x00002358                __gnu_Unwind_ForcedUnwind
                0x0000236c                __gnu_Unwind_Resume
                0x000023b4                __gnu_Unwind_Resume_or_Rethrow
                0x000023d0                _Unwind_Complete
                0x000023d4                _Unwind_DeleteException
                0x000023e4                _Unwind_VRS_Get
                0x0000242c                _Unwind_VRS_Set
                0x00002474                __gnu_Unwind_Backtrace
                0x000027c4                __aeabi_unwind_cpp_pr0
                0x000027d0                __aeabi_unwind_cpp_pr1
                0x000027dc                __aeabi_unwind_cpp_pr2
                0x000027e8                _Unwind_VRS_Pop
 .text          0x00002a4c      0x144 c:/nxp/mcuxpressoide_10.3.0_2200/ide/plugins/com.nxp.mcuxpresso.tools.win32_10.3.0.201811011841/tools/bin/../lib/gcc/arm-none-eabi/7.3.1/thumb/v6-m\libgcc.a(libunwind.o)
                0x00002a4c                __restore_core_regs
                0x00002a4c                restore_core_regs
                0x00002a78                __gnu_Unwind_Restore_VFP
                0x00002a7c                __gnu_Unwind_Save_VFP
                0x00002a80                __gnu_Unwind_Restore_VFP_D
                0x00002a84                __gnu_Unwind_Save_VFP_D
                0x00002a88                __gnu_Unwind_Restore_VFP_D_16_to_31
                0x00002a8c                __gnu_Unwind_Save_VFP_D_16_to_31
                0x00002a90                __gnu_Unwind_Restore_WMMXD
                0x00002a94                __gnu_Unwind_Save_WMMXD
                0x00002a98                __gnu_Unwind_Restore_WMMXC
                0x00002a9c                __gnu_Unwind_Save_WMMXC
                0x00002aa0                ___Unwind_RaiseException
                0x00002aa0                _Unwind_RaiseException
                0x00002ad0                _Unwind_Resume
                0x00002ad0                ___Unwind_Resume
                0x00002b00                _Unwind_Resume_or_Rethrow
                0x00002b00                ___Unwind_Resume_or_Rethrow
                0x00002b30                _Unwind_ForcedUnwind
                0x00002b30                ___Unwind_ForcedUnwind
                0x00002b60                ___Unwind_Backtrace
                0x00002b60                _Unwind_Backtrace
 .text          0x00002b90      0x39c c:/nxp/mcuxpressoide_10.3.0_2200/ide/plugins/com.nxp.mcuxpresso.tools.win32_10.3.0.201811011841/tools/bin/../lib/gcc/arm-none-eabi/7.3.1/thumb/v6-m\libgcc.a(pr-support.o)
                0x00002be4                __gnu_unwind_execute
                0x00002ed4                __gnu_unwind_frame
                0x00002efc                _Unwind_GetRegionStart
                0x00002f08                _Unwind_GetLanguageSpecificData
                0x00002f1c                _Unwind_GetDataRelBase
                0x00002f24                _Unwind_GetTextRelBase
 .text          0x00002f2c       0x18 c:/nxp/mcuxpressoide_10.3.0_2200/ide/plugins/com.nxp.mcuxpresso.tools.win32_10.3.0.201811011841/tools/bin/../lib/gcc/arm-none-eabi/7.3.1/thumb/v6-m\libgcc.a(_clzdi2.o)
                0x00002f2c                __clzdi2
 .text          0x00002f44       0x3c c:/nxp/mcuxpressoide_10.3.0_2200/ide/plugins/com.nxp.mcuxpresso.tools.win32_10.3.0.201811011841/tools/bin/../lib/gcc/arm-none-eabi/7.3.1/thumb/v6-m\libgcc.a(_clzsi2.o)
                0x00002f44                __clzsi2
 .text.abort    0x00002f80        0xe c:/nxp/mcuxpressoide_10.3.0_2200/ide/plugins/com.nxp.mcuxpresso.tools.win32_10.3.0.201811011841/tools/bin/../lib/gcc/arm-none-eabi/7.3.1/../../../../arm-none-eabi/lib/thumb/v6-m\libc_nano.a(lib_a-abort.o)
                0x00002f80                abort
 .text.__aeabi_atexit
                0x00002f8e        0xe c:/nxp/mcuxpressoide_10.3.0_2200/ide/plugins/com.nxp.mcuxpresso.tools.win32_10.3.0.201811011841/tools/bin/../lib/gcc/arm-none-eabi/7.3.1/../../../../arm-none-eabi/lib/thumb/v6-m\libc_nano.a(lib_a-aeabi_atexit.o)
                0x00002f8e                __aeabi_atexit
 .text.__cxa_atexit
                0x00002f9c       0x1c c:/nxp/mcuxpressoide_10.3.0_2200/ide/plugins/com.nxp.mcuxpresso.tools.win32_10.3.0.201811011841/tools/bin/../lib/gcc/arm-none-eabi/7.3.1/../../../../arm-none-eabi/lib/thumb/v6-m\libc_nano.a(lib_a-cxa_atexit.o)
                0x00002f9c                __cxa_atexit
 .text.__libc_init_array
                0x00002fb8       0x48 c:/nxp/mcuxpressoide_10.3.0_2200/ide/plugins/com.nxp.mcuxpresso.tools.win32_10.3.0.201811011841/tools/bin/../lib/gcc/arm-none-eabi/7.3.1/../../../../arm-none-eabi/lib/thumb/v6-m\libc_nano.a(lib_a-init.o)
                0x00002fb8                __libc_init_array
 .text.memcpy   0x00003000       0x12 c:/nxp/mcuxpressoide_10.3.0_2200/ide/plugins/com.nxp.mcuxpresso.tools.win32_10.3.0.201811011841/tools/bin/../lib/gcc/arm-none-eabi/7.3.1/../../../../arm-none-eabi/lib/thumb/v6-m\libc_nano.a(lib_a-memcpy-stub.o)
                0x00003000                memcpy
 .text.memset   0x00003012       0x10 c:/nxp/mcuxpressoide_10.3.0_2200/ide/plugins/com.nxp.mcuxpresso.tools.win32_10.3.0.201811011841/tools/bin/../lib/gcc/arm-none-eabi/7.3.1/../../../../arm-none-eabi/lib/thumb/v6-m\libc_nano.a(lib_a-memset.o)
                0x00003012                memset
 .text._raise_r
                0x00003022       0x54 c:/nxp/mcuxpressoide_10.3.0_2200/ide/plugins/com.nxp.mcuxpresso.tools.win32_10.3.0.201811011841/tools/bin/../lib/gcc/arm-none-eabi/7.3.1/../../../../arm-none-eabi/lib/thumb/v6-m\libc_nano.a(lib_a-signal.o)
                0x00003022                _raise_r
 *fill*         0x00003076        0x2 ff
 .text.raise    0x00003078       0x14 c:/nxp/mcuxpressoide_10.3.0_2200/ide/plugins/com.nxp.mcuxpresso.tools.win32_10.3.0.201811011841/tools/bin/../lib/gcc/arm-none-eabi/7.3.1/../../../../arm-none-eabi/lib/thumb/v6-m\libc_nano.a(lib_a-signal.o)
                0x00003078                raise
 .text._kill_r  0x0000308c       0x24 c:/nxp/mcuxpressoide_10.3.0_2200/ide/plugins/com.nxp.mcuxpresso.tools.win32_10.3.0.201811011841/tools/bin/../lib/gcc/arm-none-eabi/7.3.1/../../../../arm-none-eabi/lib/thumb/v6-m\libc_nano.a(lib_a-signalr.o)
                0x0000308c                _kill_r
 .text._getpid_r
                0x000030b0        0x8 c:/nxp/mcuxpressoide_10.3.0_2200/ide/plugins/com.nxp.mcuxpresso.tools.win32_10.3.0.201811011841/tools/bin/../lib/gcc/arm-none-eabi/7.3.1/../../../../arm-none-eabi/lib/thumb/v6-m\libc_nano.a(lib_a-signalr.o)
                0x000030b0                _getpid_r
 .text          0x000030b8        0xe c:/nxp/mcuxpressoide_10.3.0_2200/ide/plugins/com.nxp.mcuxpresso.tools.win32_10.3.0.201811011841/tools/bin/../lib/gcc/arm-none-eabi/7.3.1/../../../../arm-none-eabi/lib/thumb/v6-m\libc_nano.a(lib_a-strlen.o)
                0x000030b8                strlen
 .text.__malloc_lock
                0x000030c6        0x2 c:/nxp/mcuxpressoide_10.3.0_2200/ide/plugins/com.nxp.mcuxpresso.tools.win32_10.3.0.201811011841/tools/bin/../lib/gcc/arm-none-eabi/7.3.1/../../../../arm-none-eabi/lib/thumb/v6-m\libc_nano.a(lib_a-mlock.o)
                0x000030c6                __malloc_lock
 .text.__malloc_unlock
                0x000030c8        0x2 c:/nxp/mcuxpressoide_10.3.0_2200/ide/plugins/com.nxp.mcuxpresso.tools.win32_10.3.0.201811011841/tools/bin/../lib/gcc/arm-none-eabi/7.3.1/../../../../arm-none-eabi/lib/thumb/v6-m\libc_nano.a(lib_a-mlock.o)
                0x000030c8                __malloc_unlock
 *fill*         0x000030ca        0x2 ff
 .text._free_r  0x000030cc       0x94 c:/nxp/mcuxpressoide_10.3.0_2200/ide/plugins/com.nxp.mcuxpresso.tools.win32_10.3.0.201811011841/tools/bin/../lib/gcc/arm-none-eabi/7.3.1/../../../../arm-none-eabi/lib/thumb/v6-m\libc_nano.a(lib_a-nano-freer.o)
                0x000030cc                _free_r
 .text._ZL12read_uleb128PKhPm
                0x00003160       0x2c c:/nxp/mcuxpressoide_10.3.0_2200/ide/plugins/com.nxp.mcuxpresso.tools.win32_10.3.0.201811011841/tools/bin/../lib/gcc/arm-none-eabi/7.3.1/../../../../arm-none-eabi/lib/thumb/v6-m\libstdc++_nano.a(eh_personality.o)
 .text._ZL12read_sleb128PKhPl
                0x0000318c       0x34 c:/nxp/mcuxpressoide_10.3.0_2200/ide/plugins/com.nxp.mcuxpresso.tools.win32_10.3.0.201811011841/tools/bin/../lib/gcc/arm-none-eabi/7.3.1/../../../../arm-none-eabi/lib/thumb/v6-m\libstdc++_nano.a(eh_personality.o)
 .text._ZL28read_encoded_value_with_basehjPKhPj
                0x000031c0       0xb2 c:/nxp/mcuxpressoide_10.3.0_2200/ide/plugins/com.nxp.mcuxpresso.tools.win32_10.3.0.201811011841/tools/bin/../lib/gcc/arm-none-eabi/7.3.1/../../../../arm-none-eabi/lib/thumb/v6-m\libstdc++_nano.a(eh_personality.o)
 .text._Unwind_GetGR
                0x00003272       0x16 c:/nxp/mcuxpressoide_10.3.0_2200/ide/plugins/com.nxp.mcuxpresso.tools.win32_10.3.0.201811011841/tools/bin/../lib/gcc/arm-none-eabi/7.3.1/../../../../arm-none-eabi/lib/thumb/v6-m\libstdc++_nano.a(eh_personality.o)
 .text._ZL21base_of_encoded_valuehP15_Unwind_Context.part.3
                0x00003288       0x3e c:/nxp/mcuxpressoide_10.3.0_2200/ide/plugins/com.nxp.mcuxpresso.tools.win32_10.3.0.201811011841/tools/bin/../lib/gcc/arm-none-eabi/7.3.1/../../../../arm-none-eabi/lib/thumb/v6-m\libstdc++_nano.a(eh_personality.o)
 .text._ZL18read_encoded_valueP15_Unwind_ContexthPKhPj
                0x000032c6       0x24 c:/nxp/mcuxpressoide_10.3.0_2200/ide/plugins/com.nxp.mcuxpresso.tools.win32_10.3.0.201811011841/tools/bin/../lib/gcc/arm-none-eabi/7.3.1/../../../../arm-none-eabi/lib/thumb/v6-m\libstdc++_nano.a(eh_personality.o)
 .text._ZL17parse_lsda_headerP15_Unwind_ContextPKhP16lsda_header_info
                0x000032ea       0x62 c:/nxp/mcuxpressoide_10.3.0_2200/ide/plugins/com.nxp.mcuxpresso.tools.win32_10.3.0.201811011841/tools/bin/../lib/gcc/arm-none-eabi/7.3.1/../../../../arm-none-eabi/lib/thumb/v6-m\libstdc++_nano.a(eh_personality.o)
 .text.__gxx_personality_v0
                0x0000334c      0x370 c:/nxp/mcuxpressoide_10.3.0_2200/ide/plugins/com.nxp.mcuxpresso.tools.win32_10.3.0.201811011841/tools/bin/../lib/gcc/arm-none-eabi/7.3.1/../../../../arm-none-eabi/lib/thumb/v6-m\libstdc++_nano.a(eh_personality.o)
                0x0000334c                __gxx_personality_v0
 .text._ZN10__cxxabiv1L24__is_gxx_exception_classEPc
                0x000036bc       0x3a c:/nxp/mcuxpressoide_10.3.0_2200/ide/plugins/com.nxp.mcuxpresso.tools.win32_10.3.0.201811011841/tools/bin/../lib/gcc/arm-none-eabi/7.3.1/../../../../arm-none-eabi/lib/thumb/v6-m\libstdc++_nano.a(eh_call.o)
 .text.__cxa_call_terminate
                0x000036f6       0x20 c:/nxp/mcuxpressoide_10.3.0_2200/ide/plugins/com.nxp.mcuxpresso.tools.win32_10.3.0.201811011841/tools/bin/../lib/gcc/arm-none-eabi/7.3.1/../../../../arm-none-eabi/lib/thumb/v6-m\libstdc++_nano.a(eh_call.o)
                0x000036f6                __cxa_call_terminate
 .text.__cxa_call_unexpected
                0x00003716       0x2e c:/nxp/mcuxpressoide_10.3.0_2200/ide/plugins/com.nxp.mcuxpresso.tools.win32_10.3.0.201811011841/tools/bin/../lib/gcc/arm-none-eabi/7.3.1/../../../../arm-none-eabi/lib/thumb/v6-m\libstdc++_nano.a(eh_call.o)
                0x00003716                __cxa_call_unexpected
 .text._ZN10__cxxabiv1L24__is_gxx_exception_classEPc
                0x00003744       0x3a c:/nxp/mcuxpressoide_10.3.0_2200/ide/plugins/com.nxp.mcuxpresso.tools.win32_10.3.0.201811011841/tools/bin/../lib/gcc/arm-none-eabi/7.3.1/../../../../arm-none-eabi/lib/thumb/v6-m\libstdc++_nano.a(eh_catch.o)
 .text.__cxa_begin_catch
                0x0000377e       0x4e c:/nxp/mcuxpressoide_10.3.0_2200/ide/plugins/com.nxp.mcuxpresso.tools.win32_10.3.0.201811011841/tools/bin/../lib/gcc/arm-none-eabi/7.3.1/../../../../arm-none-eabi/lib/thumb/v6-m\libstdc++_nano.a(eh_catch.o)
                0x0000377e                __cxa_begin_catch
 .text.__cxa_get_globals
                0x000037cc        0x8 c:/nxp/mcuxpressoide_10.3.0_2200/ide/plugins/com.nxp.mcuxpresso.tools.win32_10.3.0.201811011841/tools/bin/../lib/gcc/arm-none-eabi/7.3.1/../../../../arm-none-eabi/lib/thumb/v6-m\libstdc++_nano.a(eh_globals.o)
                0x000037cc                __cxa_get_globals
 .text._ZN10__cxxabiv111__terminateEPFvvE
                0x000037d4        0x8 c:/nxp/mcuxpressoide_10.3.0_2200/ide/plugins/com.nxp.mcuxpresso.tools.win32_10.3.0.201811011841/tools/bin/../lib/gcc/arm-none-eabi/7.3.1/../../../../arm-none-eabi/lib/thumb/v6-m\libstdc++_nano.a(eh_terminate.o)
                0x000037d4                __cxxabiv1::__terminate(void (*)())
 .text._ZSt9terminatev
                0x000037dc       0x10 c:/nxp/mcuxpressoide_10.3.0_2200/ide/plugins/com.nxp.mcuxpresso.tools.win32_10.3.0.201811011841/tools/bin/../lib/gcc/arm-none-eabi/7.3.1/../../../../arm-none-eabi/lib/thumb/v6-m\libstdc++_nano.a(eh_terminate.o)
                0x000037dc                std::terminate()
 .text._ZN10__cxxabiv112__unexpectedEPFvvE
                0x000037ec        0x8 c:/nxp/mcuxpressoide_10.3.0_2200/ide/plugins/com.nxp.mcuxpresso.tools.win32_10.3.0.201811011841/tools/bin/../lib/gcc/arm-none-eabi/7.3.1/../../../../arm-none-eabi/lib/thumb/v6-m\libstdc++_nano.a(eh_terminate.o)
                0x000037ec                __cxxabiv1::__unexpected(void (*)())
 .text._ZSt10unexpectedv
                0x000037f4       0x10 c:/nxp/mcuxpressoide_10.3.0_2200/ide/plugins/com.nxp.mcuxpresso.tools.win32_10.3.0.201811011841/tools/bin/../lib/gcc/arm-none-eabi/7.3.1/../../../../arm-none-eabi/lib/thumb/v6-m\libstdc++_nano.a(eh_terminate.o)
                0x000037f4                std::unexpected()
 .text.__cxa_end_cleanup
                0x00003804        0xc c:/nxp/mcuxpressoide_10.3.0_2200/ide/plugins/com.nxp.mcuxpresso.tools.win32_10.3.0.201811011841/tools/bin/../lib/gcc/arm-none-eabi/7.3.1/../../../../arm-none-eabi/lib/thumb/v6-m\libstdc++_nano.a(eh_arm.o)
                0x00003804                __cxa_end_cleanup
 .text._ZN10__cxxabiv1L24__is_gxx_exception_classEPc
                0x00003810       0x3a c:/nxp/mcuxpressoide_10.3.0_2200/ide/plugins/com.nxp.mcuxpresso.tools.win32_10.3.0.201811011841/tools/bin/../lib/gcc/arm-none-eabi/7.3.1/../../../../arm-none-eabi/lib/thumb/v6-m\libstdc++_nano.a(eh_arm.o)
 *fill*         0x0000384a        0x2 ff
 .text.__cxa_type_match
                0x0000384c       0xb8 c:/nxp/mcuxpressoide_10.3.0_2200/ide/plugins/com.nxp.mcuxpresso.tools.win32_10.3.0.201811011841/tools/bin/../lib/gcc/arm-none-eabi/7.3.1/../../../../arm-none-eabi/lib/thumb/v6-m\libstdc++_nano.a(eh_arm.o)
                0x0000384c                __cxa_type_match
 .text.__cxa_begin_cleanup
                0x00003904       0x36 c:/nxp/mcuxpressoide_10.3.0_2200/ide/plugins/com.nxp.mcuxpresso.tools.win32_10.3.0.201811011841/tools/bin/../lib/gcc/arm-none-eabi/7.3.1/../../../../arm-none-eabi/lib/thumb/v6-m\libstdc++_nano.a(eh_arm.o)
                0x00003904                __cxa_begin_cleanup
 .text.__gnu_end_cleanup
                0x0000393a       0x38 c:/nxp/mcuxpressoide_10.3.0_2200/ide/plugins/com.nxp.mcuxpresso.tools.win32_10.3.0.201811011841/tools/bin/../lib/gcc/arm-none-eabi/7.3.1/../../../../arm-none-eabi/lib/thumb/v6-m\libstdc++_nano.a(eh_arm.o)
                0x0000393a                __gnu_end_cleanup
 .text._ZdlPvj  0x00003972        0x8 c:/nxp/mcuxpressoide_10.3.0_2200/ide/plugins/com.nxp.mcuxpresso.tools.win32_10.3.0.201811011841/tools/bin/../lib/gcc/arm-none-eabi/7.3.1/../../../../arm-none-eabi/lib/thumb/v6-m\libstdc++_nano.a(del_ops.o)
                0x00003972                operator delete(void*, unsigned int)
 .text._ZNK10__cxxabiv117__class_type_info11__do_upcastEPKS0_PPv
                0x0000397a       0x34 c:/nxp/mcuxpressoide_10.3.0_2200/ide/plugins/com.nxp.mcuxpresso.tools.win32_10.3.0.201811011841/tools/bin/../lib/gcc/arm-none-eabi/7.3.1/../../../../arm-none-eabi/lib/thumb/v6-m\libstdc++_nano.a(class_type_info.o)
                0x0000397a                __cxxabiv1::__class_type_info::__do_upcast(__cxxabiv1::__class_type_info const*, void**) const
 .text._ZNK10__cxxabiv117__class_type_info20__do_find_public_srcEiPKvPKS0_S2_
                0x000039ae        0xc c:/nxp/mcuxpressoide_10.3.0_2200/ide/plugins/com.nxp.mcuxpresso.tools.win32_10.3.0.201811011841/tools/bin/../lib/gcc/arm-none-eabi/7.3.1/../../../../arm-none-eabi/lib/thumb/v6-m\libstdc++_nano.a(class_type_info.o)
                0x000039ae                __cxxabiv1::__class_type_info::__do_find_public_src(int, void const*, __cxxabiv1::__class_type_info const*, void const*) const
 *fill*         0x000039ba        0x2 ff
 .text._ZN10__cxxabiv117__class_type_infoD2Ev
                0x000039bc       0x18 c:/nxp/mcuxpressoide_10.3.0_2200/ide/plugins/com.nxp.mcuxpresso.tools.win32_10.3.0.201811011841/tools/bin/../lib/gcc/arm-none-eabi/7.3.1/../../../../arm-none-eabi/lib/thumb/v6-m\libstdc++_nano.a(class_type_info.o)
                0x000039bc                __cxxabiv1::__class_type_info::~__class_type_info()
                0x000039bc                __cxxabiv1::__class_type_info::~__class_type_info()
 .text._ZN10__cxxabiv117__class_type_infoD0Ev
                0x000039d4       0x14 c:/nxp/mcuxpressoide_10.3.0_2200/ide/plugins/com.nxp.mcuxpresso.tools.win32_10.3.0.201811011841/tools/bin/../lib/gcc/arm-none-eabi/7.3.1/../../../../arm-none-eabi/lib/thumb/v6-m\libstdc++_nano.a(class_type_info.o)
                0x000039d4                __cxxabiv1::__class_type_info::~__class_type_info()
 .text._ZNK10__cxxabiv117__class_type_info12__do_dyncastEiNS0_10__sub_kindEPKS0_PKvS3_S5_RNS0_16__dyncast_resultE
                0x000039e8       0x3a c:/nxp/mcuxpressoide_10.3.0_2200/ide/plugins/com.nxp.mcuxpresso.tools.win32_10.3.0.201811011841/tools/bin/../lib/gcc/arm-none-eabi/7.3.1/../../../../arm-none-eabi/lib/thumb/v6-m\libstdc++_nano.a(class_type_info.o)
                0x000039e8                __cxxabiv1::__class_type_info::__do_dyncast(int, __cxxabiv1::__class_type_info::__sub_kind, __cxxabiv1::__class_type_info const*, void const*, __cxxabiv1::__class_type_info const*, void const*, __cxxabiv1::__class_type_info::__dyncast_result&) const
 .text._ZNK10__cxxabiv117__class_type_info11__do_upcastEPKS0_PKvRNS0_15__upcast_resultE
                0x00003a22       0x1a c:/nxp/mcuxpressoide_10.3.0_2200/ide/plugins/com.nxp.mcuxpresso.tools.win32_10.3.0.201811011841/tools/bin/../lib/gcc/arm-none-eabi/7.3.1/../../../../arm-none-eabi/lib/thumb/v6-m\libstdc++_nano.a(class_type_info.o)
                0x00003a22                __cxxabiv1::__class_type_info::__do_upcast(__cxxabiv1::__class_type_info const*, void const*, __cxxabiv1::__class_type_info::__upcast_result&) const
 .text._ZNK10__cxxabiv117__class_type_info10__do_catchEPKSt9type_infoPPvj
                0x00003a3c       0x24 c:/nxp/mcuxpressoide_10.3.0_2200/ide/plugins/com.nxp.mcuxpresso.tools.win32_10.3.0.201811011841/tools/bin/../lib/gcc/arm-none-eabi/7.3.1/../../../../arm-none-eabi/lib/thumb/v6-m\libstdc++_nano.a(class_type_info.o)
                0x00003a3c                __cxxabiv1::__class_type_info::__do_catch(std::type_info const*, void**, unsigned int) const
 .text._ZdlPv   0x00003a60        0x8 c:/nxp/mcuxpressoide_10.3.0_2200/ide/plugins/com.nxp.mcuxpresso.tools.win32_10.3.0.201811011841/tools/bin/../lib/gcc/arm-none-eabi/7.3.1/../../../../arm-none-eabi/lib/thumb/v6-m\libstdc++_nano.a(del_op.o)
                0x00003a60                operator delete(void*)
 .text._ZN10__cxxabiv120__si_class_type_infoD2Ev
                0x00003a68       0x18 c:/nxp/mcuxpressoide_10.3.0_2200/ide/plugins/com.nxp.mcuxpresso.tools.win32_10.3.0.201811011841/tools/bin/../lib/gcc/arm-none-eabi/7.3.1/../../../../arm-none-eabi/lib/thumb/v6-m\libstdc++_nano.a(si_class_type_info.o)
                0x00003a68                __cxxabiv1::__si_class_type_info::~__si_class_type_info()
                0x00003a68                __cxxabiv1::__si_class_type_info::~__si_class_type_info()
 .text._ZN10__cxxabiv120__si_class_type_infoD0Ev
                0x00003a80       0x14 c:/nxp/mcuxpressoide_10.3.0_2200/ide/plugins/com.nxp.mcuxpresso.tools.win32_10.3.0.201811011841/tools/bin/../lib/gcc/arm-none-eabi/7.3.1/../../../../arm-none-eabi/lib/thumb/v6-m\libstdc++_nano.a(si_class_type_info.o)
                0x00003a80                __cxxabiv1::__si_class_type_info::~__si_class_type_info()
 .text._ZNK10__cxxabiv120__si_class_type_info20__do_find_public_srcEiPKvPKNS_17__class_type_infoES2_
                0x00003a94       0x32 c:/nxp/mcuxpressoide_10.3.0_2200/ide/plugins/com.nxp.mcuxpresso.tools.win32_10.3.0.201811011841/tools/bin/../lib/gcc/arm-none-eabi/7.3.1/../../../../arm-none-eabi/lib/thumb/v6-m\libstdc++_nano.a(si_class_type_info.o)
                0x00003a94                __cxxabiv1::__si_class_type_info::__do_find_public_src(int, void const*, __cxxabiv1::__class_type_info const*, void const*) const
 .text._ZNK10__cxxabiv120__si_class_type_info12__do_dyncastEiNS_17__class_type_info10__sub_kindEPKS1_PKvS4_S6_RNS1_16__dyncast_resultE
                0x00003ac6       0x80 c:/nxp/mcuxpressoide_10.3.0_2200/ide/plugins/com.nxp.mcuxpresso.tools.win32_10.3.0.201811011841/tools/bin/../lib/gcc/arm-none-eabi/7.3.1/../../../../arm-none-eabi/lib/thumb/v6-m\libstdc++_nano.a(si_class_type_info.o)
                0x00003ac6                __cxxabiv1::__si_class_type_info::__do_dyncast(int, __cxxabiv1::__class_type_info::__sub_kind, __cxxabiv1::__class_type_info const*, void const*, __cxxabiv1::__class_type_info const*, void const*, __cxxabiv1::__class_type_info::__dyncast_result&) const
 .text._ZNK10__cxxabiv120__si_class_type_info11__do_upcastEPKNS_17__class_type_infoEPKvRNS1_15__upcast_resultE
                0x00003b46       0x22 c:/nxp/mcuxpressoide_10.3.0_2200/ide/plugins/com.nxp.mcuxpresso.tools.win32_10.3.0.201811011841/tools/bin/../lib/gcc/arm-none-eabi/7.3.1/../../../../arm-none-eabi/lib/thumb/v6-m\libstdc++_nano.a(si_class_type_info.o)
                0x00003b46                __cxxabiv1::__si_class_type_info::__do_upcast(__cxxabiv1::__class_type_info const*, void const*, __cxxabiv1::__class_type_info::__upcast_result&) const
 .text._ZNSt9type_infoD2Ev
                0x00003b68        0x2 c:/nxp/mcuxpressoide_10.3.0_2200/ide/plugins/com.nxp.mcuxpresso.tools.win32_10.3.0.201811011841/tools/bin/../lib/gcc/arm-none-eabi/7.3.1/../../../../arm-none-eabi/lib/thumb/v6-m\libstdc++_nano.a(tinfo.o)
                0x00003b68                std::type_info::~type_info()
                0x00003b68                std::type_info::~type_info()
 .text._ZNKSt9type_info14__is_pointer_pEv
                0x00003b6a        0x4 c:/nxp/mcuxpressoide_10.3.0_2200/ide/plugins/com.nxp.mcuxpresso.tools.win32_10.3.0.201811011841/tools/bin/../lib/gcc/arm-none-eabi/7.3.1/../../../../arm-none-eabi/lib/thumb/v6-m\libstdc++_nano.a(tinfo.o)
                0x00003b6a                std::type_info::__is_pointer_p() const
                0x00003b6a                std::type_info::__is_function_p() const
 .text._ZNKSt9type_infoeqERKS_
                0x00003b6e       0x2c c:/nxp/mcuxpressoide_10.3.0_2200/ide/plugins/com.nxp.mcuxpresso.tools.win32_10.3.0.201811011841/tools/bin/../lib/gcc/arm-none-eabi/7.3.1/../../../../arm-none-eabi/lib/thumb/v6-m\libstdc++_nano.a(tinfo.o)
                0x00003b6e                std::type_info::operator==(std::type_info const&) const
 .text._exit    0x00003b9a        0x2 c:/nxp/mcuxpressoide_10.3.0_2200/ide/plugins/com.nxp.mcuxpresso.tools.win32_10.3.0.201811011841/tools/bin/../lib/gcc/arm-none-eabi/7.3.1/../../../../arm-none-eabi/lib/thumb/v6-m\libcr_newlib_nohost.a(_exit.o)
                0x00003b9a                _exit
 .text._getpid  0x00003b9c       0x10 c:/nxp/mcuxpressoide_10.3.0_2200/ide/plugins/com.nxp.mcuxpresso.tools.win32_10.3.0.201811011841/tools/bin/../lib/gcc/arm-none-eabi/7.3.1/../../../../arm-none-eabi/lib/thumb/v6-m\libcr_newlib_nohost.a(getpid.o)
                0x00003b9c                _getpid
 .text._kill    0x00003bac       0x10 c:/nxp/mcuxpressoide_10.3.0_2200/ide/plugins/com.nxp.mcuxpresso.tools.win32_10.3.0.201811011841/tools/bin/../lib/gcc/arm-none-eabi/7.3.1/../../../../arm-none-eabi/lib/thumb/v6-m\libcr_newlib_nohost.a(kill.o)
                0x00003bac                _kill
 .text          0x00003bbc       0x48 c:/nxp/mcuxpressoide_10.3.0_2200/ide/plugins/com.nxp.mcuxpresso.tools.win32_10.3.0.201811011841/tools/bin/../lib/gcc/arm-none-eabi/7.3.1/thumb/v6-m\crtbegin.o
 .text          0x00003c04       0x14 c:/nxp/mcuxpressoide_10.3.0_2200/ide/plugins/com.nxp.mcuxpresso.tools.win32_10.3.0.201811011841/tools/bin/../lib/gcc/arm-none-eabi/7.3.1/thumb/v6-m\libgcc.a(_thumb1_case_shi.o)
                0x00003c04                __gnu_thumb1_case_shi
 .text.free     0x00003c18       0x14 c:/nxp/mcuxpressoide_10.3.0_2200/ide/plugins/com.nxp.mcuxpresso.tools.win32_10.3.0.201811011841/tools/bin/../lib/gcc/arm-none-eabi/7.3.1/../../../../arm-none-eabi/lib/thumb/v6-m\libc_nano.a(lib_a-malloc.o)
                0x00003c18                free
 .text          0x00003c2c       0x14 c:/nxp/mcuxpressoide_10.3.0_2200/ide/plugins/com.nxp.mcuxpresso.tools.win32_10.3.0.201811011841/tools/bin/../lib/gcc/arm-none-eabi/7.3.1/../../../../arm-none-eabi/lib/thumb/v6-m\libc_nano.a(lib_a-strcmp.o)
                0x00003c2c                strcmp
 *(.rodata .rodata.* .constdata .constdata.*)
 .rodata        0x00003c40      0x12c ./source/ele_protocol/EleComunicate.o
                0x00003c40                vtable for Ele_Comunicate
                0x00003c50                typeinfo name for Ele_Comunicate
                0x00003c64                typeinfo for Ele_Comunicate
 .rodata        0x00003d6c       0x24 ./source/UART/L_BUFER.o
                0x00003d6c                vtable for L_BUFER
                0x00003d7c                typeinfo name for L_BUFER
                0x00003d88                typeinfo for L_BUFER
 .rodata.fllFactorTable.5390
                0x00003d90       0x10 ./drivers/fsl_clock.o
 .rodata.s_uartClock
                0x00003da0        0xc ./drivers/fsl_uart.o
 .rodata.mcgConfig_BOARD_BootClockRUN
                0x00003dac        0xa ./board/clock_config.o
                0x00003dac                mcgConfig_BOARD_BootClockRUN
 *fill*         0x00003db6        0x2 ff
 .rodata.oscConfig_BOARD_BootClockRUN
                0x00003db8        0x8 ./board/clock_config.o
                0x00003db8                oscConfig_BOARD_BootClockRUN
 .rodata.simConfig_BOARD_BootClockRUN
                0x00003dc0        0x8 ./board/clock_config.o
                0x00003dc0                simConfig_BOARD_BootClockRUN
 .rodata._ZTIN10__cxxabiv117__class_type_infoE
                0x00003dc8        0xc c:/nxp/mcuxpressoide_10.3.0_2200/ide/plugins/com.nxp.mcuxpresso.tools.win32_10.3.0.201811011841/tools/bin/../lib/gcc/arm-none-eabi/7.3.1/../../../../arm-none-eabi/lib/thumb/v6-m\libstdc++_nano.a(class_type_info.o)
                0x00003dc8                typeinfo for __cxxabiv1::__class_type_info
 .rodata._ZTSN10__cxxabiv117__class_type_infoE
                0x00003dd4       0x22 c:/nxp/mcuxpressoide_10.3.0_2200/ide/plugins/com.nxp.mcuxpresso.tools.win32_10.3.0.201811011841/tools/bin/../lib/gcc/arm-none-eabi/7.3.1/../../../../arm-none-eabi/lib/thumb/v6-m\libstdc++_nano.a(class_type_info.o)
                0x00003dd4                typeinfo name for __cxxabiv1::__class_type_info
 *fill*         0x00003df6        0x2 ff
 .rodata._ZTVN10__cxxabiv117__class_type_infoE
                0x00003df8       0x2c c:/nxp/mcuxpressoide_10.3.0_2200/ide/plugins/com.nxp.mcuxpresso.tools.win32_10.3.0.201811011841/tools/bin/../lib/gcc/arm-none-eabi/7.3.1/../../../../arm-none-eabi/lib/thumb/v6-m\libstdc++_nano.a(class_type_info.o)
                0x00003df8                vtable for __cxxabiv1::__class_type_info
 .rodata._ZTIN10__cxxabiv115__forced_unwindE
                0x00003e24        0x8 c:/nxp/mcuxpressoide_10.3.0_2200/ide/plugins/com.nxp.mcuxpresso.tools.win32_10.3.0.201811011841/tools/bin/../lib/gcc/arm-none-eabi/7.3.1/../../../../arm-none-eabi/lib/thumb/v6-m\libstdc++_nano.a(eh_exception.o)
                0x00003e24                typeinfo for __cxxabiv1::__forced_unwind
 .rodata._ZTIN10__cxxabiv119__foreign_exceptionE
                0x00003e2c        0x8 c:/nxp/mcuxpressoide_10.3.0_2200/ide/plugins/com.nxp.mcuxpresso.tools.win32_10.3.0.201811011841/tools/bin/../lib/gcc/arm-none-eabi/7.3.1/../../../../arm-none-eabi/lib/thumb/v6-m\libstdc++_nano.a(eh_exception.o)
                0x00003e2c                typeinfo for __cxxabiv1::__foreign_exception
 .rodata._ZTSN10__cxxabiv115__forced_unwindE
                0x00003e34       0x20 c:/nxp/mcuxpressoide_10.3.0_2200/ide/plugins/com.nxp.mcuxpresso.tools.win32_10.3.0.201811011841/tools/bin/../lib/gcc/arm-none-eabi/7.3.1/../../../../arm-none-eabi/lib/thumb/v6-m\libstdc++_nano.a(eh_exception.o)
                0x00003e34                typeinfo name for __cxxabiv1::__forced_unwind
 .rodata._ZTSN10__cxxabiv119__foreign_exceptionE
                0x00003e54       0x24 c:/nxp/mcuxpressoide_10.3.0_2200/ide/plugins/com.nxp.mcuxpresso.tools.win32_10.3.0.201811011841/tools/bin/../lib/gcc/arm-none-eabi/7.3.1/../../../../arm-none-eabi/lib/thumb/v6-m\libstdc++_nano.a(eh_exception.o)
                0x00003e54                typeinfo name for __cxxabiv1::__foreign_exception
 .rodata._ZTIN10__cxxabiv120__si_class_type_infoE
                0x00003e78        0xc c:/nxp/mcuxpressoide_10.3.0_2200/ide/plugins/com.nxp.mcuxpresso.tools.win32_10.3.0.201811011841/tools/bin/../lib/gcc/arm-none-eabi/7.3.1/../../../../arm-none-eabi/lib/thumb/v6-m\libstdc++_nano.a(si_class_type_info.o)
                0x00003e78                typeinfo for __cxxabiv1::__si_class_type_info
 .rodata._ZTSN10__cxxabiv120__si_class_type_infoE
                0x00003e84       0x25 c:/nxp/mcuxpressoide_10.3.0_2200/ide/plugins/com.nxp.mcuxpresso.tools.win32_10.3.0.201811011841/tools/bin/../lib/gcc/arm-none-eabi/7.3.1/../../../../arm-none-eabi/lib/thumb/v6-m\libstdc++_nano.a(si_class_type_info.o)
                0x00003e84                typeinfo name for __cxxabiv1::__si_class_type_info
 *fill*         0x00003ea9        0x3 ff
 .rodata._ZTVN10__cxxabiv120__si_class_type_infoE
                0x00003eac       0x2c c:/nxp/mcuxpressoide_10.3.0_2200/ide/plugins/com.nxp.mcuxpresso.tools.win32_10.3.0.201811011841/tools/bin/../lib/gcc/arm-none-eabi/7.3.1/../../../../arm-none-eabi/lib/thumb/v6-m\libstdc++_nano.a(si_class_type_info.o)
                0x00003eac                vtable for __cxxabiv1::__si_class_type_info
 .rodata._ZTISt9type_info
                0x00003ed8        0x8 c:/nxp/mcuxpressoide_10.3.0_2200/ide/plugins/com.nxp.mcuxpresso.tools.win32_10.3.0.201811011841/tools/bin/../lib/gcc/arm-none-eabi/7.3.1/../../../../arm-none-eabi/lib/thumb/v6-m\libstdc++_nano.a(tinfo.o)
                0x00003ed8                typeinfo for std::type_info
 .rodata._ZTSSt9type_info
                0x00003ee0        0xd c:/nxp/mcuxpressoide_10.3.0_2200/ide/plugins/com.nxp.mcuxpresso.tools.win32_10.3.0.201811011841/tools/bin/../lib/gcc/arm-none-eabi/7.3.1/../../../../arm-none-eabi/lib/thumb/v6-m\libstdc++_nano.a(tinfo.o)
                0x00003ee0                typeinfo name for std::type_info
                0x00003ef0                . = ALIGN (0x4)
 *fill*         0x00003eed        0x3 ff
                0x00003ef0                . = ALIGN (0x4)
 *(.init)
 .init          0x00003ef0        0x4 c:/nxp/mcuxpressoide_10.3.0_2200/ide/plugins/com.nxp.mcuxpresso.tools.win32_10.3.0.201811011841/tools/bin/../lib/gcc/arm-none-eabi/7.3.1/thumb/v6-m\crti.o
                0x00003ef0                _init
 .init          0x00003ef4        0x8 c:/nxp/mcuxpressoide_10.3.0_2200/ide/plugins/com.nxp.mcuxpresso.tools.win32_10.3.0.201811011841/tools/bin/../lib/gcc/arm-none-eabi/7.3.1/thumb/v6-m\crtn.o
                0x00003efc                . = ALIGN (0x4)
                0x00003efc                __preinit_array_start = .
 *(.preinit_array)
                0x00003efc                __preinit_array_end = .
                0x00003efc                . = ALIGN (0x4)
                0x00003efc                __init_array_start = .
 *(SORT_BY_NAME(.init_array.*))
 *(.init_array)
 .init_array    0x00003efc        0x4 ./source/MKL25Z128xxx4_Project.o
 .init_array    0x00003f00        0x4 c:/nxp/mcuxpressoide_10.3.0_2200/ide/plugins/com.nxp.mcuxpresso.tools.win32_10.3.0.201811011841/tools/bin/../lib/gcc/arm-none-eabi/7.3.1/thumb/v6-m\crtbegin.o
                0x00003f04                __init_array_end = .
 *(.fini)
 .fini          0x00003f04        0x4 c:/nxp/mcuxpressoide_10.3.0_2200/ide/plugins/com.nxp.mcuxpresso.tools.win32_10.3.0.201811011841/tools/bin/../lib/gcc/arm-none-eabi/7.3.1/thumb/v6-m\crti.o
                0x00003f04                _fini
 .fini          0x00003f08        0x8 c:/nxp/mcuxpressoide_10.3.0_2200/ide/plugins/com.nxp.mcuxpresso.tools.win32_10.3.0.201811011841/tools/bin/../lib/gcc/arm-none-eabi/7.3.1/thumb/v6-m\crtn.o
                0x00003f10                . = ALIGN (0x4)
 *crtbegin.o(.ctors)
 *(EXCLUDE_FILE(*crtend.o) .ctors)
 *(SORT_BY_NAME(.ctors.*))
 *crtend.o(.ctors)
                0x00003f10                . = ALIGN (0x4)
 *crtbegin.o(.dtors)
 *(EXCLUDE_FILE(*crtend.o) .dtors)
 *(SORT_BY_NAME(.dtors.*))
 *crtend.o(.dtors)
                0x00003f10                . = ALIGN (0x4)

.glue_7         0x00003f10        0x0
 .glue_7        0x00003f10        0x0 linker stubs

.glue_7t        0x00003f10        0x0
 .glue_7t       0x00003f10        0x0 linker stubs

.vfp11_veneer   0x00003f10        0x0
 .vfp11_veneer  0x00003f10        0x0 linker stubs

.v4_bx          0x00003f10        0x0
 .v4_bx         0x00003f10        0x0 linker stubs

.iplt           0x00003f10        0x0
 .iplt          0x00003f10        0x0 ./utilities/fsl_debug_console.o

.ARM.extab      0x00003f10       0x48
 *(.ARM.extab* .gnu.linkonce.armextab.*)
 .ARM.extab.text.startup
                0x00003f10       0x18 ./source/MKL25Z128xxx4_Project.o
 .ARM.extab     0x00003f28       0x24 c:/nxp/mcuxpressoide_10.3.0_2200/ide/plugins/com.nxp.mcuxpresso.tools.win32_10.3.0.201811011841/tools/bin/../lib/gcc/arm-none-eabi/7.3.1/thumb/v6-m\libgcc.a(unwind-arm.o)
 .ARM.extab     0x00003f4c        0xc c:/nxp/mcuxpressoide_10.3.0_2200/ide/plugins/com.nxp.mcuxpresso.tools.win32_10.3.0.201811011841/tools/bin/../lib/gcc/arm-none-eabi/7.3.1/thumb/v6-m\libgcc.a(pr-support.o)
                0x00003f58                __exidx_start = .

.eh_frame       0x00003f58        0x0
 .eh_frame      0x00003f58        0x0 c:/nxp/mcuxpressoide_10.3.0_2200/ide/plugins/com.nxp.mcuxpresso.tools.win32_10.3.0.201811011841/tools/bin/../lib/gcc/arm-none-eabi/7.3.1/thumb/v6-m\crtbegin.o

.ARM.exidx      0x00003f58      0x1d8
 *(.ARM.exidx* .gnu.linkonce.armexidx.*)
 .ARM.exidx.after_vectors
                0x00003f58       0x10 ./startup/startup_mkl25z4.o
                                0x130 (size before relaxing)
 .ARM.exidx.after_vectors.init_data
                0x00003f68        0x8 ./startup/startup_mkl25z4.o
 .ARM.exidx.after_vectors.init_bss
                0x00003f70        0x0 ./startup/startup_mkl25z4.o
                                  0x8 (size before relaxing)
 .ARM.exidx.after_vectors.reset
                0x00003f70       0x10 ./startup/startup_mkl25z4.o
                                  0x8 (size before relaxing)
 .ARM.exidx     0x00003f80       0x10 ./source/pit_timer/pittimer.o
 .ARM.exidx     0x00003f90       0x98 ./source/ele_protocol/EleComunicate.o
                                 0xc0 (size before relaxing)
 .ARM.exidx     0x00004028       0x38 ./source/UART/L_BUFER.o
                                 0x40 (size before relaxing)
 .ARM.exidx.text.startup
                0x00004060       0x10 ./source/MKL25Z128xxx4_Project.o
 .ARM.exidx     0x00004070        0x0 c:/nxp/mcuxpressoide_10.3.0_2200/ide/plugins/com.nxp.mcuxpresso.tools.win32_10.3.0.201811011841/tools/bin/../lib/gcc/arm-none-eabi/7.3.1/thumb/v6-m\libgcc.a(_udivmoddi4.o)
                                  0x8 (size before relaxing)
 .ARM.exidx     0x00004070       0x90 c:/nxp/mcuxpressoide_10.3.0_2200/ide/plugins/com.nxp.mcuxpresso.tools.win32_10.3.0.201811011841/tools/bin/../lib/gcc/arm-none-eabi/7.3.1/thumb/v6-m\libgcc.a(unwind-arm.o)
                                 0xd8 (size before relaxing)
 .ARM.exidx     0x00004100       0x30 c:/nxp/mcuxpressoide_10.3.0_2200/ide/plugins/com.nxp.mcuxpresso.tools.win32_10.3.0.201811011841/tools/bin/../lib/gcc/arm-none-eabi/7.3.1/thumb/v6-m\libgcc.a(pr-support.o)
                                 0x48 (size before relaxing)
                0x00004130                __exidx_end = .
                0x00004130                _etext = .

.rel.dyn        0x00004130        0x0
 .rel.iplt      0x00004130        0x0 ./utilities/fsl_debug_console.o

.m_usb_data
 *(m_usb_bdt)

.mtb_buffer_default
                0x1ffff000       0x80
 *(.mtb*)
 .mtb.$RAM1     0x1ffff000       0x80 ./source/mtb.o
                0x1ffff000                __mtb_buffer__

.uninit_RESERVED
                0x1ffff080        0x0
 *(.bss.$RESERVED*)
                0x1ffff080                . = ALIGN (0x4)
                0x1ffff080                _end_uninit_RESERVED = .

.data           0x1ffff080       0x7c load address 0x00004130
 FILL mask 0xff
                0x1ffff080                _data = .
 *(vtable)
 *(.ramfunc*)
 *(.data*)
 .data.s_fastIrcFreq
                0x1ffff080        0x4 ./drivers/fsl_clock.o
 .data.s_slowIrcFreq
                0x1ffff084        0x4 ./drivers/fsl_clock.o
 .data.SystemCoreClock
                0x1ffff088        0x4 ./CMSIS/system_MKL25Z4.o
                0x1ffff088                SystemCoreClock
 .data._impure_ptr
                0x1ffff08c        0x4 c:/nxp/mcuxpressoide_10.3.0_2200/ide/plugins/com.nxp.mcuxpresso.tools.win32_10.3.0.201811011841/tools/bin/../lib/gcc/arm-none-eabi/7.3.1/../../../../arm-none-eabi/lib/thumb/v6-m\libc_nano.a(lib_a-impure.o)
                0x1ffff08c                _impure_ptr
 .data.impure_data
                0x1ffff090       0x60 c:/nxp/mcuxpressoide_10.3.0_2200/ide/plugins/com.nxp.mcuxpresso.tools.win32_10.3.0.201811011841/tools/bin/../lib/gcc/arm-none-eabi/7.3.1/../../../../arm-none-eabi/lib/thumb/v6-m\libc_nano.a(lib_a-impure.o)
 .data._ZN10__cxxabiv119__terminate_handlerE
                0x1ffff0f0        0x4 c:/nxp/mcuxpressoide_10.3.0_2200/ide/plugins/com.nxp.mcuxpresso.tools.win32_10.3.0.201811011841/tools/bin/../lib/gcc/arm-none-eabi/7.3.1/../../../../arm-none-eabi/lib/thumb/v6-m\libstdc++_nano.a(eh_term_handler.o)
                0x1ffff0f0                __cxxabiv1::__terminate_handler
 .data._ZN10__cxxabiv120__unexpected_handlerE
                0x1ffff0f4        0x4 c:/nxp/mcuxpressoide_10.3.0_2200/ide/plugins/com.nxp.mcuxpresso.tools.win32_10.3.0.201811011841/tools/bin/../lib/gcc/arm-none-eabi/7.3.1/../../../../arm-none-eabi/lib/thumb/v6-m\libstdc++_nano.a(eh_unex_handler.o)
                0x1ffff0f4                __cxxabiv1::__unexpected_handler
 .data          0x1ffff0f8        0x4 c:/nxp/mcuxpressoide_10.3.0_2200/ide/plugins/com.nxp.mcuxpresso.tools.win32_10.3.0.201811011841/tools/bin/../lib/gcc/arm-none-eabi/7.3.1/thumb/v6-m\crtbegin.o
                0x1ffff0f8                __dso_handle
                0x1ffff0fc                . = ALIGN (0x4)
                0x1ffff0fc                _edata = .

.igot.plt       0x1ffff0fc        0x0 load address 0x000041ac
 .igot.plt      0x1ffff0fc        0x0 ./utilities/fsl_debug_console.o

.bss            0x1ffff0fc       0xe4 load address 0x000041ac
                0x1ffff0fc                _bss = .
 *(.bss*)
 .bss.s_debugConsole
                0x1ffff0fc       0x10 ./utilities/fsl_debug_console.o
 .bss           0x1ffff10c        0x4 ./source/pit_timer/pittimer.o
                0x1ffff10c                _elevator
 .bss           0x1ffff110        0x8 ./source/UART/L_BUFER.o
                0x1ffff110                user_config
 .bss           0x1ffff118       0x48 ./source/MKL25Z128xxx4_Project.o
                0x1ffff118                buffer
                0x1ffff14c                l_buffer
 .bss.g_xtal0Freq
                0x1ffff160        0x4 ./drivers/fsl_clock.o
                0x1ffff160                g_xtal0Freq
 .bss.g_xtal32Freq
                0x1ffff164        0x4 ./drivers/fsl_clock.o
                0x1ffff164                g_xtal32Freq
 .bss.s_DMAHandle
                0x1ffff168       0x10 ./drivers/fsl_dma.o
 .bss.s_i2cHandle
                0x1ffff178        0x8 ./drivers/fsl_i2c.o
 .bss.s_i2cMasterIsr
                0x1ffff180        0x4 ./drivers/fsl_i2c.o
 .bss.s_i2cSlaveIsr
                0x1ffff184        0x4 ./drivers/fsl_i2c.o
 .bss.s_lpsciHandle
                0x1ffff188        0x4 ./drivers/fsl_lpsci.o
 .bss.s_lpsciIsr
                0x1ffff18c        0x4 ./drivers/fsl_lpsci.o
 .bss.s_spiHandle
                0x1ffff190        0x8 ./drivers/fsl_spi.o
 .bss.s_spiMasterIsr
                0x1ffff198        0x4 ./drivers/fsl_spi.o
 .bss.s_spiSlaveIsr
                0x1ffff19c        0x4 ./drivers/fsl_spi.o
 .bss.s_uartHandle
                0x1ffff1a0        0xc ./drivers/fsl_uart.o
 .bss.s_uartIsr
                0x1ffff1ac        0x4 ./drivers/fsl_uart.o
 .bss.__malloc_free_list
                0x1ffff1b0        0x4 c:/nxp/mcuxpressoide_10.3.0_2200/ide/plugins/com.nxp.mcuxpresso.tools.win32_10.3.0.201811011841/tools/bin/../lib/gcc/arm-none-eabi/7.3.1/../../../../arm-none-eabi/lib/thumb/v6-m\libc_nano.a(lib_a-nano-mallocr.o)
                0x1ffff1b0                __malloc_free_list
 .bss._ZL10eh_globals
                0x1ffff1b4        0xc c:/nxp/mcuxpressoide_10.3.0_2200/ide/plugins/com.nxp.mcuxpresso.tools.win32_10.3.0.201811011841/tools/bin/../lib/gcc/arm-none-eabi/7.3.1/../../../../arm-none-eabi/lib/thumb/v6-m\libstdc++_nano.a(eh_globals.o)
 .bss           0x1ffff1c0       0x1c c:/nxp/mcuxpressoide_10.3.0_2200/ide/plugins/com.nxp.mcuxpresso.tools.win32_10.3.0.201811011841/tools/bin/../lib/gcc/arm-none-eabi/7.3.1/thumb/v6-m\crtbegin.o
 *(COMMON)
 COMMON         0x1ffff1dc        0x4 c:/nxp/mcuxpressoide_10.3.0_2200/ide/plugins/com.nxp.mcuxpresso.tools.win32_10.3.0.201811011841/tools/bin/../lib/gcc/arm-none-eabi/7.3.1/../../../../arm-none-eabi/lib/thumb/v6-m\libc_nano.a(lib_a-reent.o)
                0x1ffff1dc                errno
                0x1ffff1e0                . = ALIGN (0x4)
                0x1ffff1e0                _ebss = .
                [!provide]                PROVIDE (end = .)

.noinit         0x1ffff1e0        0x0 load address 0x000041ac
                0x1ffff1e0                _noinit = .
 *(.noinit*)
                0x1ffff1e0                . = ALIGN (0x4)
                0x1ffff1e0                _end_noinit = .
                0x00000400                _HeapSize = 0x400

.heap           0x1ffff1e0      0x400 load address 0x000041ac
                0x1ffff1e0                _pvHeapStart = .
                0x1ffff5e0                . = (. + _HeapSize)
 *fill*         0x1ffff1e0      0x400 
                0x1ffff5e0                . = ALIGN (0x4)
                0x1ffff5e0                _pvHeapLimit = .
                0x00000400                _StackSize = 0x400

.heap2stackfill
                0x1ffff5e0      0x400 load address 0x000041ac
                0x1ffff9e0                . = (. + _StackSize)
 *fill*         0x1ffff5e0      0x400 

.stack          0x20002c00        0x0
                0x20002c00                _vStackBase = .
                0x20002c00                . = ALIGN (0x4)
                0x20003000                _vStackTop = (. + _StackSize)
                0x00000000                _image_start = LOADADDR (.text)
                0x000041ac                _image_end = (LOADADDR (.data) + SIZEOF (.data))
                0x000041ac                _image_size = (_image_end - _image_start)
OUTPUT(semestralka.axf elf32-littlearm)

.debug_info     0x00000000    0x18bc5
 .debug_info    0x00000000     0x1ae3 ./utilities/fsl_debug_console.o
 .debug_info    0x00001ae3      0x64c ./startup/startup_mkl25z4.o
 .debug_info    0x0000212f     0x10db ./source/pit_timer/pittimer.o
 .debug_info    0x0000320a     0x1ce2 ./source/ele_protocol/EleComunicate.o
 .debug_info    0x00004eec     0x1441 ./source/UART/L_BUFER.o
 .debug_info    0x0000632d      0xe22 ./source/MKL25Z128xxx4_Project.o
 .debug_info    0x0000714f       0x4e ./source/mtb.o
 .debug_info    0x0000719d       0x37 ./source/semihost_hardfault.o
 .debug_info    0x000071d4     0x2506 ./drivers/fsl_clock.o
 .debug_info    0x000096da     0x1691 ./drivers/fsl_dma.o
 .debug_info    0x0000ad6b     0x2925 ./drivers/fsl_i2c.o
 .debug_info    0x0000d690     0x20f3 ./drivers/fsl_lpsci.o
 .debug_info    0x0000f783      0xcce ./drivers/fsl_pit.o
 .debug_info    0x00010451     0x1fad ./drivers/fsl_spi.o
 .debug_info    0x000123fe     0x206d ./drivers/fsl_uart.o
 .debug_info    0x0001446b      0xef1 ./board/board.o
 .debug_info    0x0001535c     0x13eb ./board/clock_config.o
 .debug_info    0x00016747       0x37 ./board/peripherals.o
 .debug_info    0x0001677e      0xde8 ./board/pin_mux.o
 .debug_info    0x00017566      0x3e8 ./CMSIS/system_MKL25Z4.o
 .debug_info    0x0001794e       0x9a c:/nxp/mcuxpressoide_10.3.0_2200/ide/plugins/com.nxp.mcuxpresso.tools.win32_10.3.0.201811011841/tools/bin/../lib/gcc/arm-none-eabi/7.3.1/../../../../arm-none-eabi/lib/thumb/v6-m\libcr_newlib_nohost.a(_exit.o)
 .debug_info    0x000179e8      0x8e0 c:/nxp/mcuxpressoide_10.3.0_2200/ide/plugins/com.nxp.mcuxpresso.tools.win32_10.3.0.201811011841/tools/bin/../lib/gcc/arm-none-eabi/7.3.1/../../../../arm-none-eabi/lib/thumb/v6-m\libcr_newlib_nohost.a(getpid.o)
 .debug_info    0x000182c8      0x8fd c:/nxp/mcuxpressoide_10.3.0_2200/ide/plugins/com.nxp.mcuxpresso.tools.win32_10.3.0.201811011841/tools/bin/../lib/gcc/arm-none-eabi/7.3.1/../../../../arm-none-eabi/lib/thumb/v6-m\libcr_newlib_nohost.a(kill.o)

.debug_abbrev   0x00000000     0x433a
 .debug_abbrev  0x00000000      0x408 ./utilities/fsl_debug_console.o
 .debug_abbrev  0x00000408      0x159 ./startup/startup_mkl25z4.o
 .debug_abbrev  0x00000561      0x336 ./source/pit_timer/pittimer.o
 .debug_abbrev  0x00000897      0x543 ./source/ele_protocol/EleComunicate.o
 .debug_abbrev  0x00000dda      0x49e ./source/UART/L_BUFER.o
 .debug_abbrev  0x00001278      0x2f0 ./source/MKL25Z128xxx4_Project.o
 .debug_abbrev  0x00001568       0x41 ./source/mtb.o
 .debug_abbrev  0x000015a9       0x2c ./source/semihost_hardfault.o
 .debug_abbrev  0x000015d5      0x550 ./drivers/fsl_clock.o
 .debug_abbrev  0x00001b25      0x3fb ./drivers/fsl_dma.o
 .debug_abbrev  0x00001f20      0x523 ./drivers/fsl_i2c.o
 .debug_abbrev  0x00002443      0x4e4 ./drivers/fsl_lpsci.o
 .debug_abbrev  0x00002927      0x2d8 ./drivers/fsl_pit.o
 .debug_abbrev  0x00002bff      0x503 ./drivers/fsl_spi.o
 .debug_abbrev  0x00003102      0x4e7 ./drivers/fsl_uart.o
 .debug_abbrev  0x000035e9      0x27c ./board/board.o
 .debug_abbrev  0x00003865      0x326 ./board/clock_config.o
 .debug_abbrev  0x00003b8b       0x2c ./board/peripherals.o
 .debug_abbrev  0x00003bb7      0x298 ./board/pin_mux.o
 .debug_abbrev  0x00003e4f      0x113 ./CMSIS/system_MKL25Z4.o
 .debug_abbrev  0x00003f62       0x5e c:/nxp/mcuxpressoide_10.3.0_2200/ide/plugins/com.nxp.mcuxpresso.tools.win32_10.3.0.201811011841/tools/bin/../lib/gcc/arm-none-eabi/7.3.1/../../../../arm-none-eabi/lib/thumb/v6-m\libcr_newlib_nohost.a(_exit.o)
 .debug_abbrev  0x00003fc0      0x1ae c:/nxp/mcuxpressoide_10.3.0_2200/ide/plugins/com.nxp.mcuxpresso.tools.win32_10.3.0.201811011841/tools/bin/../lib/gcc/arm-none-eabi/7.3.1/../../../../arm-none-eabi/lib/thumb/v6-m\libcr_newlib_nohost.a(getpid.o)
 .debug_abbrev  0x0000416e      0x1cc c:/nxp/mcuxpressoide_10.3.0_2200/ide/plugins/com.nxp.mcuxpresso.tools.win32_10.3.0.201811011841/tools/bin/../lib/gcc/arm-none-eabi/7.3.1/../../../../arm-none-eabi/lib/thumb/v6-m\libcr_newlib_nohost.a(kill.o)

.debug_loc      0x00000000     0x8490
 .debug_loc     0x00000000     0x1528 ./utilities/fsl_debug_console.o
 .debug_loc     0x00001528      0x25f ./startup/startup_mkl25z4.o
 .debug_loc     0x00001787      0x219 ./source/pit_timer/pittimer.o
 .debug_loc     0x000019a0      0x944 ./source/ele_protocol/EleComunicate.o
 .debug_loc     0x000022e4      0x1b0 ./source/UART/L_BUFER.o
 .debug_loc     0x00002494       0x2a ./source/MKL25Z128xxx4_Project.o
 .debug_loc     0x000024be     0x10c2 ./drivers/fsl_clock.o
 .debug_loc     0x00003580      0x528 ./drivers/fsl_dma.o
 .debug_loc     0x00003aa8     0x1d4f ./drivers/fsl_i2c.o
 .debug_loc     0x000057f7      0xf00 ./drivers/fsl_lpsci.o
 .debug_loc     0x000066f7       0xfc ./drivers/fsl_pit.o
 .debug_loc     0x000067f3      0xc7d ./drivers/fsl_spi.o
 .debug_loc     0x00007470      0xe2b ./drivers/fsl_uart.o
 .debug_loc     0x0000829b       0x32 ./board/board.o
 .debug_loc     0x000082cd       0x59 ./board/clock_config.o
 .debug_loc     0x00008326       0x9c ./board/pin_mux.o
 .debug_loc     0x000083c2       0xad ./CMSIS/system_MKL25Z4.o
 .debug_loc     0x0000846f       0x21 c:/nxp/mcuxpressoide_10.3.0_2200/ide/plugins/com.nxp.mcuxpresso.tools.win32_10.3.0.201811011841/tools/bin/../lib/gcc/arm-none-eabi/7.3.1/../../../../arm-none-eabi/lib/thumb/v6-m\libcr_newlib_nohost.a(kill.o)

.debug_aranges  0x00000000      0x9b0
 .debug_aranges
                0x00000000       0x50 ./utilities/fsl_debug_console.o
 .debug_aranges
                0x00000050      0x160 ./startup/startup_mkl25z4.o
 .debug_aranges
                0x000001b0       0x20 ./source/pit_timer/pittimer.o
 .debug_aranges
                0x000001d0       0x20 ./source/ele_protocol/EleComunicate.o
 .debug_aranges
                0x000001f0       0x20 ./source/UART/L_BUFER.o
 .debug_aranges
                0x00000210       0x28 ./source/MKL25Z128xxx4_Project.o
 .debug_aranges
                0x00000238       0x18 ./source/mtb.o
 .debug_aranges
                0x00000250       0x20 ./source/semihost_hardfault.o
 .debug_aranges
                0x00000270      0x170 ./drivers/fsl_clock.o
 .debug_aranges
                0x000003e0       0x98 ./drivers/fsl_dma.o
 .debug_aranges
                0x00000478      0x118 ./drivers/fsl_i2c.o
 .debug_aranges
                0x00000590       0xe0 ./drivers/fsl_lpsci.o
 .debug_aranges
                0x00000670       0x30 ./drivers/fsl_pit.o
 .debug_aranges
                0x000006a0       0xf8 ./drivers/fsl_spi.o
 .debug_aranges
                0x00000798       0xf8 ./drivers/fsl_uart.o
 .debug_aranges
                0x00000890       0x20 ./board/board.o
 .debug_aranges
                0x000008b0       0x30 ./board/clock_config.o
 .debug_aranges
                0x000008e0       0x20 ./board/peripherals.o
 .debug_aranges
                0x00000900       0x28 ./board/pin_mux.o
 .debug_aranges
                0x00000928       0x28 ./CMSIS/system_MKL25Z4.o
 .debug_aranges
                0x00000950       0x20 c:/nxp/mcuxpressoide_10.3.0_2200/ide/plugins/com.nxp.mcuxpresso.tools.win32_10.3.0.201811011841/tools/bin/../lib/gcc/arm-none-eabi/7.3.1/../../../../arm-none-eabi/lib/thumb/v6-m\libcr_newlib_nohost.a(_exit.o)
 .debug_aranges
                0x00000970       0x20 c:/nxp/mcuxpressoide_10.3.0_2200/ide/plugins/com.nxp.mcuxpresso.tools.win32_10.3.0.201811011841/tools/bin/../lib/gcc/arm-none-eabi/7.3.1/../../../../arm-none-eabi/lib/thumb/v6-m\libcr_newlib_nohost.a(getpid.o)
 .debug_aranges
                0x00000990       0x20 c:/nxp/mcuxpressoide_10.3.0_2200/ide/plugins/com.nxp.mcuxpresso.tools.win32_10.3.0.201811011841/tools/bin/../lib/gcc/arm-none-eabi/7.3.1/../../../../arm-none-eabi/lib/thumb/v6-m\libcr_newlib_nohost.a(kill.o)

.debug_ranges   0x00000000      0xf38
 .debug_ranges  0x00000000      0x148 ./utilities/fsl_debug_console.o
 .debug_ranges  0x00000148      0x150 ./startup/startup_mkl25z4.o
 .debug_ranges  0x00000298       0xb8 ./source/pit_timer/pittimer.o
 .debug_ranges  0x00000350       0x78 ./source/ele_protocol/EleComunicate.o
 .debug_ranges  0x000003c8       0x30 ./source/MKL25Z128xxx4_Project.o
 .debug_ranges  0x000003f8       0x10 ./source/semihost_hardfault.o
 .debug_ranges  0x00000408      0x248 ./drivers/fsl_clock.o
 .debug_ranges  0x00000650       0xe8 ./drivers/fsl_dma.o
 .debug_ranges  0x00000738      0x228 ./drivers/fsl_i2c.o
 .debug_ranges  0x00000960      0x120 ./drivers/fsl_lpsci.o
 .debug_ranges  0x00000a80       0x60 ./drivers/fsl_pit.o
 .debug_ranges  0x00000ae0      0x198 ./drivers/fsl_spi.o
 .debug_ranges  0x00000c78      0x150 ./drivers/fsl_uart.o
 .debug_ranges  0x00000dc8       0x28 ./board/board.o
 .debug_ranges  0x00000df0       0x88 ./board/clock_config.o
 .debug_ranges  0x00000e78       0x10 ./board/peripherals.o
 .debug_ranges  0x00000e88       0x68 ./board/pin_mux.o
 .debug_ranges  0x00000ef0       0x18 ./CMSIS/system_MKL25Z4.o
 .debug_ranges  0x00000f08       0x10 c:/nxp/mcuxpressoide_10.3.0_2200/ide/plugins/com.nxp.mcuxpresso.tools.win32_10.3.0.201811011841/tools/bin/../lib/gcc/arm-none-eabi/7.3.1/../../../../arm-none-eabi/lib/thumb/v6-m\libcr_newlib_nohost.a(_exit.o)
 .debug_ranges  0x00000f18       0x10 c:/nxp/mcuxpressoide_10.3.0_2200/ide/plugins/com.nxp.mcuxpresso.tools.win32_10.3.0.201811011841/tools/bin/../lib/gcc/arm-none-eabi/7.3.1/../../../../arm-none-eabi/lib/thumb/v6-m\libcr_newlib_nohost.a(getpid.o)
 .debug_ranges  0x00000f28       0x10 c:/nxp/mcuxpressoide_10.3.0_2200/ide/plugins/com.nxp.mcuxpresso.tools.win32_10.3.0.201811011841/tools/bin/../lib/gcc/arm-none-eabi/7.3.1/../../../../arm-none-eabi/lib/thumb/v6-m\libcr_newlib_nohost.a(kill.o)

.debug_line     0x00000000     0x5836
 .debug_line    0x00000000      0x65f ./utilities/fsl_debug_console.o
 .debug_line    0x0000065f      0x11d ./startup/startup_mkl25z4.o
 .debug_line    0x0000077c      0x3b4 ./source/pit_timer/pittimer.o
 .debug_line    0x00000b30      0x664 ./source/ele_protocol/EleComunicate.o
 .debug_line    0x00001194      0x31f ./source/UART/L_BUFER.o
 .debug_line    0x000014b3      0x344 ./source/MKL25Z128xxx4_Project.o
 .debug_line    0x000017f7       0x30 ./source/mtb.o
 .debug_line    0x00001827       0x50 ./source/semihost_hardfault.o
 .debug_line    0x00001877      0x97e ./drivers/fsl_clock.o
 .debug_line    0x000021f5      0x4f9 ./drivers/fsl_dma.o
 .debug_line    0x000026ee      0xa3d ./drivers/fsl_i2c.o
 .debug_line    0x0000312b      0x72b ./drivers/fsl_lpsci.o
 .debug_line    0x00003856      0x2e1 ./drivers/fsl_pit.o
 .debug_line    0x00003b37      0x741 ./drivers/fsl_spi.o
 .debug_line    0x00004278      0x785 ./drivers/fsl_uart.o
 .debug_line    0x000049fd      0x2b2 ./board/board.o
 .debug_line    0x00004caf      0x334 ./board/clock_config.o
 .debug_line    0x00004fe3       0x47 ./board/peripherals.o
 .debug_line    0x0000502a      0x2bc ./board/pin_mux.o
 .debug_line    0x000052e6      0x1ee ./CMSIS/system_MKL25Z4.o
 .debug_line    0x000054d4       0x3e c:/nxp/mcuxpressoide_10.3.0_2200/ide/plugins/com.nxp.mcuxpresso.tools.win32_10.3.0.201811011841/tools/bin/../lib/gcc/arm-none-eabi/7.3.1/../../../../arm-none-eabi/lib/thumb/v6-m\libcr_newlib_nohost.a(_exit.o)
 .debug_line    0x00005512      0x193 c:/nxp/mcuxpressoide_10.3.0_2200/ide/plugins/com.nxp.mcuxpresso.tools.win32_10.3.0.201811011841/tools/bin/../lib/gcc/arm-none-eabi/7.3.1/../../../../arm-none-eabi/lib/thumb/v6-m\libcr_newlib_nohost.a(getpid.o)
 .debug_line    0x000056a5      0x191 c:/nxp/mcuxpressoide_10.3.0_2200/ide/plugins/com.nxp.mcuxpresso.tools.win32_10.3.0.201811011841/tools/bin/../lib/gcc/arm-none-eabi/7.3.1/../../../../arm-none-eabi/lib/thumb/v6-m\libcr_newlib_nohost.a(kill.o)

.debug_str      0x00000000     0x65b7
 .debug_str     0x00000000     0x10d6 ./utilities/fsl_debug_console.o
                               0x11f4 (size before relaxing)
 .debug_str     0x000010d6      0x463 ./startup/startup_mkl25z4.o
                                0x4c7 (size before relaxing)
 .debug_str     0x00001539      0x60d ./source/pit_timer/pittimer.o
                                0xc3e (size before relaxing)
 .debug_str     0x00001b46      0x69a ./source/ele_protocol/EleComunicate.o
                               0x129c (size before relaxing)
 .debug_str     0x000021e0      0x44b ./source/UART/L_BUFER.o
                               0x13d1 (size before relaxing)
 .debug_str     0x0000262b      0x46e ./source/MKL25Z128xxx4_Project.o
                                0xb89 (size before relaxing)
 .debug_str     0x00002a99       0x1f ./source/mtb.o
                                0x13e (size before relaxing)
 .debug_str     0x00002ab8       0x1f ./source/semihost_hardfault.o
                                0x13e (size before relaxing)
 .debug_str     0x00002ad7      0xcb7 ./drivers/fsl_clock.o
                               0x1bcb (size before relaxing)
 .debug_str     0x0000378e      0x739 ./drivers/fsl_dma.o
                               0x11e5 (size before relaxing)
 .debug_str     0x00003ec7      0xbb9 ./drivers/fsl_i2c.o
                               0x1b5b (size before relaxing)
 .debug_str     0x00004a80      0x5ff ./drivers/fsl_lpsci.o
                               0x199a (size before relaxing)
 .debug_str     0x0000507f       0x6f ./drivers/fsl_pit.o
                                0x894 (size before relaxing)
 .debug_str     0x000050ee      0x75f ./drivers/fsl_spi.o
                               0x174a (size before relaxing)
 .debug_str     0x0000584d      0x7ed ./drivers/fsl_uart.o
                               0x19a6 (size before relaxing)
 .debug_str     0x0000603a       0x35 ./board/board.o
                                0xa89 (size before relaxing)
 .debug_str     0x0000606f      0x237 ./board/clock_config.o
                               0x121b (size before relaxing)
 .debug_str     0x000062a6       0x17 ./board/peripherals.o
                                0x13e (size before relaxing)
 .debug_str     0x000062bd      0x155 ./board/pin_mux.o
                                0x9a6 (size before relaxing)
 .debug_str     0x00006412       0x44 ./CMSIS/system_MKL25Z4.o
                                0x315 (size before relaxing)
 .debug_str     0x00006456      0x11e c:/nxp/mcuxpressoide_10.3.0_2200/ide/plugins/com.nxp.mcuxpresso.tools.win32_10.3.0.201811011841/tools/bin/../lib/gcc/arm-none-eabi/7.3.1/../../../../arm-none-eabi/lib/thumb/v6-m\libcr_newlib_nohost.a(_exit.o)
                                0x1ae (size before relaxing)
 .debug_str     0x00006574       0x2f c:/nxp/mcuxpressoide_10.3.0_2200/ide/plugins/com.nxp.mcuxpresso.tools.win32_10.3.0.201811011841/tools/bin/../lib/gcc/arm-none-eabi/7.3.1/../../../../arm-none-eabi/lib/thumb/v6-m\libcr_newlib_nohost.a(getpid.o)
                                0x5af (size before relaxing)
 .debug_str     0x000065a3       0x14 c:/nxp/mcuxpressoide_10.3.0_2200/ide/plugins/com.nxp.mcuxpresso.tools.win32_10.3.0.201811011841/tools/bin/../lib/gcc/arm-none-eabi/7.3.1/../../../../arm-none-eabi/lib/thumb/v6-m\libcr_newlib_nohost.a(kill.o)
                                0x5ab (size before relaxing)

.comment        0x00000000       0x7f
 .comment       0x00000000       0x7f ./utilities/fsl_debug_console.o
                                 0x80 (size before relaxing)
 .comment       0x0000007f       0x80 ./startup/startup_mkl25z4.o
 .comment       0x0000007f       0x80 ./source/pit_timer/pittimer.o
 .comment       0x0000007f       0x80 ./source/ele_protocol/EleComunicate.o
 .comment       0x0000007f       0x80 ./source/UART/L_BUFER.o
 .comment       0x0000007f       0x80 ./source/MKL25Z128xxx4_Project.o
 .comment       0x0000007f       0x80 ./source/mtb.o
 .comment       0x0000007f       0x80 ./source/semihost_hardfault.o
 .comment       0x0000007f       0x80 ./drivers/fsl_clock.o
 .comment       0x0000007f       0x80 ./drivers/fsl_dma.o
 .comment       0x0000007f       0x80 ./drivers/fsl_i2c.o
 .comment       0x0000007f       0x80 ./drivers/fsl_lpsci.o
 .comment       0x0000007f       0x80 ./drivers/fsl_pit.o
 .comment       0x0000007f       0x80 ./drivers/fsl_spi.o
 .comment       0x0000007f       0x80 ./drivers/fsl_uart.o
 .comment       0x0000007f       0x80 ./board/board.o
 .comment       0x0000007f       0x80 ./board/clock_config.o
 .comment       0x0000007f       0x80 ./board/peripherals.o
 .comment       0x0000007f       0x80 ./board/pin_mux.o
 .comment       0x0000007f       0x80 ./CMSIS/system_MKL25Z4.o
 .comment       0x0000007f       0x80 c:/nxp/mcuxpressoide_10.3.0_2200/ide/plugins/com.nxp.mcuxpresso.tools.win32_10.3.0.201811011841/tools/bin/../lib/gcc/arm-none-eabi/7.3.1/../../../../arm-none-eabi/lib/thumb/v6-m\libcr_newlib_nohost.a(_exit.o)
 .comment       0x0000007f       0x80 c:/nxp/mcuxpressoide_10.3.0_2200/ide/plugins/com.nxp.mcuxpresso.tools.win32_10.3.0.201811011841/tools/bin/../lib/gcc/arm-none-eabi/7.3.1/../../../../arm-none-eabi/lib/thumb/v6-m\libcr_newlib_nohost.a(getpid.o)
 .comment       0x0000007f       0x80 c:/nxp/mcuxpressoide_10.3.0_2200/ide/plugins/com.nxp.mcuxpresso.tools.win32_10.3.0.201811011841/tools/bin/../lib/gcc/arm-none-eabi/7.3.1/../../../../arm-none-eabi/lib/thumb/v6-m\libcr_newlib_nohost.a(kill.o)

.ARM.attributes
                0x00000000       0x30
 .ARM.attributes
                0x00000000       0x32 ./utilities/fsl_debug_console.o
 .ARM.attributes
                0x00000032       0x32 ./startup/startup_mkl25z4.o
 .ARM.attributes
                0x00000064       0x32 ./source/pit_timer/pittimer.o
 .ARM.attributes
                0x00000096       0x32 ./source/ele_protocol/EleComunicate.o
 .ARM.attributes
                0x000000c8       0x32 ./source/UART/L_BUFER.o
 .ARM.attributes
                0x000000fa       0x32 ./source/MKL25Z128xxx4_Project.o
 .ARM.attributes
                0x0000012c       0x32 ./source/mtb.o
 .ARM.attributes
                0x0000015e       0x32 ./source/semihost_hardfault.o
 .ARM.attributes
                0x00000190       0x32 ./drivers/fsl_clock.o
 .ARM.attributes
                0x000001c2       0x32 ./drivers/fsl_dma.o
 .ARM.attributes
                0x000001f4       0x32 ./drivers/fsl_i2c.o
 .ARM.attributes
                0x00000226       0x32 ./drivers/fsl_lpsci.o
 .ARM.attributes
                0x00000258       0x32 ./drivers/fsl_pit.o
 .ARM.attributes
                0x0000028a       0x32 ./drivers/fsl_spi.o
 .ARM.attributes
                0x000002bc       0x32 ./drivers/fsl_uart.o
 .ARM.attributes
                0x000002ee       0x32 ./board/board.o
 .ARM.attributes
                0x00000320       0x32 ./board/clock_config.o
 .ARM.attributes
                0x00000352       0x32 ./board/peripherals.o
 .ARM.attributes
                0x00000384       0x32 ./board/pin_mux.o
 .ARM.attributes
                0x000003b6       0x32 ./CMSIS/system_MKL25Z4.o
 .ARM.attributes
                0x000003e8       0x1e c:/nxp/mcuxpressoide_10.3.0_2200/ide/plugins/com.nxp.mcuxpresso.tools.win32_10.3.0.201811011841/tools/bin/../lib/gcc/arm-none-eabi/7.3.1/thumb/v6-m\libgcc.a(_thumb1_case_uqi.o)
 .ARM.attributes
                0x00000406       0x1e c:/nxp/mcuxpressoide_10.3.0_2200/ide/plugins/com.nxp.mcuxpresso.tools.win32_10.3.0.201811011841/tools/bin/../lib/gcc/arm-none-eabi/7.3.1/thumb/v6-m\libgcc.a(_udivsi3.o)
 .ARM.attributes
                0x00000424       0x1e c:/nxp/mcuxpressoide_10.3.0_2200/ide/plugins/com.nxp.mcuxpresso.tools.win32_10.3.0.201811011841/tools/bin/../lib/gcc/arm-none-eabi/7.3.1/thumb/v6-m\libgcc.a(_dvmd_tls.o)
 .ARM.attributes
                0x00000442       0x1e c:/nxp/mcuxpressoide_10.3.0_2200/ide/plugins/com.nxp.mcuxpresso.tools.win32_10.3.0.201811011841/tools/bin/../lib/gcc/arm-none-eabi/7.3.1/thumb/v6-m\libgcc.a(_arm_cmpdf2.o)
 .ARM.attributes
                0x00000460       0x1e c:/nxp/mcuxpressoide_10.3.0_2200/ide/plugins/com.nxp.mcuxpresso.tools.win32_10.3.0.201811011841/tools/bin/../lib/gcc/arm-none-eabi/7.3.1/thumb/v6-m\libgcc.a(_aeabi_uldivmod.o)
 .ARM.attributes
                0x0000047e       0x2c c:/nxp/mcuxpressoide_10.3.0_2200/ide/plugins/com.nxp.mcuxpresso.tools.win32_10.3.0.201811011841/tools/bin/../lib/gcc/arm-none-eabi/7.3.1/thumb/v6-m\libgcc.a(_muldi3.o)
 .ARM.attributes
                0x000004aa       0x2c c:/nxp/mcuxpressoide_10.3.0_2200/ide/plugins/com.nxp.mcuxpresso.tools.win32_10.3.0.201811011841/tools/bin/../lib/gcc/arm-none-eabi/7.3.1/thumb/v6-m\libgcc.a(_udivmoddi4.o)
 .ARM.attributes
                0x000004d6       0x2c c:/nxp/mcuxpressoide_10.3.0_2200/ide/plugins/com.nxp.mcuxpresso.tools.win32_10.3.0.201811011841/tools/bin/../lib/gcc/arm-none-eabi/7.3.1/thumb/v6-m\libgcc.a(eqdf2.o)
 .ARM.attributes
                0x00000502       0x2c c:/nxp/mcuxpressoide_10.3.0_2200/ide/plugins/com.nxp.mcuxpresso.tools.win32_10.3.0.201811011841/tools/bin/../lib/gcc/arm-none-eabi/7.3.1/thumb/v6-m\libgcc.a(gedf2.o)
 .ARM.attributes
                0x0000052e       0x2c c:/nxp/mcuxpressoide_10.3.0_2200/ide/plugins/com.nxp.mcuxpresso.tools.win32_10.3.0.201811011841/tools/bin/../lib/gcc/arm-none-eabi/7.3.1/thumb/v6-m\libgcc.a(ledf2.o)
 .ARM.attributes
                0x0000055a       0x2c c:/nxp/mcuxpressoide_10.3.0_2200/ide/plugins/com.nxp.mcuxpresso.tools.win32_10.3.0.201811011841/tools/bin/../lib/gcc/arm-none-eabi/7.3.1/thumb/v6-m\libgcc.a(unwind-arm.o)
 .ARM.attributes
                0x00000586       0x1e c:/nxp/mcuxpressoide_10.3.0_2200/ide/plugins/com.nxp.mcuxpresso.tools.win32_10.3.0.201811011841/tools/bin/../lib/gcc/arm-none-eabi/7.3.1/thumb/v6-m\libgcc.a(libunwind.o)
 .ARM.attributes
                0x000005a4       0x2c c:/nxp/mcuxpressoide_10.3.0_2200/ide/plugins/com.nxp.mcuxpresso.tools.win32_10.3.0.201811011841/tools/bin/../lib/gcc/arm-none-eabi/7.3.1/thumb/v6-m\libgcc.a(pr-support.o)
 .ARM.attributes
                0x000005d0       0x1e c:/nxp/mcuxpressoide_10.3.0_2200/ide/plugins/com.nxp.mcuxpresso.tools.win32_10.3.0.201811011841/tools/bin/../lib/gcc/arm-none-eabi/7.3.1/thumb/v6-m\libgcc.a(_clzdi2.o)
 .ARM.attributes
                0x000005ee       0x1e c:/nxp/mcuxpressoide_10.3.0_2200/ide/plugins/com.nxp.mcuxpresso.tools.win32_10.3.0.201811011841/tools/bin/../lib/gcc/arm-none-eabi/7.3.1/thumb/v6-m\libgcc.a(_clzsi2.o)
 .ARM.attributes
                0x0000060c       0x2c c:/nxp/mcuxpressoide_10.3.0_2200/ide/plugins/com.nxp.mcuxpresso.tools.win32_10.3.0.201811011841/tools/bin/../lib/gcc/arm-none-eabi/7.3.1/../../../../arm-none-eabi/lib/thumb/v6-m\libc_nano.a(lib_a-abort.o)
 .ARM.attributes
                0x00000638       0x2c c:/nxp/mcuxpressoide_10.3.0_2200/ide/plugins/com.nxp.mcuxpresso.tools.win32_10.3.0.201811011841/tools/bin/../lib/gcc/arm-none-eabi/7.3.1/../../../../arm-none-eabi/lib/thumb/v6-m\libc_nano.a(lib_a-aeabi_atexit.o)
 .ARM.attributes
                0x00000664       0x2c c:/nxp/mcuxpressoide_10.3.0_2200/ide/plugins/com.nxp.mcuxpresso.tools.win32_10.3.0.201811011841/tools/bin/../lib/gcc/arm-none-eabi/7.3.1/../../../../arm-none-eabi/lib/thumb/v6-m\libc_nano.a(lib_a-cxa_atexit.o)
 .ARM.attributes
                0x00000690       0x2c c:/nxp/mcuxpressoide_10.3.0_2200/ide/plugins/com.nxp.mcuxpresso.tools.win32_10.3.0.201811011841/tools/bin/../lib/gcc/arm-none-eabi/7.3.1/../../../../arm-none-eabi/lib/thumb/v6-m\libc_nano.a(lib_a-init.o)
 .ARM.attributes
                0x000006bc       0x2c c:/nxp/mcuxpressoide_10.3.0_2200/ide/plugins/com.nxp.mcuxpresso.tools.win32_10.3.0.201811011841/tools/bin/../lib/gcc/arm-none-eabi/7.3.1/../../../../arm-none-eabi/lib/thumb/v6-m\libc_nano.a(lib_a-memcpy-stub.o)
 .ARM.attributes
                0x000006e8       0x2c c:/nxp/mcuxpressoide_10.3.0_2200/ide/plugins/com.nxp.mcuxpresso.tools.win32_10.3.0.201811011841/tools/bin/../lib/gcc/arm-none-eabi/7.3.1/../../../../arm-none-eabi/lib/thumb/v6-m\libc_nano.a(lib_a-memset.o)
 .ARM.attributes
                0x00000714       0x2c c:/nxp/mcuxpressoide_10.3.0_2200/ide/plugins/com.nxp.mcuxpresso.tools.win32_10.3.0.201811011841/tools/bin/../lib/gcc/arm-none-eabi/7.3.1/../../../../arm-none-eabi/lib/thumb/v6-m\libc_nano.a(lib_a-signal.o)
 .ARM.attributes
                0x00000740       0x2c c:/nxp/mcuxpressoide_10.3.0_2200/ide/plugins/com.nxp.mcuxpresso.tools.win32_10.3.0.201811011841/tools/bin/../lib/gcc/arm-none-eabi/7.3.1/../../../../arm-none-eabi/lib/thumb/v6-m\libc_nano.a(lib_a-signalr.o)
 .ARM.attributes
                0x0000076c       0x1c c:/nxp/mcuxpressoide_10.3.0_2200/ide/plugins/com.nxp.mcuxpresso.tools.win32_10.3.0.201811011841/tools/bin/../lib/gcc/arm-none-eabi/7.3.1/../../../../arm-none-eabi/lib/thumb/v6-m\libc_nano.a(lib_a-strlen.o)
 .ARM.attributes
                0x00000788       0x2c c:/nxp/mcuxpressoide_10.3.0_2200/ide/plugins/com.nxp.mcuxpresso.tools.win32_10.3.0.201811011841/tools/bin/../lib/gcc/arm-none-eabi/7.3.1/../../../../arm-none-eabi/lib/thumb/v6-m\libc_nano.a(lib_a-impure.o)
 .ARM.attributes
                0x000007b4       0x2c c:/nxp/mcuxpressoide_10.3.0_2200/ide/plugins/com.nxp.mcuxpresso.tools.win32_10.3.0.201811011841/tools/bin/../lib/gcc/arm-none-eabi/7.3.1/../../../../arm-none-eabi/lib/thumb/v6-m\libc_nano.a(lib_a-nano-mallocr.o)
 .ARM.attributes
                0x000007e0       0x2c c:/nxp/mcuxpressoide_10.3.0_2200/ide/plugins/com.nxp.mcuxpresso.tools.win32_10.3.0.201811011841/tools/bin/../lib/gcc/arm-none-eabi/7.3.1/../../../../arm-none-eabi/lib/thumb/v6-m\libc_nano.a(lib_a-reent.o)
 .ARM.attributes
                0x0000080c       0x2c c:/nxp/mcuxpressoide_10.3.0_2200/ide/plugins/com.nxp.mcuxpresso.tools.win32_10.3.0.201811011841/tools/bin/../lib/gcc/arm-none-eabi/7.3.1/../../../../arm-none-eabi/lib/thumb/v6-m\libc_nano.a(lib_a-mlock.o)
 .ARM.attributes
                0x00000838       0x2c c:/nxp/mcuxpressoide_10.3.0_2200/ide/plugins/com.nxp.mcuxpresso.tools.win32_10.3.0.201811011841/tools/bin/../lib/gcc/arm-none-eabi/7.3.1/../../../../arm-none-eabi/lib/thumb/v6-m\libc_nano.a(lib_a-nano-freer.o)
 .ARM.attributes
                0x00000864       0x2c c:/nxp/mcuxpressoide_10.3.0_2200/ide/plugins/com.nxp.mcuxpresso.tools.win32_10.3.0.201811011841/tools/bin/../lib/gcc/arm-none-eabi/7.3.1/../../../../arm-none-eabi/lib/thumb/v6-m\libstdc++_nano.a(eh_call.o)
 .ARM.attributes
                0x00000890       0x2c c:/nxp/mcuxpressoide_10.3.0_2200/ide/plugins/com.nxp.mcuxpresso.tools.win32_10.3.0.201811011841/tools/bin/../lib/gcc/arm-none-eabi/7.3.1/../../../../arm-none-eabi/lib/thumb/v6-m\libstdc++_nano.a(eh_catch.o)
 .ARM.attributes